This is pdfTeX, Version 3.141592653-2.6-1.40.28 (MiKTeX 25.12) (preloaded format=pdflatex 2026.5.20)  26 MAY 2026 11:24
entering extended mode
 restricted \write18 enabled.
 %&-line parsing enabled.
**./report2.tex
(report2.tex
LaTeX2e <2025-11-01>
L3 programming layer <2025-12-24>
(C:\Users\adm\AppData\Local\Programs\MiKTeX\tex/latex/base\article.cls
Document Class: article 2025/01/22 v1.4n Standard LaTeX document class
(C:\Users\adm\AppData\Local\Programs\MiKTeX\tex/latex/base\size12.clo
File: size12.clo 2025/01/22 v1.4n Standard LaTeX file (size option)
)
\c@part=\count275
\c@section=\count276
\c@subsection=\count277
\c@subsubsection=\count278
\c@paragraph=\count279
\c@subparagraph=\count280
\c@figure=\count281
\c@table=\count282
\abovecaptionskip=\skip49
\belowcaptionskip=\skip50
\bibindent=\dimen148
)
(C:\Users\adm\AppData\Local\Programs\MiKTeX\tex/latex/ctex\ctex.sty
(C:\Users\adm\AppData\Local\Programs\MiKTeX\tex/latex/l3kernel\expl3.sty
Package: expl3 2025-12-24 L3 programming layer (loader) 

(C:\Users\adm\AppData\Local\Programs\MiKTeX\tex/latex/l3backend\l3backend-pdfte
x.def
File: l3backend-pdftex.def 2025-10-09 L3 backend support: PDF output (pdfTeX)
\l__color_backend_stack_int=\count283
))
Package: ctex 2022/07/14 v2.5.10 Chinese adapter in LaTeX (CTEX)
 (C:\Users\adm\AppData\Local\Programs\MiKTeX\tex/latex/ctex\ctexhook.sty
Package: ctexhook 2022/07/14 v2.5.10 Document and package hooks (CTEX)
) (C:\Users\adm\AppData\Local\Programs\MiKTeX\tex/latex/ctex\ctexpatch.sty
Package: ctexpatch 2022/07/14 v2.5.10 Patching commands (CTEX)
)
(C:\Users\adm\AppData\Local\Programs\MiKTeX\tex/latex/base\fix-cm.sty
Package: fix-cm 2020/11/24 v1.1t fixes to LaTeX

(C:\Users\adm\AppData\Local\Programs\MiKTeX\tex/latex/base\ts1enc.def
File: ts1enc.def 2001/06/05 v3.0e (jk/car/fm) Standard LaTeX file
LaTeX Font Info:    Redeclaring font encoding TS1 on input line 47.
LaTeX Encoding Info:    Redeclaring text command \capitalcedilla (encoding TS1)
 on input line 49.
LaTeX Encoding Info:    Redeclaring text command \capitalogonek (encoding TS1) 
on input line 52.
LaTeX Encoding Info:    Redeclaring text command \capitalgrave (encoding TS1) o
n input line 55.
LaTeX Encoding Info:    Redeclaring text command \capitalacute (encoding TS1) o
n input line 56.
LaTeX Encoding Info:    Redeclaring text command \capitalcircumflex (encoding T
S1) on input line 57.
LaTeX Encoding Info:    Redeclaring text command \capitaltilde (encoding TS1) o
n input line 58.
LaTeX Encoding Info:    Redeclaring text command \capitaldieresis (encoding TS1
) on input line 59.
LaTeX Encoding Info:    Redeclaring text command \capitalhungarumlaut (encoding
 TS1) on input line 60.
LaTeX Encoding Info:    Redeclaring text command \capitalring (encoding TS1) on
 input line 61.
LaTeX Encoding Info:    Redeclaring text command \capitalcaron (encoding TS1) o
n input line 62.
LaTeX Encoding Info:    Redeclaring text command \capitalbreve (encoding TS1) o
n input line 63.
LaTeX Encoding Info:    Redeclaring text command \capitalmacron (encoding TS1) 
on input line 64.
LaTeX Encoding Info:    Redeclaring text command \capitaldotaccent (encoding TS
1) on input line 65.
LaTeX Encoding Info:    Redeclaring text command \t (encoding TS1) on input lin
e 66.
LaTeX Encoding Info:    Redeclaring text command \capitaltie (encoding TS1) on 
input line 67.
LaTeX Encoding Info:    Redeclaring text command \newtie (encoding TS1) on inpu
t line 68.
LaTeX Encoding Info:    Redeclaring text command \capitalnewtie (encoding TS1) 
on input line 69.
LaTeX Encoding Info:    Redeclaring text symbol \textcapitalcompwordmark (encod
ing TS1) on input line 70.
LaTeX Encoding Info:    Redeclaring text symbol \textascendercompwordmark (enco
ding TS1) on input line 71.
LaTeX Encoding Info:    Redeclaring text symbol \textquotestraightbase (encodin
g TS1) on input line 72.
LaTeX Encoding Info:    Redeclaring text symbol \textquotestraightdblbase (enco
ding TS1) on input line 73.
LaTeX Encoding Info:    Redeclaring text symbol \texttwelveudash (encoding TS1)
 on input line 74.
LaTeX Encoding Info:    Redeclaring text symbol \textthreequartersemdash (encod
ing TS1) on input line 75.
LaTeX Encoding Info:    Redeclaring text symbol \textleftarrow (encoding TS1) o
n input line 76.
LaTeX Encoding Info:    Redeclaring text symbol \textrightarrow (encoding TS1) 
on input line 77.
LaTeX Encoding Info:    Redeclaring text symbol \textblank (encoding TS1) on in
put line 78.
LaTeX Encoding Info:    Redeclaring text symbol \textdollar (encoding TS1) on i
nput line 79.
LaTeX Encoding Info:    Redeclaring text symbol \textquotesingle (encoding TS1)
 on input line 80.
LaTeX Encoding Info:    Redeclaring text command \textasteriskcentered (encodin
g TS1) on input line 81.
LaTeX Encoding Info:    Redeclaring text symbol \textdblhyphen (encoding TS1) o
n input line 92.
LaTeX Encoding Info:    Redeclaring text symbol \textfractionsolidus (encoding 
TS1) on input line 93.
LaTeX Encoding Info:    Redeclaring text symbol \textzerooldstyle (encoding TS1
) on input line 94.
LaTeX Encoding Info:    Redeclaring text symbol \textoneoldstyle (encoding TS1)
 on input line 95.
LaTeX Encoding Info:    Redeclaring text symbol \texttwooldstyle (encoding TS1)
 on input line 96.
LaTeX Encoding Info:    Redeclaring text symbol \textthreeoldstyle (encoding TS
1) on input line 97.
LaTeX Encoding Info:    Redeclaring text symbol \textfouroldstyle (encoding TS1
) on input line 98.
LaTeX Encoding Info:    Redeclaring text symbol \textfiveoldstyle (encoding TS1
) on input line 99.
LaTeX Encoding Info:    Redeclaring text symbol \textsixoldstyle (encoding TS1)
 on input line 100.
LaTeX Encoding Info:    Redeclaring text symbol \textsevenoldstyle (encoding TS
1) on input line 101.
LaTeX Encoding Info:    Redeclaring text symbol \texteightoldstyle (encoding TS
1) on input line 102.
LaTeX Encoding Info:    Redeclaring text symbol \textnineoldstyle (encoding TS1
) on input line 103.
LaTeX Encoding Info:    Redeclaring text symbol \textlangle (encoding TS1) on i
nput line 104.
LaTeX Encoding Info:    Redeclaring text symbol \textminus (encoding TS1) on in
put line 105.
LaTeX Encoding Info:    Redeclaring text symbol \textrangle (encoding TS1) on i
nput line 106.
LaTeX Encoding Info:    Redeclaring text symbol \textmho (encoding TS1) on inpu
t line 107.
LaTeX Encoding Info:    Redeclaring text symbol \textbigcircle (encoding TS1) o
n input line 108.
LaTeX Encoding Info:    Redeclaring text command \textcircled (encoding TS1) on
 input line 109.
LaTeX Encoding Info:    Redeclaring text symbol \textohm (encoding TS1) on inpu
t line 115.
LaTeX Encoding Info:    Redeclaring text symbol \textlbrackdbl (encoding TS1) o
n input line 116.
LaTeX Encoding Info:    Redeclaring text symbol \textrbrackdbl (encoding TS1) o
n input line 117.
LaTeX Encoding Info:    Redeclaring text symbol \textuparrow (encoding TS1) on 
input line 118.
LaTeX Encoding Info:    Redeclaring text symbol \textdownarrow (encoding TS1) o
n input line 119.
LaTeX Encoding Info:    Redeclaring text symbol \textasciigrave (encoding TS1) 
on input line 120.
LaTeX Encoding Info:    Redeclaring text symbol \textborn (encoding TS1) on inp
ut line 121.
LaTeX Encoding Info:    Redeclaring text symbol \textdivorced (encoding TS1) on
 input line 122.
LaTeX Encoding Info:    Redeclaring text symbol \textdied (encoding TS1) on inp
ut line 123.
LaTeX Encoding Info:    Redeclaring text symbol \textleaf (encoding TS1) on inp
ut line 124.
LaTeX Encoding Info:    Redeclaring text symbol \textmarried (encoding TS1) on 
input line 125.
LaTeX Encoding Info:    Redeclaring text symbol \textmusicalnote (encoding TS1)
 on input line 126.
LaTeX Encoding Info:    Redeclaring text symbol \texttildelow (encoding TS1) on
 input line 127.
LaTeX Encoding Info:    Redeclaring text symbol \textdblhyphenchar (encoding TS
1) on input line 128.
LaTeX Encoding Info:    Redeclaring text symbol \textasciibreve (encoding TS1) 
on input line 129.
LaTeX Encoding Info:    Redeclaring text symbol \textasciicaron (encoding TS1) 
on input line 130.
LaTeX Encoding Info:    Redeclaring text symbol \textacutedbl (encoding TS1) on
 input line 131.
LaTeX Encoding Info:    Redeclaring text symbol \textgravedbl (encoding TS1) on
 input line 132.
LaTeX Encoding Info:    Redeclaring text symbol \textdagger (encoding TS1) on i
nput line 133.
LaTeX Encoding Info:    Redeclaring text symbol \textdaggerdbl (encoding TS1) o
n input line 134.
LaTeX Encoding Info:    Redeclaring text symbol \textbardbl (encoding TS1) on i
nput line 135.
LaTeX Encoding Info:    Redeclaring text symbol \textperthousand (encoding TS1)
 on input line 136.
LaTeX Encoding Info:    Redeclaring text symbol \textbullet (encoding TS1) on i
nput line 137.
LaTeX Encoding Info:    Redeclaring text symbol \textcelsius (encoding TS1) on 
input line 138.
LaTeX Encoding Info:    Redeclaring text symbol \textdollaroldstyle (encoding T
S1) on input line 139.
LaTeX Encoding Info:    Redeclaring text symbol \textcentoldstyle (encoding TS1
) on input line 140.
LaTeX Encoding Info:    Redeclaring text symbol \textflorin (encoding TS1) on i
nput line 141.
LaTeX Encoding Info:    Redeclaring text symbol \textcolonmonetary (encoding TS
1) on input line 142.
LaTeX Encoding Info:    Redeclaring text symbol \textwon (encoding TS1) on inpu
t line 143.
LaTeX Encoding Info:    Redeclaring text symbol \textnaira (encoding TS1) on in
put line 144.
LaTeX Encoding Info:    Redeclaring text symbol \textguarani (encoding TS1) on 
input line 145.
LaTeX Encoding Info:    Redeclaring text symbol \textpeso (encoding TS1) on inp
ut line 146.
LaTeX Encoding Info:    Redeclaring text symbol \textlira (encoding TS1) on inp
ut line 147.
LaTeX Encoding Info:    Redeclaring text symbol \textrecipe (encoding TS1) on i
nput line 148.
LaTeX Encoding Info:    Redeclaring text symbol \textinterrobang (encoding TS1)
 on input line 149.
LaTeX Encoding Info:    Redeclaring text symbol \textinterrobangdown (encoding 
TS1) on input line 150.
LaTeX Encoding Info:    Redeclaring text symbol \textdong (encoding TS1) on inp
ut line 151.
LaTeX Encoding Info:    Redeclaring text symbol \texttrademark (encoding TS1) o
n input line 152.
LaTeX Encoding Info:    Redeclaring text symbol \textpertenthousand (encoding T
S1) on input line 153.
LaTeX Encoding Info:    Redeclaring text symbol \textpilcrow (encoding TS1) on 
input line 154.
LaTeX Encoding Info:    Redeclaring text symbol \textbaht (encoding TS1) on inp
ut line 155.
LaTeX Encoding Info:    Redeclaring text symbol \textnumero (encoding TS1) on i
nput line 156.
LaTeX Encoding Info:    Redeclaring text symbol \textdiscount (encoding TS1) on
 input line 157.
LaTeX Encoding Info:    Redeclaring text symbol \textestimated (encoding TS1) o
n input line 158.
LaTeX Encoding Info:    Redeclaring text symbol \textopenbullet (encoding TS1) 
on input line 159.
LaTeX Encoding Info:    Redeclaring text symbol \textservicemark (encoding TS1)
 on input line 160.
LaTeX Encoding Info:    Redeclaring text symbol \textlquill (encoding TS1) on i
nput line 161.
LaTeX Encoding Info:    Redeclaring text symbol \textrquill (encoding TS1) on i
nput line 162.
LaTeX Encoding Info:    Redeclaring text symbol \textcent (encoding TS1) on inp
ut line 163.
LaTeX Encoding Info:    Redeclaring text symbol \textsterling (encoding TS1) on
 input line 164.
LaTeX Encoding Info:    Redeclaring text symbol \textcurrency (encoding TS1) on
 input line 165.
LaTeX Encoding Info:    Redeclaring text symbol \textyen (encoding TS1) on inpu
t line 166.
LaTeX Encoding Info:    Redeclaring text symbol \textbrokenbar (encoding TS1) o
n input line 167.
LaTeX Encoding Info:    Redeclaring text symbol \textsection (encoding TS1) on 
input line 168.
LaTeX Encoding Info:    Redeclaring text symbol \textasciidieresis (encoding TS
1) on input line 169.
LaTeX Encoding Info:    Redeclaring text symbol \textcopyright (encoding TS1) o
n input line 170.
LaTeX Encoding Info:    Redeclaring text symbol \textordfeminine (encoding TS1)
 on input line 171.
LaTeX Encoding Info:    Redeclaring text symbol \textcopyleft (encoding TS1) on
 input line 172.
LaTeX Encoding Info:    Redeclaring text symbol \textlnot (encoding TS1) on inp
ut line 173.
LaTeX Encoding Info:    Redeclaring text symbol \textcircledP (encoding TS1) on
 input line 174.
LaTeX Encoding Info:    Redeclaring text symbol \textregistered (encoding TS1) 
on input line 175.
LaTeX Encoding Info:    Redeclaring text symbol \textasciimacron (encoding TS1)
 on input line 176.
LaTeX Encoding Info:    Redeclaring text symbol \textdegree (encoding TS1) on i
nput line 177.
LaTeX Encoding Info:    Redeclaring text symbol \textpm (encoding TS1) on input
 line 178.
LaTeX Encoding Info:    Redeclaring text symbol \texttwosuperior (encoding TS1)
 on input line 179.
LaTeX Encoding Info:    Redeclaring text symbol \textthreesuperior (encoding TS
1) on input line 180.
LaTeX Encoding Info:    Redeclaring text symbol \textasciiacute (encoding TS1) 
on input line 181.
LaTeX Encoding Info:    Redeclaring text symbol \textmu (encoding TS1) on input
 line 182.
LaTeX Encoding Info:    Redeclaring text symbol \textparagraph (encoding TS1) o
n input line 183.
LaTeX Encoding Info:    Redeclaring text symbol \textperiodcentered (encoding T
S1) on input line 184.
LaTeX Encoding Info:    Redeclaring text symbol \textreferencemark (encoding TS
1) on input line 185.
LaTeX Encoding Info:    Redeclaring text symbol \textonesuperior (encoding TS1)
 on input line 186.
LaTeX Encoding Info:    Redeclaring text symbol \textordmasculine (encoding TS1
) on input line 187.
LaTeX Encoding Info:    Redeclaring text symbol \textsurd (encoding TS1) on inp
ut line 188.
LaTeX Encoding Info:    Redeclaring text symbol \textonequarter (encoding TS1) 
on input line 189.
LaTeX Encoding Info:    Redeclaring text symbol \textonehalf (encoding TS1) on 
input line 190.
LaTeX Encoding Info:    Redeclaring text symbol \textthreequarters (encoding TS
1) on input line 191.
LaTeX Encoding Info:    Redeclaring text symbol \texteuro (encoding TS1) on inp
ut line 192.
LaTeX Encoding Info:    Redeclaring text symbol \texttimes (encoding TS1) on in
put line 193.
LaTeX Encoding Info:    Redeclaring text symbol \textdiv (encoding TS1) on inpu
t line 194.
))
\l__ctex_tmp_int=\count284
\l__ctex_tmp_box=\box53
\l__ctex_tmp_dim=\dimen149
\g__ctex_section_depth_int=\count285
\g__ctex_font_size_int=\count286

(C:\Users\adm\AppData\Local\Programs\MiKTeX\tex/latex/ctex/config\ctexopts.cfg
File: ctexopts.cfg 2022/07/14 v2.5.10 Option configuration file (CTEX)
)

Package ctex Warning: UTF8 will be used as the default encoding.


(C:\Users\adm\AppData\Local\Programs\MiKTeX\tex/latex/ctex/engine\ctex-engine-p
dftex.def
File: ctex-engine-pdftex.def 2022/07/14 v2.5.10 (pdf)LaTeX adapter (CTEX)
 (C:\Users\adm\AppData\Local\Programs\MiKTeX\tex/latex/cjk\CJKutf8.sty
Package: CJKutf8 2021/10/16 4.8.5
(C:\Users\adm\AppData\Local\Programs\MiKTeX\tex/generic/iftex\ifpdf.sty
Package: ifpdf 2019/10/25 v3.4 ifpdf legacy package. Use iftex instead.

(C:\Users\adm\AppData\Local\Programs\MiKTeX\tex/generic/iftex\iftex.sty
Package: iftex 2024/12/12 v1.0g TeX engine tests
))
(C:\Users\adm\AppData\Local\Programs\MiKTeX\tex/latex/base\inputenc.sty
Package: inputenc 2024/02/08 v1.3d Input encoding file
\inpenc@prehook=\toks17
\inpenc@posthook=\toks18
)
(C:\Users\adm\AppData\Local\Programs\MiKTeX\tex/latex/cjk\CJK.sty
Package: CJK 2021/10/16 4.8.5

(C:\Users\adm\AppData\Local\Programs\MiKTeX\tex/latex/cjk/mule\MULEenc.sty
Package: MULEenc 2021/10/16 4.8.5
)
(C:\Users\adm\AppData\Local\Programs\MiKTeX\tex/latex/cjk\CJK.enc
File: CJK.enc 2021/10/16 4.8.5
Now handling font encoding C00 ...
... no UTF-8 mapping file for font encoding C00
Now handling font encoding C05 ...
... no UTF-8 mapping file for font encoding C05
Now handling font encoding C09 ...
... no UTF-8 mapping file for font encoding C09
Now handling font encoding C10 ...
... no UTF-8 mapping file for font encoding C10
Now handling font encoding C20 ...
... no UTF-8 mapping file for font encoding C20
Now handling font encoding C19 ...
... no UTF-8 mapping file for font encoding C19
Now handling font encoding C40 ...
... no UTF-8 mapping file for font encoding C40
Now handling font encoding C42 ...
... no UTF-8 mapping file for font encoding C42
Now handling font encoding C43 ...
... no UTF-8 mapping file for font encoding C43
Now handling font encoding C50 ...
... no UTF-8 mapping file for font encoding C50
Now handling font encoding C52 ...
... no UTF-8 mapping file for font encoding C52
Now handling font encoding C49 ...
... no UTF-8 mapping file for font encoding C49
Now handling font encoding C60 ...
... no UTF-8 mapping file for font encoding C60
Now handling font encoding C61 ...
... no UTF-8 mapping file for font encoding C61
Now handling font encoding C63 ...
... no UTF-8 mapping file for font encoding C63
Now handling font encoding C64 ...
... no UTF-8 mapping file for font encoding C64
Now handling font encoding C65 ...
... no UTF-8 mapping file for font encoding C65
Now handling font encoding C70 ...
... no UTF-8 mapping file for font encoding C70
Now handling font encoding C31 ...
... no UTF-8 mapping file for font encoding C31
Now handling font encoding C32 ...
... no UTF-8 mapping file for font encoding C32
Now handling font encoding C33 ...
... no UTF-8 mapping file for font encoding C33
Now handling font encoding C34 ...
... no UTF-8 mapping file for font encoding C34
Now handling font encoding C35 ...
... no UTF-8 mapping file for font encoding C35
Now handling font encoding C36 ...
... no UTF-8 mapping file for font encoding C36
Now handling font encoding C37 ...
... no UTF-8 mapping file for font encoding C37
Now handling font encoding C80 ...
... no UTF-8 mapping file for font encoding C80
Now handling font encoding C81 ...
... no UTF-8 mapping file for font encoding C81
Now handling font encoding C01 ...
... no UTF-8 mapping file for font encoding C01
Now handling font encoding C11 ...
... no UTF-8 mapping file for font encoding C11
Now handling font encoding C21 ...
... no UTF-8 mapping file for font encoding C21
Now handling font encoding C41 ...
... no UTF-8 mapping file for font encoding C41
Now handling font encoding C62 ...
... no UTF-8 mapping file for font encoding C62
)
\CJK@indent=\box54
)
(C:\Users\adm\AppData\Local\Programs\MiKTeX\tex/latex/base\fontenc.sty
Package: fontenc 2025/07/18 v2.1d Standard LaTeX package
))
(C:\Users\adm\AppData\Local\Programs\MiKTeX\tex/latex/cjkpunct\CJKpunct.sty
Package: CJKpunct 2016/05/14 4.8.4
\CJKpunct@cnta=\count287
\CJKpunct@cntb=\count288
\CJKpunct@cntc=\count289
\CJKpunct@cntd=\count290
\CJKpunct@cnte=\count291
   defining Unicode char U+2018 (decimal 8216)
   defining Unicode char U+2019 (decimal 8217)
   defining Unicode char U+201C (decimal 8220)
   defining Unicode char U+201D (decimal 8221)
   defining Unicode char U+2014 (decimal 8212)
   defining Unicode char U+2026 (decimal 8230)

(C:\Users\adm\AppData\Local\Programs\MiKTeX\tex/latex/cjkpunct\CJKpunct.spa))
(C:\Users\adm\AppData\Local\Programs\MiKTeX\tex/latex/cjk\CJKspace.sty
Package: CJKspace 2021/10/16 3.8.0
)
(C:\Users\adm\AppData\Local\Programs\MiKTeX\tex/latex/cjk/UTF8\UTF8.bdg
File: UTF8.bdg 2021/10/16 4.8.5
)
(C:\Users\adm\AppData\Local\Programs\MiKTeX\tex/latex/ctex\ctexspa.def
File: ctexspa.def 2022/07/14 v2.5.10 Space info for CJKpunct (CTEX)
)
\ccwd=\dimen150
\l__ctex_ccglue_skip=\skip51
)
\l__ctex_ziju_dim=\dimen151

(C:\Users\adm\AppData\Local\Programs\MiKTeX\tex/latex/zhnumber\zhnumber.sty
Package: zhnumber 2022/07/14 v3.0 Typesetting numbers with Chinese glyphs
\l__zhnum_scale_int=\count292
\l__zhnum_tmp_int=\count293

(C:\Users\adm\AppData\Local\Programs\MiKTeX\tex/latex/zhnumber\zhnumber-utf8.cf
g
File: zhnumber-utf8.cfg 2022/07/14 v3.0 Chinese numerals with UTF8 encoding
))
(C:\Users\adm\AppData\Local\Programs\MiKTeX\tex/latex/ctex/scheme\ctex-scheme-c
hinese.def
File: ctex-scheme-chinese.def 2022/07/14 v2.5.10 Chinese scheme for generic (CT
EX)

(C:\Users\adm\AppData\Local\Programs\MiKTeX\tex/latex/ctex/config\ctex-name-utf
8.cfg
File: ctex-name-utf8.cfg 2022/07/14 v2.5.10 Caption with encoding UTF-8 (CTEX)
))
(C:\Users\adm\AppData\Local\Programs\MiKTeX\tex/latex/tools\indentfirst.sty
Package: indentfirst 2023/07/02 v1.03 Indent first paragraph (DPC)
)
(C:\Users\adm\AppData\Local\Programs\MiKTeX\tex/latex/ctex/fontset\ctex-fontset
-windows.def
File: ctex-fontset-windows.def 2022/07/14 v2.5.10 Windows fonts definition (CTE
X)
))
(C:\Users\adm\AppData\Local\Programs\MiKTeX\tex/latex/ctex/config\ctex.cfg
File: ctex.cfg 2022/07/14 v2.5.10 Configuration file (CTEX)
)
(C:\Users\adm\AppData\Local\Programs\MiKTeX\tex/latex/amsmath\amsmath.sty
Package: amsmath 2025/07/09 v2.17z AMS math features
\@mathmargin=\skip52

For additional information on amsmath, use the `?' option.
(C:\Users\adm\AppData\Local\Programs\MiKTeX\tex/latex/amsmath\amstext.sty
Package: amstext 2024/11/17 v2.01 AMS text

(C:\Users\adm\AppData\Local\Programs\MiKTeX\tex/latex/amsmath\amsgen.sty
File: amsgen.sty 1999/11/30 v2.0 generic functions
\@emptytoks=\toks19
\ex@=\dimen152
))
(C:\Users\adm\AppData\Local\Programs\MiKTeX\tex/latex/amsmath\amsbsy.sty
Package: amsbsy 1999/11/29 v1.2d Bold Symbols
\pmbraise@=\dimen153
)
(C:\Users\adm\AppData\Local\Programs\MiKTeX\tex/latex/amsmath\amsopn.sty
Package: amsopn 2022/04/08 v2.04 operator names
)
\inf@bad=\count294
LaTeX Info: Redefining \frac on input line 233.
\uproot@=\count295
\leftroot@=\count296
LaTeX Info: Redefining \overline on input line 398.
LaTeX Info: Redefining \colon on input line 409.
\classnum@=\count297
\DOTSCASE@=\count298
LaTeX Info: Redefining \ldots on input line 495.
LaTeX Info: Redefining \dots on input line 498.
LaTeX Info: Redefining \cdots on input line 619.
\Mathstrutbox@=\box55
\strutbox@=\box56
LaTeX Info: Redefining \big on input line 721.
LaTeX Info: Redefining \Big on input line 722.
LaTeX Info: Redefining \bigg on input line 723.
LaTeX Info: Redefining \Bigg on input line 724.
\big@size=\dimen154
LaTeX Font Info:    Redeclaring font encoding OML on input line 742.
LaTeX Font Info:    Redeclaring font encoding OMS on input line 743.
\macc@depth=\count299
LaTeX Info: Redefining \bmod on input line 904.
LaTeX Info: Redefining \pmod on input line 909.
LaTeX Info: Redefining \smash on input line 939.
LaTeX Info: Redefining \relbar on input line 969.
LaTeX Info: Redefining \Relbar on input line 970.
\c@MaxMatrixCols=\count300
\dotsspace@=\muskip17
\c@parentequation=\count301
\dspbrk@lvl=\count302
\tag@help=\toks20
\row@=\count303
\column@=\count304
\maxfields@=\count305
\andhelp@=\toks21
\eqnshift@=\dimen155
\alignsep@=\dimen156
\tagshift@=\dimen157
\tagwidth@=\dimen158
\totwidth@=\dimen159
\lineht@=\dimen160
\@envbody=\toks22
\multlinegap=\skip53
\multlinetaggap=\skip54
\mathdisplay@stack=\toks23
LaTeX Info: Redefining \[ on input line 2950.
LaTeX Info: Redefining \] on input line 2951.
)
(C:\Users\adm\AppData\Local\Programs\MiKTeX\tex/latex/amsfonts\amsfonts.sty
Package: amsfonts 2013/01/14 v3.01 Basic AMSFonts support
\symAMSa=\mathgroup4
\symAMSb=\mathgroup5
LaTeX Font Info:    Redeclaring math symbol \hbar on input line 98.
LaTeX Font Info:    Overwriting math alphabet `\mathfrak' in version `bold'
(Font)                  U/euf/m/n --> U/euf/b/n on input line 106.
)
(C:\Users\adm\AppData\Local\Programs\MiKTeX\tex/latex/graphics\graphicx.sty
Package: graphicx 2024/12/31 v1.2e Enhanced LaTeX Graphics (DPC,SPQR)

(C:\Users\adm\AppData\Local\Programs\MiKTeX\tex/latex/graphics\keyval.sty
Package: keyval 2022/05/29 v1.15 key=value parser (DPC)
\KV@toks@=\toks24
)
(C:\Users\adm\AppData\Local\Programs\MiKTeX\tex/latex/graphics\graphics.sty
Package: graphics 2024/08/06 v1.4g Standard LaTeX Graphics (DPC,SPQR)

(C:\Users\adm\AppData\Local\Programs\MiKTeX\tex/latex/graphics\trig.sty
Package: trig 2023/12/02 v1.11 sin cos tan (DPC)
)
(C:\Users\adm\AppData\Local\Programs\MiKTeX\tex/latex/graphics-cfg\graphics.cfg
File: graphics.cfg 2016/06/04 v1.11 sample graphics configuration
)
Package graphics Info: Driver file: pdftex.def on input line 106.
 (C:\Users\adm\AppData\Local\Programs\MiKTeX\tex/latex/graphics-def\pdftex.def
File: pdftex.def 2025/09/29 v1.2d Graphics/color driver for pdftex
))
\Gin@req@height=\dimen161
\Gin@req@width=\dimen162
) (C:\Users\adm\AppData\Local\Programs\MiKTeX\tex/latex/booktabs\booktabs.sty
Package: booktabs 2020/01/12 v1.61803398 Publication quality tables
\heavyrulewidth=\dimen163
\lightrulewidth=\dimen164
\cmidrulewidth=\dimen165
\belowrulesep=\dimen166
\belowbottomsep=\dimen167
\aboverulesep=\dimen168
\abovetopsep=\dimen169
\cmidrulesep=\dimen170
\cmidrulekern=\dimen171
\defaultaddspace=\dimen172
\@cmidla=\count306
\@cmidlb=\count307
\@aboverulesep=\dimen173
\@belowrulesep=\dimen174
\@thisruleclass=\count308
\@lastruleclass=\count309
\@thisrulewidth=\dimen175
) (C:\Users\adm\AppData\Local\Programs\MiKTeX\tex/latex/xcolor\xcolor.sty
Package: xcolor 2024/09/29 v3.02 LaTeX color extensions (UK)

(C:\Users\adm\AppData\Local\Programs\MiKTeX\tex/latex/graphics-cfg\color.cfg
File: color.cfg 2016/01/02 v1.6 sample color configuration
)
Package xcolor Info: Driver file: pdftex.def on input line 274.

(C:\Users\adm\AppData\Local\Programs\MiKTeX\tex/latex/graphics\mathcolor.ltx)
Package xcolor Info: Model `cmy' substituted by `cmy0' on input line 1349.
Package xcolor Info: Model `hsb' substituted by `rgb' on input line 1353.
Package xcolor Info: Model `RGB' extended on input line 1365.
Package xcolor Info: Model `HTML' substituted by `rgb' on input line 1367.
Package xcolor Info: Model `Hsb' substituted by `hsb' on input line 1368.
Package xcolor Info: Model `tHsb' substituted by `hsb' on input line 1369.
Package xcolor Info: Model `HSB' substituted by `hsb' on input line 1370.
Package xcolor Info: Model `Gray' substituted by `gray' on input line 1371.
Package xcolor Info: Model `wave' substituted by `hsb' on input line 1372.
)
(C:\Users\adm\AppData\Local\Programs\MiKTeX\tex/latex/colortbl\colortbl.sty
Package: colortbl 2026/05/01 v1.0l Color table columns (DPC)

(C:\Users\adm\AppData\Local\Programs\MiKTeX\tex/latex/tools\array.sty
Package: array 2025/09/25 v2.6n Tabular extension package (FMi)
\col@sep=\dimen176
\ar@mcellbox=\box57
\extrarowheight=\dimen177
\NC@list=\toks25
\extratabsurround=\skip55
\backup@length=\skip56
\ar@cellbox=\box58
)
\everycr=\toks26
\minrowclearance=\skip57
\rownum=\count310
)
(C:\Users\adm\AppData\Local\Programs\MiKTeX\tex/latex/caption\caption.sty
Package: caption 2023/08/05 v3.6o Customizing captions (AR)

(C:\Users\adm\AppData\Local\Programs\MiKTeX\tex/latex/caption\caption3.sty
Package: caption3 2023/07/31 v2.4d caption3 kernel (AR)
\caption@tempdima=\dimen178
\captionmargin=\dimen179
\caption@leftmargin=\dimen180
\caption@rightmargin=\dimen181
\caption@width=\dimen182
\caption@indent=\dimen183
\caption@parindent=\dimen184
\caption@hangindent=\dimen185
Package caption Info: Standard document class detected.
)
\c@caption@flags=\count311
\c@continuedfloat=\count312
)
(C:\Users\adm\AppData\Local\Programs\MiKTeX\tex/latex/caption\subcaption.sty
Package: subcaption 2023/07/28 v1.6b Sub-captions (AR)
Package caption Info: New subtype `subfigure' on input line 238.
\c@subfigure=\count313
Package caption Info: New subtype `subtable' on input line 238.
\c@subtable=\count314
)
(C:\Users\adm\AppData\Local\Programs\MiKTeX\tex/latex/geometry\geometry.sty
Package: geometry 2026/03/07 v6.0 Page Geometry

(C:\Users\adm\AppData\Local\Programs\MiKTeX\tex/generic/iftex\ifvtex.sty
Package: ifvtex 2019/10/25 v1.7 ifvtex legacy package. Use iftex instead.
)
\Gm@cnth=\count315
\Gm@cntv=\count316
\c@Gm@tempcnt=\count317
\Gm@bindingoffset=\dimen186
\Gm@wd@mp=\dimen187
\Gm@odd@mp=\dimen188
\Gm@even@mp=\dimen189
\Gm@layoutwidth=\dimen190
\Gm@layoutheight=\dimen191
\Gm@layouthoffset=\dimen192
\Gm@layoutvoffset=\dimen193
\Gm@dimlist=\toks27

(C:\Users\adm\AppData\Local\Programs\MiKTeX\tex/latex/geometry\geometry.cfg))
(C:\Users\adm\AppData\Local\Programs\MiKTeX\tex/latex/cjk/UTF8\UTF8.enc
File: UTF8.enc 2021/10/16 4.8.5
)
(C:\Users\adm\AppData\Local\Programs\MiKTeX\tex/latex/cjk/UTF8\UTF8.chr
File: UTF8.chr 2021/10/16 4.8.5
)
(report2.aux)
\openout1 = `report2.aux'.

LaTeX Font Info:    Checking defaults for OML/cmm/m/it on input line 17.
LaTeX Font Info:    ... okay on input line 17.
LaTeX Font Info:    Checking defaults for OMS/cmsy/m/n on input line 17.
LaTeX Font Info:    ... okay on input line 17.
LaTeX Font Info:    Checking defaults for OT1/cmr/m/n on input line 17.
LaTeX Font Info:    ... okay on input line 17.
LaTeX Font Info:    Checking defaults for T1/cmr/m/n on input line 17.
LaTeX Font Info:    ... okay on input line 17.
LaTeX Font Info:    Checking defaults for TS1/cmr/m/n on input line 17.
LaTeX Font Info:    ... okay on input line 17.
LaTeX Font Info:    Checking defaults for OMX/cmex/m/n on input line 17.
LaTeX Font Info:    ... okay on input line 17.
LaTeX Font Info:    Checking defaults for U/cmr/m/n on input line 17.
LaTeX Font Info:    ... okay on input line 17.
LaTeX Font Info:    Checking defaults for C00/song/m/n on input line 17.
LaTeX Font Info:    ... okay on input line 17.
LaTeX Font Info:    Checking defaults for C05/song/m/n on input line 17.
LaTeX Font Info:    ... okay on input line 17.
LaTeX Font Info:    Checking defaults for C09/song/m/n on input line 17.
LaTeX Font Info:    ... okay on input line 17.
LaTeX Font Info:    Checking defaults for C10/song/m/n on input line 17.
LaTeX Font Info:    ... okay on input line 17.
LaTeX Font Info:    Checking defaults for C20/song/m/n on input line 17.
LaTeX Font Info:    ... okay on input line 17.
LaTeX Font Info:    Checking defaults for C19/song/m/n on input line 17.
LaTeX Font Info:    ... okay on input line 17.
LaTeX Font Info:    Checking defaults for C40/song/m/n on input line 17.
LaTeX Font Info:    ... okay on input line 17.
LaTeX Font Info:    Checking defaults for C42/song/m/n on input line 17.
LaTeX Font Info:    ... okay on input line 17.
LaTeX Font Info:    Checking defaults for C43/song/m/n on input line 17.
LaTeX Font Info:    ... okay on input line 17.
LaTeX Font Info:    Checking defaults for C50/song/m/n on input line 17.
LaTeX Font Info:    ... okay on input line 17.
LaTeX Font Info:    Checking defaults for C52/song/m/n on input line 17.
LaTeX Font Info:    ... okay on input line 17.
LaTeX Font Info:    Checking defaults for C49/song/m/n on input line 17.
LaTeX Font Info:    ... okay on input line 17.
LaTeX Font Info:    Checking defaults for C60/mj/m/n on input line 17.
LaTeX Font Info:    ... okay on input line 17.
LaTeX Font Info:    Checking defaults for C61/mj/m/n on input line 17.
LaTeX Font Info:    ... okay on input line 17.
LaTeX Font Info:    Checking defaults for C63/mj/m/n on input line 17.
LaTeX Font Info:    ... okay on input line 17.
LaTeX Font Info:    Checking defaults for C64/mj/m/n on input line 17.
LaTeX Font Info:    ... okay on input line 17.
LaTeX Font Info:    Checking defaults for C65/mj/m/n on input line 17.
LaTeX Font Info:    ... okay on input line 17.
LaTeX Font Info:    Checking defaults for C70/song/m/n on input line 17.
LaTeX Font Info:    ... okay on input line 17.
LaTeX Font Info:    Checking defaults for C31/song/m/n on input line 17.
LaTeX Font Info:    ... okay on input line 17.
LaTeX Font Info:    Checking defaults for C32/song/m/n on input line 17.
LaTeX Font Info:    ... okay on input line 17.
LaTeX Font Info:    Checking defaults for C33/song/m/n on input line 17.
LaTeX Font Info:    ... okay on input line 17.
LaTeX Font Info:    Checking defaults for C34/song/m/n on input line 17.
LaTeX Font Info:    ... okay on input line 17.
LaTeX Font Info:    Checking defaults for C35/song/m/n on input line 17.
LaTeX Font Info:    ... okay on input line 17.
LaTeX Font Info:    Checking defaults for C36/song/m/n on input line 17.
LaTeX Font Info:    ... okay on input line 17.
LaTeX Font Info:    Checking defaults for C37/song/m/n on input line 17.
LaTeX Font Info:    ... okay on input line 17.
LaTeX Font Info:    Checking defaults for C80/song/m/n on input line 17.
LaTeX Font Info:    ... okay on input line 17.
LaTeX Font Info:    Checking defaults for C81/song/m/n on input line 17.
LaTeX Font Info:    ... okay on input line 17.
LaTeX Font Info:    Checking defaults for C01/song/m/n on input line 17.
LaTeX Font Info:    ... okay on input line 17.
LaTeX Font Info:    Checking defaults for C11/song/m/n on input line 17.
LaTeX Font Info:    ... okay on input line 17.
LaTeX Font Info:    Checking defaults for C21/song/m/n on input line 17.
LaTeX Font Info:    ... okay on input line 17.
LaTeX Font Info:    Checking defaults for C41/song/m/n on input line 17.
LaTeX Font Info:    ... okay on input line 17.
LaTeX Font Info:    Checking defaults for C62/song/m/n on input line 17.
LaTeX Font Info:    ... okay on input line 17.

(C:\Users\adm\AppData\Local\Programs\MiKTeX\tex/context/base/mkii\supp-pdf.mkii
[Loading MPS to PDF converter (version 2006.09.02).]
\scratchcounter=\count318
\scratchdimen=\dimen194
\scratchbox=\box59
\nofMPsegments=\count319
\nofMParguments=\count320
\everyMPshowfont=\toks28
\MPscratchCnt=\count321
\MPscratchDim=\dimen195
\MPnumerator=\count322
\makeMPintoPDFobject=\count323
\everyMPtoPDFconversion=\toks29
)
(C:\Users\adm\AppData\Local\Programs\MiKTeX\tex/latex/epstopdf-pkg\epstopdf-bas
e.sty
Package: epstopdf-base 2020-01-24 v2.11 Base part for package epstopdf
Package epstopdf-base Info: Redefining graphics rule for `.eps' on input line 4
85.

(C:\Users\adm\AppData\Local\Programs\MiKTeX\tex/latex/00miktex\epstopdf-sys.cfg
File: epstopdf-sys.cfg 2021/03/18 v2.0 Configuration of epstopdf for MiKTeX
))
Package caption Info: Begin \AtBeginDocument code.
Package caption Info: End \AtBeginDocument code.

*geometry* driver: auto-detecting
*geometry* detected driver: pdftex
*geometry* verbose mode - [ preamble ] result:
* driver: pdftex
* paper: a4paper
* layout: <same size as paper>
* layoutoffset:(h,v)=(0.0pt,0.0pt)
* modes: 
* h-part:(L,W,R)=(56.9055pt, 483.69687pt, 56.9055pt)
* v-part:(T,H,B)=(71.13188pt, 702.78308pt, 71.13188pt)
* \paperwidth=597.50787pt
* \paperheight=845.04684pt
* \textwidth=483.69687pt
* \textheight=702.78308pt
* \oddsidemargin=-15.36449pt
* \evensidemargin=-15.36449pt
* \topmargin=-38.1381pt
* \headheight=12.0pt
* \headsep=25.0pt
* \topskip=12.0pt
* \footskip=30.0pt
* \marginparwidth=35.0pt
* \marginparsep=10.0pt
* \columnsep=10.0pt
* \skip\footins=10.8pt plus 4.0pt minus 2.0pt
* \hoffset=0.0pt
* \voffset=0.0pt
* \mag=1000
* \@twocolumnfalse
* \@twosidefalse
* \@mparswitchfalse
* \@reversemarginfalse
* (1in=72.27pt=25.4mm, 1cm=28.453pt)

LaTeX Font Info:    Trying to load font information for C70+rm on input line 19
.
(C:\Users\adm\AppData\Local\Programs\MiKTeX\tex/latex/ctex/fd\c70rm.fd
File: c70rm.fd 2022/07/14 v2.5.10 Chinese font definition (CTEX)
)
Package CJKpunct Info: use punctuation spaces for family 'rm' with punctstyle (
quanjiao) on input line 19.
LaTeX Font Info:    Trying to load font information for U+msa on input line 19.


(C:\Users\adm\AppData\Local\Programs\MiKTeX\tex/latex/amsfonts\umsa.fd
File: umsa.fd 2013/01/14 v3.01 AMS symbols A
)
LaTeX Font Info:    Trying to load font information for U+msb on input line 19.


(C:\Users\adm\AppData\Local\Programs\MiKTeX\tex/latex/amsfonts\umsb.fd
File: umsb.fd 2013/01/14 v3.01 AMS symbols B
)
(C:\Users\adm\AppData\Local\Programs\MiKTeX\tex/generic/ctex/zhmap\ctex-zhmap-w
indows.tex
File: ctex-zhmap-windows.tex 2022/07/14 v2.5.10 Windows font map loader for pdf
TeX and DVIPDFMx (CTEX)
{C:/Users/adm/AppData/Local/MiKTeX/fonts/map/pdftex/pdftex.map}{UGBK.sfd}{Unico
de.sfd}) [1

]
<D:/Joker/Timoshenko/fig/2D_ssss/2d4s_vi_q4_ex/2d_17x17_ex_w1.png, id=141, 1606
.0pt x 1204.5pt>
File: D:/Joker/Timoshenko/fig/2D_ssss/2d4s_vi_q4_ex/2d_17x17_ex_w1.png Graphic 
file (type png)
<use D:/Joker/Timoshenko/fig/2D_ssss/2d4s_vi_q4_ex/2d_17x17_ex_w1.png>
Package pdftex.def Info: D:/Joker/Timoshenko/fig/2D_ssss/2d4s_vi_q4_ex/2d_17x17
_ex_w1.png  used on input line 43.
(pdftex.def)             Requested size: 217.66211pt x 163.24374pt.
<D:/Joker/Timoshenko/fig/2D_ssss/2d4s_vi_q4_ex/2d_17x17_FEM_w1.png, id=142, 160
6.0pt x 1204.5pt>
File: D:/Joker/Timoshenko/fig/2D_ssss/2d4s_vi_q4_ex/2d_17x17_FEM_w1.png Graphic
 file (type png)
<use D:/Joker/Timoshenko/fig/2D_ssss/2d4s_vi_q4_ex/2d_17x17_FEM_w1.png>
Package pdftex.def Info: D:/Joker/Timoshenko/fig/2D_ssss/2d4s_vi_q4_ex/2d_17x17
_FEM_w1.png  used on input line 48.
(pdftex.def)             Requested size: 217.66211pt x 163.24374pt.
<D:/Joker/Timoshenko/fig/2D_ssss/2d4s_vi_q4_ex/2d_17x17_ex_w2.png, id=143, 1606
.0pt x 1204.5pt>
File: D:/Joker/Timoshenko/fig/2D_ssss/2d4s_vi_q4_ex/2d_17x17_ex_w2.png Graphic 
file (type png)
<use D:/Joker/Timoshenko/fig/2D_ssss/2d4s_vi_q4_ex/2d_17x17_ex_w2.png>
Package pdftex.def Info: D:/Joker/Timoshenko/fig/2D_ssss/2d4s_vi_q4_ex/2d_17x17
_ex_w2.png  used on input line 54.
(pdftex.def)             Requested size: 217.66211pt x 163.24374pt.
<D:/Joker/Timoshenko/fig/2D_ssss/2d4s_vi_q4_ex/2d_17x17_FEM_w2.png, id=144, 160
6.0pt x 1204.5pt>
File: D:/Joker/Timoshenko/fig/2D_ssss/2d4s_vi_q4_ex/2d_17x17_FEM_w2.png Graphic
 file (type png)
<use D:/Joker/Timoshenko/fig/2D_ssss/2d4s_vi_q4_ex/2d_17x17_FEM_w2.png>
Package pdftex.def Info: D:/Joker/Timoshenko/fig/2D_ssss/2d4s_vi_q4_ex/2d_17x17
_FEM_w2.png  used on input line 59.
(pdftex.def)             Requested size: 217.66211pt x 163.24374pt.
<D:/Joker/Timoshenko/fig/2D_ssss/2d4s_vi_q4_ex/2d_17x17_ex_w3.png, id=145, 1606
.0pt x 1204.5pt>
File: D:/Joker/Timoshenko/fig/2D_ssss/2d4s_vi_q4_ex/2d_17x17_ex_w3.png Graphic 
file (type png)
<use D:/Joker/Timoshenko/fig/2D_ssss/2d4s_vi_q4_ex/2d_17x17_ex_w3.png>
Package pdftex.def Info: D:/Joker/Timoshenko/fig/2D_ssss/2d4s_vi_q4_ex/2d_17x17
_ex_w3.png  used on input line 65.
(pdftex.def)             Requested size: 217.66211pt x 163.24374pt.
<D:/Joker/Timoshenko/fig/2D_ssss/2d4s_vi_q4_ex/2d_17x17_FEM_w3.png, id=146, 160
6.0pt x 1204.5pt>
File: D:/Joker/Timoshenko/fig/2D_ssss/2d4s_vi_q4_ex/2d_17x17_FEM_w3.png Graphic
 file (type png)
<use D:/Joker/Timoshenko/fig/2D_ssss/2d4s_vi_q4_ex/2d_17x17_FEM_w3.png>
Package pdftex.def Info: D:/Joker/Timoshenko/fig/2D_ssss/2d4s_vi_q4_ex/2d_17x17
_FEM_w3.png  used on input line 70.
(pdftex.def)             Requested size: 217.66211pt x 163.24374pt.
<D:/Joker/Timoshenko/fig/2D_ssss/2d4s_vi_q4_ex/2d_17x17_ex_w4.png, id=147, 1606
.0pt x 1204.5pt>
File: D:/Joker/Timoshenko/fig/2D_ssss/2d4s_vi_q4_ex/2d_17x17_ex_w4.png Graphic 
file (type png)
<use D:/Joker/Timoshenko/fig/2D_ssss/2d4s_vi_q4_ex/2d_17x17_ex_w4.png>
Package pdftex.def Info: D:/Joker/Timoshenko/fig/2D_ssss/2d4s_vi_q4_ex/2d_17x17
_ex_w4.png  used on input line 76.
(pdftex.def)             Requested size: 217.66211pt x 163.24374pt.
<D:/Joker/Timoshenko/fig/2D_ssss/2d4s_vi_q4_ex/2d_17x17_FEM_w4.png, id=148, 160
6.0pt x 1204.5pt>
File: D:/Joker/Timoshenko/fig/2D_ssss/2d4s_vi_q4_ex/2d_17x17_FEM_w4.png Graphic
 file (type png)
<use D:/Joker/Timoshenko/fig/2D_ssss/2d4s_vi_q4_ex/2d_17x17_FEM_w4.png>
Package pdftex.def Info: D:/Joker/Timoshenko/fig/2D_ssss/2d4s_vi_q4_ex/2d_17x17
_FEM_w4.png  used on input line 81.
(pdftex.def)             Requested size: 217.66211pt x 163.24374pt.


LaTeX Warning: Float too large for page by 133.66747pt on input line 88.

<D:/Joker/Timoshenko/fig/2D_ssss/2d4s_vi_q4_ex/2d_17x17_ex_w5.png, id=149, 1606
.0pt x 1204.5pt>
File: D:/Joker/Timoshenko/fig/2D_ssss/2d4s_vi_q4_ex/2d_17x17_ex_w5.png Graphic 
file (type png)
<use D:/Joker/Timoshenko/fig/2D_ssss/2d4s_vi_q4_ex/2d_17x17_ex_w5.png>
Package pdftex.def Info: D:/Joker/Timoshenko/fig/2D_ssss/2d4s_vi_q4_ex/2d_17x17
_ex_w5.png  used on input line 96.
(pdftex.def)             Requested size: 217.66211pt x 163.24374pt.
<D:/Joker/Timoshenko/fig/2D_ssss/2d4s_vi_q4_ex/2d_17x17_FEM_w5.png, id=150, 160
6.0pt x 1204.5pt>
File: D:/Joker/Timoshenko/fig/2D_ssss/2d4s_vi_q4_ex/2d_17x17_FEM_w5.png Graphic
 file (type png)
<use D:/Joker/Timoshenko/fig/2D_ssss/2d4s_vi_q4_ex/2d_17x17_FEM_w5.png>
Package pdftex.def Info: D:/Joker/Timoshenko/fig/2D_ssss/2d4s_vi_q4_ex/2d_17x17
_FEM_w5.png  used on input line 101.
(pdftex.def)             Requested size: 217.66211pt x 163.24374pt.
<D:/Joker/Timoshenko/fig/2D_ssss/2d4s_vi_q4_ex/2d_17x17_ex_w6.png, id=151, 1606
.0pt x 1204.5pt>
File: D:/Joker/Timoshenko/fig/2D_ssss/2d4s_vi_q4_ex/2d_17x17_ex_w6.png Graphic 
file (type png)
<use D:/Joker/Timoshenko/fig/2D_ssss/2d4s_vi_q4_ex/2d_17x17_ex_w6.png>
Package pdftex.def Info: D:/Joker/Timoshenko/fig/2D_ssss/2d4s_vi_q4_ex/2d_17x17
_ex_w6.png  used on input line 107.
(pdftex.def)             Requested size: 217.66211pt x 163.24374pt.
<D:/Joker/Timoshenko/fig/2D_ssss/2d4s_vi_q4_ex/2d_17x17_FEM_w6.png, id=152, 160
6.0pt x 1204.5pt>
File: D:/Joker/Timoshenko/fig/2D_ssss/2d4s_vi_q4_ex/2d_17x17_FEM_w6.png Graphic
 file (type png)
<use D:/Joker/Timoshenko/fig/2D_ssss/2d4s_vi_q4_ex/2d_17x17_FEM_w6.png>
Package pdftex.def Info: D:/Joker/Timoshenko/fig/2D_ssss/2d4s_vi_q4_ex/2d_17x17
_FEM_w6.png  used on input line 112.
(pdftex.def)             Requested size: 217.66211pt x 163.24374pt.
<D:/Joker/Timoshenko/fig/2D_ssss/2d4s_vi_q4_ex/2d_17x17_ex_w7.png, id=153, 1606
.0pt x 1204.5pt>
File: D:/Joker/Timoshenko/fig/2D_ssss/2d4s_vi_q4_ex/2d_17x17_ex_w7.png Graphic 
file (type png)
<use D:/Joker/Timoshenko/fig/2D_ssss/2d4s_vi_q4_ex/2d_17x17_ex_w7.png>
Package pdftex.def Info: D:/Joker/Timoshenko/fig/2D_ssss/2d4s_vi_q4_ex/2d_17x17
_ex_w7.png  used on input line 118.
(pdftex.def)             Requested size: 217.66211pt x 163.24374pt.
<D:/Joker/Timoshenko/fig/2D_ssss/2d4s_vi_q4_ex/2d_17x17_FEM_w7.png, id=154, 160
6.0pt x 1204.5pt>
File: D:/Joker/Timoshenko/fig/2D_ssss/2d4s_vi_q4_ex/2d_17x17_FEM_w7.png Graphic
 file (type png)
<use D:/Joker/Timoshenko/fig/2D_ssss/2d4s_vi_q4_ex/2d_17x17_FEM_w7.png>
Package pdftex.def Info: D:/Joker/Timoshenko/fig/2D_ssss/2d4s_vi_q4_ex/2d_17x17
_FEM_w7.png  used on input line 123.
(pdftex.def)             Requested size: 217.66211pt x 163.24374pt.
<D:/Joker/Timoshenko/fig/2D_ssss/2d4s_vi_q4_ex/2d_17x17_ex_w8.png, id=155, 1606
.0pt x 1204.5pt>
File: D:/Joker/Timoshenko/fig/2D_ssss/2d4s_vi_q4_ex/2d_17x17_ex_w8.png Graphic 
file (type png)
<use D:/Joker/Timoshenko/fig/2D_ssss/2d4s_vi_q4_ex/2d_17x17_ex_w8.png>
Package pdftex.def Info: D:/Joker/Timoshenko/fig/2D_ssss/2d4s_vi_q4_ex/2d_17x17
_ex_w8.png  used on input line 129.
(pdftex.def)             Requested size: 217.66211pt x 163.24374pt.
<D:/Joker/Timoshenko/fig/2D_ssss/2d4s_vi_q4_ex/2d_17x17_FEM_w8.png, id=156, 160
6.0pt x 1204.5pt>
File: D:/Joker/Timoshenko/fig/2D_ssss/2d4s_vi_q4_ex/2d_17x17_FEM_w8.png Graphic
 file (type png)
<use D:/Joker/Timoshenko/fig/2D_ssss/2d4s_vi_q4_ex/2d_17x17_FEM_w8.png>
Package pdftex.def Info: D:/Joker/Timoshenko/fig/2D_ssss/2d4s_vi_q4_ex/2d_17x17
_FEM_w8.png  used on input line 134.
(pdftex.def)             Requested size: 217.66211pt x 163.24374pt.

LaTeX Warning: Float too large for page by 133.66747pt on input line 141.

<D:/Joker/Timoshenko/fig/2D_ssss/2d4s_vi_q4_ex/2d_17x17_ex_w9.png, id=157, 1606
.0pt x 1204.5pt>
File: D:/Joker/Timoshenko/fig/2D_ssss/2d4s_vi_q4_ex/2d_17x17_ex_w9.png Graphic 
file (type png)
<use D:/Joker/Timoshenko/fig/2D_ssss/2d4s_vi_q4_ex/2d_17x17_ex_w9.png>
Package pdftex.def Info: D:/Joker/Timoshenko/fig/2D_ssss/2d4s_vi_q4_ex/2d_17x17
_ex_w9.png  used on input line 149.
(pdftex.def)             Requested size: 217.66211pt x 163.24374pt.
<D:/Joker/Timoshenko/fig/2D_ssss/2d4s_vi_q4_ex/2d_17x17_FEM_w9.png, id=158, 160
6.0pt x 1204.5pt>
File: D:/Joker/Timoshenko/fig/2D_ssss/2d4s_vi_q4_ex/2d_17x17_FEM_w9.png Graphic
 file (type png)
<use D:/Joker/Timoshenko/fig/2D_ssss/2d4s_vi_q4_ex/2d_17x17_FEM_w9.png>
Package pdftex.def Info: D:/Joker/Timoshenko/fig/2D_ssss/2d4s_vi_q4_ex/2d_17x17
_FEM_w9.png  used on input line 154.
(pdftex.def)             Requested size: 217.66211pt x 163.24374pt.
<D:/Joker/Timoshenko/fig/2D_ssss/2d4s_vi_q4_ex/2d_17x17_ex_w10.png, id=159, 160
6.0pt x 1204.5pt>
File: D:/Joker/Timoshenko/fig/2D_ssss/2d4s_vi_q4_ex/2d_17x17_ex_w10.png Graphic
 file (type png)
<use D:/Joker/Timoshenko/fig/2D_ssss/2d4s_vi_q4_ex/2d_17x17_ex_w10.png>
Package pdftex.def Info: D:/Joker/Timoshenko/fig/2D_ssss/2d4s_vi_q4_ex/2d_17x17
_ex_w10.png  used on input line 160.
(pdftex.def)             Requested size: 217.66211pt x 163.24374pt.
<D:/Joker/Timoshenko/fig/2D_ssss/2d4s_vi_q4_ex/2d_17x17_FEM_w10.png, id=160, 16
06.0pt x 1204.5pt>
File: D:/Joker/Timoshenko/fig/2D_ssss/2d4s_vi_q4_ex/2d_17x17_FEM_w10.png Graphi
c file (type png)
<use D:/Joker/Timoshenko/fig/2D_ssss/2d4s_vi_q4_ex/2d_17x17_FEM_w10.png>
Package pdftex.def Info: D:/Joker/Timoshenko/fig/2D_ssss/2d4s_vi_q4_ex/2d_17x17
_FEM_w10.png  used on input line 165.
(pdftex.def)             Requested size: 217.66211pt x 163.24374pt.
<D:/Joker/Timoshenko/fig/2D_ssss/2d4s_vi_q4_ex/2d_17x17_ex_w11.png, id=161, 160
6.0pt x 1204.5pt>
File: D:/Joker/Timoshenko/fig/2D_ssss/2d4s_vi_q4_ex/2d_17x17_ex_w11.png Graphic
 file (type png)
<use D:/Joker/Timoshenko/fig/2D_ssss/2d4s_vi_q4_ex/2d_17x17_ex_w11.png>
Package pdftex.def Info: D:/Joker/Timoshenko/fig/2D_ssss/2d4s_vi_q4_ex/2d_17x17
_ex_w11.png  used on input line 171.
(pdftex.def)             Requested size: 217.66211pt x 163.24374pt.
<D:/Joker/Timoshenko/fig/2D_ssss/2d4s_vi_q4_ex/2d_17x17_FEM_w11.png, id=162, 16
06.0pt x 1204.5pt>
File: D:/Joker/Timoshenko/fig/2D_ssss/2d4s_vi_q4_ex/2d_17x17_FEM_w11.png Graphi
c file (type png)
<use D:/Joker/Timoshenko/fig/2D_ssss/2d4s_vi_q4_ex/2d_17x17_FEM_w11.png>
Package pdftex.def Info: D:/Joker/Timoshenko/fig/2D_ssss/2d4s_vi_q4_ex/2d_17x17
_FEM_w11.png  used on input line 176.
(pdftex.def)             Requested size: 217.66211pt x 163.24374pt.
<D:/Joker/Timoshenko/fig/2D_ssss/2d4s_vi_q4_ex/2d_17x17_ex_w12.png, id=163, 160
6.0pt x 1204.5pt>
File: D:/Joker/Timoshenko/fig/2D_ssss/2d4s_vi_q4_ex/2d_17x17_ex_w12.png Graphic
 file (type png)
<use D:/Joker/Timoshenko/fig/2D_ssss/2d4s_vi_q4_ex/2d_17x17_ex_w12.png>
Package pdftex.def Info: D:/Joker/Timoshenko/fig/2D_ssss/2d4s_vi_q4_ex/2d_17x17
_ex_w12.png  used on input line 182.
(pdftex.def)             Requested size: 217.66211pt x 163.24374pt.
<D:/Joker/Timoshenko/fig/2D_ssss/2d4s_vi_q4_ex/2d_17x17_FEM_w12.png, id=164, 16
06.0pt x 1204.5pt>
File: D:/Joker/Timoshenko/fig/2D_ssss/2d4s_vi_q4_ex/2d_17x17_FEM_w12.png Graphi
c file (type png)
<use D:/Joker/Timoshenko/fig/2D_ssss/2d4s_vi_q4_ex/2d_17x17_FEM_w12.png>
Package pdftex.def Info: D:/Joker/Timoshenko/fig/2D_ssss/2d4s_vi_q4_ex/2d_17x17
_FEM_w12.png  used on input line 187.
(pdftex.def)             Requested size: 217.66211pt x 163.24374pt.

LaTeX Warning: Float too large for page by 133.66747pt on input line 195.

[2

] [3 <D:/Joker/Timoshenko/fig/2D_ssss/2d4s_vi_q4_ex/2d_17x17_ex_w1.png (PNG cop
y)> <D:/Joker/Timoshenko/fig/2D_ssss/2d4s_vi_q4_ex/2d_17x17_FEM_w1.png (PNG cop
y)> <D:/Joker/Timoshenko/fig/2D_ssss/2d4s_vi_q4_ex/2d_17x17_ex_w2.png (PNG copy
)> <D:/Joker/Timoshenko/fig/2D_ssss/2d4s_vi_q4_ex/2d_17x17_FEM_w2.png (PNG copy
)> <D:/Joker/Timoshenko/fig/2D_ssss/2d4s_vi_q4_ex/2d_17x17_ex_w3.png (PNG copy)
> <D:/Joker/Timoshenko/fig/2D_ssss/2d4s_vi_q4_ex/2d_17x17_FEM_w3.png (PNG copy)
> <D:/Joker/Timoshenko/fig/2D_ssss/2d4s_vi_q4_ex/2d_17x17_ex_w4.png (PNG copy)>
 <D:/Joker/Timoshenko/fig/2D_ssss/2d4s_vi_q4_ex/2d_17x17_FEM_w4.png (PNG copy)>
] [4 <D:/Joker/Timoshenko/fig/2D_ssss/2d4s_vi_q4_ex/2d_17x17_ex_w5.png (PNG cop
y)> <D:/Joker/Timoshenko/fig/2D_ssss/2d4s_vi_q4_ex/2d_17x17_FEM_w5.png (PNG cop
y)> <D:/Joker/Timoshenko/fig/2D_ssss/2d4s_vi_q4_ex/2d_17x17_ex_w6.png (PNG copy
)> <D:/Joker/Timoshenko/fig/2D_ssss/2d4s_vi_q4_ex/2d_17x17_FEM_w6.png (PNG copy
)> <D:/Joker/Timoshenko/fig/2D_ssss/2d4s_vi_q4_ex/2d_17x17_ex_w7.png (PNG copy)
> <D:/Joker/Timoshenko/fig/2D_ssss/2d4s_vi_q4_ex/2d_17x17_FEM_w7.png (PNG copy)
> <D:/Joker/Timoshenko/fig/2D_ssss/2d4s_vi_q4_ex/2d_17x17_ex_w8.png (PNG copy)>
 <D:/Joker/Timoshenko/fig/2D_ssss/2d4s_vi_q4_ex/2d_17x17_FEM_w8.png (PNG copy)>
] [5 <D:/Joker/Timoshenko/fig/2D_ssss/2d4s_vi_q4_ex/2d_17x17_ex_w9.png (PNG cop
y)> <D:/Joker/Timoshenko/fig/2D_ssss/2d4s_vi_q4_ex/2d_17x17_FEM_w9.png (PNG cop
y)> <D:/Joker/Timoshenko/fig/2D_ssss/2d4s_vi_q4_ex/2d_17x17_ex_w10.png (PNG cop
y)> <D:/Joker/Timoshenko/fig/2D_ssss/2d4s_vi_q4_ex/2d_17x17_FEM_w10.png (PNG co
py)> <D:/Joker/Timoshenko/fig/2D_ssss/2d4s_vi_q4_ex/2d_17x17_ex_w11.png (PNG co
py)> <D:/Joker/Timoshenko/fig/2D_ssss/2d4s_vi_q4_ex/2d_17x17_FEM_w11.png (PNG c
opy)> <D:/Joker/Timoshenko/fig/2D_ssss/2d4s_vi_q4_ex/2d_17x17_ex_w12.png (PNG c
opy)> <D:/Joker/Timoshenko/fig/2D_ssss/2d4s_vi_q4_ex/2d_17x17_FEM_w12.png (PNG 
copy)>] [6]
<D:/Joker/Timoshenko/fig/2D_ssss/2d4s_vi_q4_ex/2d_5x5_ex_w1.png, id=194, 1606.0
pt x 1204.5pt>
File: D:/Joker/Timoshenko/fig/2D_ssss/2d4s_vi_q4_ex/2d_5x5_ex_w1.png Graphic fi
le (type png)
<use D:/Joker/Timoshenko/fig/2D_ssss/2d4s_vi_q4_ex/2d_5x5_ex_w1.png>
Package pdftex.def Info: D:/Joker/Timoshenko/fig/2D_ssss/2d4s_vi_q4_ex/2d_5x5_e
x_w1.png  used on input line 257.
(pdftex.def)             Requested size: 217.66211pt x 163.24374pt.
<D:/Joker/Timoshenko/fig/2D_ssss/2d4s_vi_q4_ex/2d_5x5_FEM_w1.png, id=195, 1606.
0pt x 1204.5pt>
File: D:/Joker/Timoshenko/fig/2D_ssss/2d4s_vi_q4_ex/2d_5x5_FEM_w1.png Graphic f
ile (type png)
<use D:/Joker/Timoshenko/fig/2D_ssss/2d4s_vi_q4_ex/2d_5x5_FEM_w1.png>
Package pdftex.def Info: D:/Joker/Timoshenko/fig/2D_ssss/2d4s_vi_q4_ex/2d_5x5_F
EM_w1.png  used on input line 262.
(pdftex.def)             Requested size: 217.66211pt x 163.24374pt.
<D:/Joker/Timoshenko/fig/2D_ssss/2d4s_vi_q4_ex/2d_5x5_ex_w2.png, id=196, 1606.0
pt x 1204.5pt>
File: D:/Joker/Timoshenko/fig/2D_ssss/2d4s_vi_q4_ex/2d_5x5_ex_w2.png Graphic fi
le (type png)
<use D:/Joker/Timoshenko/fig/2D_ssss/2d4s_vi_q4_ex/2d_5x5_ex_w2.png>
Package pdftex.def Info: D:/Joker/Timoshenko/fig/2D_ssss/2d4s_vi_q4_ex/2d_5x5_e
x_w2.png  used on input line 268.
(pdftex.def)             Requested size: 217.66211pt x 163.24374pt.
<D:/Joker/Timoshenko/fig/2D_ssss/2d4s_vi_q4_ex/2d_5x5_FEM_w2.png, id=197, 1606.
0pt x 1204.5pt>
File: D:/Joker/Timoshenko/fig/2D_ssss/2d4s_vi_q4_ex/2d_5x5_FEM_w2.png Graphic f
ile (type png)
<use D:/Joker/Timoshenko/fig/2D_ssss/2d4s_vi_q4_ex/2d_5x5_FEM_w2.png>
Package pdftex.def Info: D:/Joker/Timoshenko/fig/2D_ssss/2d4s_vi_q4_ex/2d_5x5_F
EM_w2.png  used on input line 273.
(pdftex.def)             Requested size: 217.66211pt x 163.24374pt.
<D:/Joker/Timoshenko/fig/2D_ssss/2d4s_vi_q4_ex/2d_5x5_ex_w3.png, id=198, 1606.0
pt x 1204.5pt>
File: D:/Joker/Timoshenko/fig/2D_ssss/2d4s_vi_q4_ex/2d_5x5_ex_w3.png Graphic fi
le (type png)
<use D:/Joker/Timoshenko/fig/2D_ssss/2d4s_vi_q4_ex/2d_5x5_ex_w3.png>
Package pdftex.def Info: D:/Joker/Timoshenko/fig/2D_ssss/2d4s_vi_q4_ex/2d_5x5_e
x_w3.png  used on input line 279.
(pdftex.def)             Requested size: 217.66211pt x 163.24374pt.
<D:/Joker/Timoshenko/fig/2D_ssss/2d4s_vi_q4_ex/2d_5x5_FEM_w3.png, id=199, 1606.
0pt x 1204.5pt>
File: D:/Joker/Timoshenko/fig/2D_ssss/2d4s_vi_q4_ex/2d_5x5_FEM_w3.png Graphic f
ile (type png)
<use D:/Joker/Timoshenko/fig/2D_ssss/2d4s_vi_q4_ex/2d_5x5_FEM_w3.png>
Package pdftex.def Info: D:/Joker/Timoshenko/fig/2D_ssss/2d4s_vi_q4_ex/2d_5x5_F
EM_w3.png  used on input line 284.
(pdftex.def)             Requested size: 217.66211pt x 163.24374pt.
<D:/Joker/Timoshenko/fig/2D_ssss/2d4s_vi_q4_ex/2d_5x5_ex_w4.png, id=200, 1606.0
pt x 1204.5pt>
File: D:/Joker/Timoshenko/fig/2D_ssss/2d4s_vi_q4_ex/2d_5x5_ex_w4.png Graphic fi
le (type png)
<use D:/Joker/Timoshenko/fig/2D_ssss/2d4s_vi_q4_ex/2d_5x5_ex_w4.png>
Package pdftex.def Info: D:/Joker/Timoshenko/fig/2D_ssss/2d4s_vi_q4_ex/2d_5x5_e
x_w4.png  used on input line 290.
(pdftex.def)             Requested size: 217.66211pt x 163.24374pt.
<D:/Joker/Timoshenko/fig/2D_ssss/2d4s_vi_q4_ex/2d_5x5_FEM_w4.png, id=201, 1606.
0pt x 1204.5pt>
File: D:/Joker/Timoshenko/fig/2D_ssss/2d4s_vi_q4_ex/2d_5x5_FEM_w4.png Graphic f
ile (type png)
<use D:/Joker/Timoshenko/fig/2D_ssss/2d4s_vi_q4_ex/2d_5x5_FEM_w4.png>
Package pdftex.def Info: D:/Joker/Timoshenko/fig/2D_ssss/2d4s_vi_q4_ex/2d_5x5_F
EM_w4.png  used on input line 295.
(pdftex.def)             Requested size: 217.66211pt x 163.24374pt.


LaTeX Warning: Float too large for page by 133.66747pt on input line 301.

<D:/Joker/Timoshenko/fig/2D_ssss/2d4s_vi_q4_ex/2d_5x5_ex_w5.png, id=202, 1606.0
pt x 1204.5pt>
File: D:/Joker/Timoshenko/fig/2D_ssss/2d4s_vi_q4_ex/2d_5x5_ex_w5.png Graphic fi
le (type png)
<use D:/Joker/Timoshenko/fig/2D_ssss/2d4s_vi_q4_ex/2d_5x5_ex_w5.png>
Package pdftex.def Info: D:/Joker/Timoshenko/fig/2D_ssss/2d4s_vi_q4_ex/2d_5x5_e
x_w5.png  used on input line 309.
(pdftex.def)             Requested size: 217.66211pt x 163.24374pt.
<D:/Joker/Timoshenko/fig/2D_ssss/2d4s_vi_q4_ex/2d_5x5_FEM_w5.png, id=203, 1606.
0pt x 1204.5pt>
File: D:/Joker/Timoshenko/fig/2D_ssss/2d4s_vi_q4_ex/2d_5x5_FEM_w5.png Graphic f
ile (type png)
<use D:/Joker/Timoshenko/fig/2D_ssss/2d4s_vi_q4_ex/2d_5x5_FEM_w5.png>
Package pdftex.def Info: D:/Joker/Timoshenko/fig/2D_ssss/2d4s_vi_q4_ex/2d_5x5_F
EM_w5.png  used on input line 314.
(pdftex.def)             Requested size: 217.66211pt x 163.24374pt.
<D:/Joker/Timoshenko/fig/2D_ssss/2d4s_vi_q4_ex/2d_5x5_ex_w6.png, id=204, 1606.0
pt x 1204.5pt>
File: D:/Joker/Timoshenko/fig/2D_ssss/2d4s_vi_q4_ex/2d_5x5_ex_w6.png Graphic fi
le (type png)
<use D:/Joker/Timoshenko/fig/2D_ssss/2d4s_vi_q4_ex/2d_5x5_ex_w6.png>
Package pdftex.def Info: D:/Joker/Timoshenko/fig/2D_ssss/2d4s_vi_q4_ex/2d_5x5_e
x_w6.png  used on input line 320.
(pdftex.def)             Requested size: 217.66211pt x 163.24374pt.
<D:/Joker/Timoshenko/fig/2D_ssss/2d4s_vi_q4_ex/2d_5x5_FEM_w6.png, id=205, 1606.
0pt x 1204.5pt>
File: D:/Joker/Timoshenko/fig/2D_ssss/2d4s_vi_q4_ex/2d_5x5_FEM_w6.png Graphic f
ile (type png)
<use D:/Joker/Timoshenko/fig/2D_ssss/2d4s_vi_q4_ex/2d_5x5_FEM_w6.png>
Package pdftex.def Info: D:/Joker/Timoshenko/fig/2D_ssss/2d4s_vi_q4_ex/2d_5x5_F
EM_w6.png  used on input line 325.
(pdftex.def)             Requested size: 217.66211pt x 163.24374pt.
<D:/Joker/Timoshenko/fig/2D_ssss/2d4s_vi_q4_ex/2d_5x5_ex_w7.png, id=206, 1606.0
pt x 1204.5pt>
File: D:/Joker/Timoshenko/fig/2D_ssss/2d4s_vi_q4_ex/2d_5x5_ex_w7.png Graphic fi
le (type png)
<use D:/Joker/Timoshenko/fig/2D_ssss/2d4s_vi_q4_ex/2d_5x5_ex_w7.png>
Package pdftex.def Info: D:/Joker/Timoshenko/fig/2D_ssss/2d4s_vi_q4_ex/2d_5x5_e
x_w7.png  used on input line 331.
(pdftex.def)             Requested size: 217.66211pt x 163.24374pt.
<D:/Joker/Timoshenko/fig/2D_ssss/2d4s_vi_q4_ex/2d_5x5_FEM_w7.png, id=207, 1606.
0pt x 1204.5pt>
File: D:/Joker/Timoshenko/fig/2D_ssss/2d4s_vi_q4_ex/2d_5x5_FEM_w7.png Graphic f
ile (type png)
<use D:/Joker/Timoshenko/fig/2D_ssss/2d4s_vi_q4_ex/2d_5x5_FEM_w7.png>
Package pdftex.def Info: D:/Joker/Timoshenko/fig/2D_ssss/2d4s_vi_q4_ex/2d_5x5_F
EM_w7.png  used on input line 336.
(pdftex.def)             Requested size: 217.66211pt x 163.24374pt.
<D:/Joker/Timoshenko/fig/2D_ssss/2d4s_vi_q4_ex/2d_5x5_ex_w8.png, id=208, 1606.0
pt x 1204.5pt>
File: D:/Joker/Timoshenko/fig/2D_ssss/2d4s_vi_q4_ex/2d_5x5_ex_w8.png Graphic fi
le (type png)
<use D:/Joker/Timoshenko/fig/2D_ssss/2d4s_vi_q4_ex/2d_5x5_ex_w8.png>
Package pdftex.def Info: D:/Joker/Timoshenko/fig/2D_ssss/2d4s_vi_q4_ex/2d_5x5_e
x_w8.png  used on input line 342.
(pdftex.def)             Requested size: 217.66211pt x 163.24374pt.
<D:/Joker/Timoshenko/fig/2D_ssss/2d4s_vi_q4_ex/2d_5x5_FEM_w8.png, id=209, 1606.
0pt x 1204.5pt>
File: D:/Joker/Timoshenko/fig/2D_ssss/2d4s_vi_q4_ex/2d_5x5_FEM_w8.png Graphic f
ile (type png)
<use D:/Joker/Timoshenko/fig/2D_ssss/2d4s_vi_q4_ex/2d_5x5_FEM_w8.png>
Package pdftex.def Info: D:/Joker/Timoshenko/fig/2D_ssss/2d4s_vi_q4_ex/2d_5x5_F
EM_w8.png  used on input line 347.
(pdftex.def)             Requested size: 217.66211pt x 163.24374pt.

LaTeX Warning: Float too large for page by 133.66747pt on input line 354.

<D:/Joker/Timoshenko/fig/2D_ssss/2d4s_vi_q4_ex/2d_5x5_ex_w9.png, id=210, 1606.0
pt x 1204.5pt>
File: D:/Joker/Timoshenko/fig/2D_ssss/2d4s_vi_q4_ex/2d_5x5_ex_w9.png Graphic fi
le (type png)
<use D:/Joker/Timoshenko/fig/2D_ssss/2d4s_vi_q4_ex/2d_5x5_ex_w9.png>
Package pdftex.def Info: D:/Joker/Timoshenko/fig/2D_ssss/2d4s_vi_q4_ex/2d_5x5_e
x_w9.png  used on input line 362.
(pdftex.def)             Requested size: 217.66211pt x 163.24374pt.
<D:/Joker/Timoshenko/fig/2D_ssss/2d4s_vi_q4_ex/2d_5x5_FEM_w9.png, id=211, 1606.
0pt x 1204.5pt>
File: D:/Joker/Timoshenko/fig/2D_ssss/2d4s_vi_q4_ex/2d_5x5_FEM_w9.png Graphic f
ile (type png)
<use D:/Joker/Timoshenko/fig/2D_ssss/2d4s_vi_q4_ex/2d_5x5_FEM_w9.png>
Package pdftex.def Info: D:/Joker/Timoshenko/fig/2D_ssss/2d4s_vi_q4_ex/2d_5x5_F
EM_w9.png  used on input line 367.
(pdftex.def)             Requested size: 217.66211pt x 163.24374pt.
<D:/Joker/Timoshenko/fig/2D_ssss/2d4s_vi_q4_ex/2d_5x5_ex_w10.png, id=212, 1606.
0pt x 1204.5pt>
File: D:/Joker/Timoshenko/fig/2D_ssss/2d4s_vi_q4_ex/2d_5x5_ex_w10.png Graphic f
ile (type png)
<use D:/Joker/Timoshenko/fig/2D_ssss/2d4s_vi_q4_ex/2d_5x5_ex_w10.png>
Package pdftex.def Info: D:/Joker/Timoshenko/fig/2D_ssss/2d4s_vi_q4_ex/2d_5x5_e
x_w10.png  used on input line 373.
(pdftex.def)             Requested size: 217.66211pt x 163.24374pt.
<D:/Joker/Timoshenko/fig/2D_ssss/2d4s_vi_q4_ex/2d_5x5_FEM_w10.png, id=213, 1606
.0pt x 1204.5pt>
File: D:/Joker/Timoshenko/fig/2D_ssss/2d4s_vi_q4_ex/2d_5x5_FEM_w10.png Graphic 
file (type png)
<use D:/Joker/Timoshenko/fig/2D_ssss/2d4s_vi_q4_ex/2d_5x5_FEM_w10.png>
Package pdftex.def Info: D:/Joker/Timoshenko/fig/2D_ssss/2d4s_vi_q4_ex/2d_5x5_F
EM_w10.png  used on input line 378.
(pdftex.def)             Requested size: 217.66211pt x 163.24374pt.
<D:/Joker/Timoshenko/fig/2D_ssss/2d4s_vi_q4_ex/2d_5x5_ex_w11.png, id=214, 1606.
0pt x 1204.5pt>
File: D:/Joker/Timoshenko/fig/2D_ssss/2d4s_vi_q4_ex/2d_5x5_ex_w11.png Graphic f
ile (type png)
<use D:/Joker/Timoshenko/fig/2D_ssss/2d4s_vi_q4_ex/2d_5x5_ex_w11.png>
Package pdftex.def Info: D:/Joker/Timoshenko/fig/2D_ssss/2d4s_vi_q4_ex/2d_5x5_e
x_w11.png  used on input line 384.
(pdftex.def)             Requested size: 217.66211pt x 163.24374pt.
<D:/Joker/Timoshenko/fig/2D_ssss/2d4s_vi_q4_ex/2d_5x5_FEM_w11.png, id=215, 1606
.0pt x 1204.5pt>
File: D:/Joker/Timoshenko/fig/2D_ssss/2d4s_vi_q4_ex/2d_5x5_FEM_w11.png Graphic 
file (type png)
<use D:/Joker/Timoshenko/fig/2D_ssss/2d4s_vi_q4_ex/2d_5x5_FEM_w11.png>
Package pdftex.def Info: D:/Joker/Timoshenko/fig/2D_ssss/2d4s_vi_q4_ex/2d_5x5_F
EM_w11.png  used on input line 389.
(pdftex.def)             Requested size: 217.66211pt x 163.24374pt.
<D:/Joker/Timoshenko/fig/2D_ssss/2d4s_vi_q4_ex/2d_5x5_ex_w12.png, id=216, 1606.
0pt x 1204.5pt>
File: D:/Joker/Timoshenko/fig/2D_ssss/2d4s_vi_q4_ex/2d_5x5_ex_w12.png Graphic f
ile (type png)
<use D:/Joker/Timoshenko/fig/2D_ssss/2d4s_vi_q4_ex/2d_5x5_ex_w12.png>
Package pdftex.def Info: D:/Joker/Timoshenko/fig/2D_ssss/2d4s_vi_q4_ex/2d_5x5_e
x_w12.png  used on input line 395.
(pdftex.def)             Requested size: 217.66211pt x 163.24374pt.
<D:/Joker/Timoshenko/fig/2D_ssss/2d4s_vi_q4_ex/2d_5x5_FEM_w12.png, id=217, 1606
.0pt x 1204.5pt>
File: D:/Joker/Timoshenko/fig/2D_ssss/2d4s_vi_q4_ex/2d_5x5_FEM_w12.png Graphic 
file (type png)
<use D:/Joker/Timoshenko/fig/2D_ssss/2d4s_vi_q4_ex/2d_5x5_FEM_w12.png>
Package pdftex.def Info: D:/Joker/Timoshenko/fig/2D_ssss/2d4s_vi_q4_ex/2d_5x5_F
EM_w12.png  used on input line 400.
(pdftex.def)             Requested size: 217.66211pt x 163.24374pt.

LaTeX Warning: Float too large for page by 133.66747pt on input line 408.

[7

] [8 <D:/Joker/Timoshenko/fig/2D_ssss/2d4s_vi_q4_ex/2d_5x5_ex_w1.png (PNG copy)
> <D:/Joker/Timoshenko/fig/2D_ssss/2d4s_vi_q4_ex/2d_5x5_FEM_w1.png (PNG copy)> 
<D:/Joker/Timoshenko/fig/2D_ssss/2d4s_vi_q4_ex/2d_5x5_ex_w2.png (PNG copy)> <D:
/Joker/Timoshenko/fig/2D_ssss/2d4s_vi_q4_ex/2d_5x5_FEM_w2.png (PNG copy)> <D:/J
oker/Timoshenko/fig/2D_ssss/2d4s_vi_q4_ex/2d_5x5_ex_w3.png (PNG copy)> <D:/Joke
r/Timoshenko/fig/2D_ssss/2d4s_vi_q4_ex/2d_5x5_FEM_w3.png (PNG copy)> <D:/Joker/
Timoshenko/fig/2D_ssss/2d4s_vi_q4_ex/2d_5x5_ex_w4.png (PNG copy)> <D:/Joker/Tim
oshenko/fig/2D_ssss/2d4s_vi_q4_ex/2d_5x5_FEM_w4.png (PNG copy)>] [9 <D:/Joker/T
imoshenko/fig/2D_ssss/2d4s_vi_q4_ex/2d_5x5_ex_w5.png (PNG copy)> <D:/Joker/Timo
shenko/fig/2D_ssss/2d4s_vi_q4_ex/2d_5x5_FEM_w5.png (PNG copy)> <D:/Joker/Timosh
enko/fig/2D_ssss/2d4s_vi_q4_ex/2d_5x5_ex_w6.png (PNG copy)> <D:/Joker/Timoshenk
o/fig/2D_ssss/2d4s_vi_q4_ex/2d_5x5_FEM_w6.png (PNG copy)> <D:/Joker/Timoshenko/
fig/2D_ssss/2d4s_vi_q4_ex/2d_5x5_ex_w7.png (PNG copy)> <D:/Joker/Timoshenko/fig
/2D_ssss/2d4s_vi_q4_ex/2d_5x5_FEM_w7.png (PNG copy)> <D:/Joker/Timoshenko/fig/2
D_ssss/2d4s_vi_q4_ex/2d_5x5_ex_w8.png (PNG copy)> <D:/Joker/Timoshenko/fig/2D_s
sss/2d4s_vi_q4_ex/2d_5x5_FEM_w8.png (PNG copy)>] [10 <D:/Joker/Timoshenko/fig/2
D_ssss/2d4s_vi_q4_ex/2d_5x5_ex_w9.png (PNG copy)> <D:/Joker/Timoshenko/fig/2D_s
sss/2d4s_vi_q4_ex/2d_5x5_FEM_w9.png (PNG copy)> <D:/Joker/Timoshenko/fig/2D_sss
s/2d4s_vi_q4_ex/2d_5x5_ex_w10.png (PNG copy)> <D:/Joker/Timoshenko/fig/2D_ssss/
2d4s_vi_q4_ex/2d_5x5_FEM_w10.png (PNG copy)> <D:/Joker/Timoshenko/fig/2D_ssss/2
d4s_vi_q4_ex/2d_5x5_ex_w11.png (PNG copy)> <D:/Joker/Timoshenko/fig/2D_ssss/2d4
s_vi_q4_ex/2d_5x5_FEM_w11.png (PNG copy)> <D:/Joker/Timoshenko/fig/2D_ssss/2d4s
_vi_q4_ex/2d_5x5_ex_w12.png (PNG copy)> <D:/Joker/Timoshenko/fig/2D_ssss/2d4s_v
i_q4_ex/2d_5x5_FEM_w12.png (PNG copy)>] [11] [12] (report2.aux)
 ***********
LaTeX2e <2025-11-01>
L3 programming layer <2022/07/14>
 ***********
 ) 
Here is how much of TeX's memory you used:
 9651 strings out of 467871
 190228 string characters out of 5419344
 592811 words of memory out of 5000000
 38091 multiletter control sequences out of 15000+600000
 694031 words of font info for 284 fonts, out of 8000000 for 9000
 1141 hyphenation exceptions out of 8191
 78i,14n,92p,714b,568s stack positions out of 10000i,1000n,20000p,200000b,200000s
<C:/WINDOWS/Fonts/simhei.ttf><C:/WINDOWS/Fonts/simhei.ttf><C:/WINDOWS/Fonts/s
imsun.ttc><C:/WINDOWS/Fonts/simsun.ttc><C:/WINDOWS/Fonts/simsun.ttc><C:/WINDOWS
/Fonts/simsun.ttc><C:/WINDOWS/Fonts/simhei.ttf><C:/WINDOWS/Fonts/simsun.ttc><C:
/WINDOWS/Fonts/simhei.ttf><C:/WINDOWS/Fonts/simhei.ttf><C:/WINDOWS/Fonts/simsun
.ttc><C:/WINDOWS/Fonts/simsun.ttc><C:/WINDOWS/Fonts/simsun.ttc><C:/WINDOWS/Font
s/simhei.ttf><C:/WINDOWS/Fonts/simhei.ttf><C:/WINDOWS/Fonts/simhei.ttf><C:/WIND
OWS/Fonts/simhei.ttf><C:/WINDOWS/Fonts/simhei.ttf><C:/WINDOWS/Fonts/simhei.ttf>
<C:/WINDOWS/Fonts/simsun.ttc><C:/WINDOWS/Fonts/simsun.ttc><C:/WINDOWS/Fonts/sim
sun.ttc><C:/WINDOWS/Fonts/simhei.ttf><C:/WINDOWS/Fonts/simhei.ttf><C:/WINDOWS/F
onts/simhei.ttf><C:/WINDOWS/Fonts/simsun.ttc><C:/WINDOWS/Fonts/simhei.ttf><C:/W
INDOWS/Fonts/simhei.ttf><C:/WINDOWS/Fonts/simhei.ttf><C:/WINDOWS/Fonts/simhei.t
tf><C:/WINDOWS/Fonts/simhei.ttf><C:/WINDOWS/Fonts/simhei.ttf><C:/WINDOWS/Fonts/
simhei.ttf><C:/WINDOWS/Fonts/simsun.ttc><C:/WINDOWS/Fonts/simsun.ttc><C:/WINDOW
S/Fonts/simhei.ttf><C:/WINDOWS/Fonts/simhei.ttf><C:/WINDOWS/Fonts/simhei.ttf><C
:/WINDOWS/Fonts/simsun.ttc><C:/WINDOWS/Fonts/simhei.ttf><C:/WINDOWS/Fonts/simsu
n.ttc><C:/WINDOWS/Fonts/simsun.ttc><C:/WINDOWS/Fonts/simsun.ttc><C:/WINDOWS/Fon
ts/simhei.ttf><C:/WINDOWS/Fonts/simhei.ttf><C:/WINDOWS/Fonts/simhei.ttf> <C:\Us
ers\adm\AppData\Local\MiKTeX\fonts/pk/ljfour/jknappen/ec/dpi600\tcrm1200.pk><C:
/WINDOWS/Fonts/simhei.ttf><C:/WINDOWS/Fonts/simhei.ttf><C:/WINDOWS/Fonts/simhei
.ttf><C:/WINDOWS/Fonts/simhei.ttf><C:/WINDOWS/Fonts/simhei.ttf><C:/WINDOWS/Font
s/simhei.ttf><C:/WINDOWS/Fonts/simsun.ttc><C:/WINDOWS/Fonts/simsun.ttc><C:/WIND
OWS/Fonts/simsun.ttc><C:/WINDOWS/Fonts/simsun.ttc><C:/WINDOWS/Fonts/simsun.ttc>
<C:/WINDOWS/Fonts/simsun.ttc><C:/WINDOWS/Fonts/simsun.ttc><C:/WINDOWS/Fonts/sim
sun.ttc><C:/WINDOWS/Fonts/simsun.ttc><C:/WINDOWS/Fonts/simsun.ttc><C:/WINDOWS/F
onts/simsun.ttc><C:/WINDOWS/Fonts/simsun.ttc><C:/WINDOWS/Fonts/simsun.ttc><C:/W
INDOWS/Fonts/simsun.ttc><C:/WINDOWS/Fonts/simsun.ttc><C:/WINDOWS/Fonts/simsun.t
tc><C:/WINDOWS/Fonts/simsun.ttc><C:/WINDOWS/Fonts/simsun.ttc><C:/WINDOWS/Fonts/
simsun.ttc><C:/WINDOWS/Fonts/simsun.ttc><C:/WINDOWS/Fonts/simsun.ttc><C:/WINDOW
S/Fonts/simsun.ttc><C:/WINDOWS/Fonts/simsun.ttc><C:/WINDOWS/Fonts/simsun.ttc><C
:/WINDOWS/Fonts/simsun.ttc><C:/WINDOWS/Fonts/simsun.ttc><C:/WINDOWS/Fonts/simsu
n.ttc><C:/WINDOWS/Fonts/simsun.ttc><C:/WINDOWS/Fonts/simsun.ttc><C:/WINDOWS/Fon
ts/simhei.ttf><C:/WINDOWS/Fonts/simhei.ttf><C:/WINDOWS/Fonts/simsun.ttc><C:/WIN
DOWS/Fonts/simsun.ttc><C:/WINDOWS/Fonts/simsun.ttc><C:/WINDOWS/Fonts/simsun.ttc
><C:/WINDOWS/Fonts/simsun.ttc><C:/WINDOWS/Fonts/simsun.ttc><C:/WINDOWS/Fonts/si
msun.ttc><C:/WINDOWS/Fonts/simsun.ttc><C:/WINDOWS/Fonts/simsun.ttc><C:/WINDOWS/
Fonts/simsun.ttc><C:/WINDOWS/Fonts/simsun.ttc><C:/WINDOWS/Fonts/simsun.ttc><C:/
WINDOWS/Fonts/simsun.ttc><C:/WINDOWS/Fonts/simsun.ttc><C:/WINDOWS/Fonts/simsun.
ttc><C:/WINDOWS/Fonts/simsun.ttc><C:/WINDOWS/Fonts/simsun.ttc><C:/WINDOWS/Fonts
/simsun.ttc><C:/WINDOWS/Fonts/simsun.ttc><C:/WINDOWS/Fonts/simsun.ttc><C:/Users
/adm/AppData/Local/Programs/MiKTeX/fonts/type1/public/amsfonts/cm/cmbx12.pfb><C
:/Users/adm/AppData/Local/Programs/MiKTeX/fonts/type1/public/amsfonts/cm/cmmi12
.pfb><C:/Users/adm/AppData/Local/Programs/MiKTeX/fonts/type1/public/amsfonts/cm
/cmmi8.pfb><C:/Users/adm/AppData/Local/Programs/MiKTeX/fonts/type1/public/amsfo
nts/cm/cmr10.pfb><C:/Users/adm/AppData/Local/Programs/MiKTeX/fonts/type1/public
/amsfonts/cm/cmr12.pfb><C:/Users/adm/AppData/Local/Programs/MiKTeX/fonts/type1/
public/amsfonts/cm/cmr17.pfb><C:/Users/adm/AppData/Local/Programs/MiKTeX/fonts/
type1/public/amsfonts/cm/cmr6.pfb><C:/Users/adm/AppData/Local/Programs/MiKTeX/f
onts/type1/public/amsfonts/cm/cmr8.pfb><C:/Users/adm/AppData/Local/Programs/MiK
TeX/fonts/type1/public/amsfonts/cm/cmsy10.pfb><C:/Users/adm/AppData/Local/Progr
ams/MiKTeX/fonts/type1/public/amsfonts/cm/cmsy8.pfb><C:/Users/adm/AppData/Local
/Programs/MiKTeX/fonts/type1/public/amsfonts/cm/cmti12.pfb>
Output written on report2.pdf (12 pages, 8877758 bytes).
PDF statistics:
 629 PDF objects out of 1000 (max. 8388607)
 0 named destinations out of 1000 (max. 500000)
 513 words of extra memory for PDF output out of 10000 (max. 10000000)

