This is pdfTeX, Version 3.141592653-2.6-1.40.28 (MiKTeX 25.12) (preloaded format=pdflatex 2026.5.20)  25 MAY 2026 09:31
entering extended mode
 restricted \write18 enabled.
 %&-line parsing enabled.
**d:/Joker/Timoshenko/reports/exp/mindlin_buckling.tex
(d:/Joker/Timoshenko/reports/exp/mindlin_buckling.tex
LaTeX2e <2025-11-01>
L3 programming layer <2025-12-24>
(C:\Users\adm\AppData\Local\Programs\MiKTeX\tex/latex/base\article.cls
Document Class: article 2025/01/22 v1.4n Standard LaTeX document class
(C:\Users\adm\AppData\Local\Programs\MiKTeX\tex/latex/base\size12.clo
File: size12.clo 2025/01/22 v1.4n Standard LaTeX file (size option)
)
\c@part=\count275
\c@section=\count276
\c@subsection=\count277
\c@subsubsection=\count278
\c@paragraph=\count279
\c@subparagraph=\count280
\c@figure=\count281
\c@table=\count282
\abovecaptionskip=\skip49
\belowcaptionskip=\skip50
\bibindent=\dimen148
)
(C:\Users\adm\AppData\Local\Programs\MiKTeX\tex/latex/ctex\ctex.sty
(C:\Users\adm\AppData\Local\Programs\MiKTeX\tex/latex/l3kernel\expl3.sty
Package: expl3 2025-12-24 L3 programming layer (loader) 

(C:\Users\adm\AppData\Local\Programs\MiKTeX\tex/latex/l3backend\l3backend-pdfte
x.def
File: l3backend-pdftex.def 2025-10-09 L3 backend support: PDF output (pdfTeX)
\l__color_backend_stack_int=\count283
))
Package: ctex 2022/07/14 v2.5.10 Chinese adapter in LaTeX (CTEX)
 (C:\Users\adm\AppData\Local\Programs\MiKTeX\tex/latex/ctex\ctexhook.sty
Package: ctexhook 2022/07/14 v2.5.10 Document and package hooks (CTEX)
) (C:\Users\adm\AppData\Local\Programs\MiKTeX\tex/latex/ctex\ctexpatch.sty
Package: ctexpatch 2022/07/14 v2.5.10 Patching commands (CTEX)
)
(C:\Users\adm\AppData\Local\Programs\MiKTeX\tex/latex/base\fix-cm.sty
Package: fix-cm 2020/11/24 v1.1t fixes to LaTeX

(C:\Users\adm\AppData\Local\Programs\MiKTeX\tex/latex/base\ts1enc.def
File: ts1enc.def 2001/06/05 v3.0e (jk/car/fm) Standard LaTeX file
LaTeX Font Info:    Redeclaring font encoding TS1 on input line 47.
LaTeX Encoding Info:    Redeclaring text command \capitalcedilla (encoding TS1)
 on input line 49.
LaTeX Encoding Info:    Redeclaring text command \capitalogonek (encoding TS1) 
on input line 52.
LaTeX Encoding Info:    Redeclaring text command \capitalgrave (encoding TS1) o
n input line 55.
LaTeX Encoding Info:    Redeclaring text command \capitalacute (encoding TS1) o
n input line 56.
LaTeX Encoding Info:    Redeclaring text command \capitalcircumflex (encoding T
S1) on input line 57.
LaTeX Encoding Info:    Redeclaring text command \capitaltilde (encoding TS1) o
n input line 58.
LaTeX Encoding Info:    Redeclaring text command \capitaldieresis (encoding TS1
) on input line 59.
LaTeX Encoding Info:    Redeclaring text command \capitalhungarumlaut (encoding
 TS1) on input line 60.
LaTeX Encoding Info:    Redeclaring text command \capitalring (encoding TS1) on
 input line 61.
LaTeX Encoding Info:    Redeclaring text command \capitalcaron (encoding TS1) o
n input line 62.
LaTeX Encoding Info:    Redeclaring text command \capitalbreve (encoding TS1) o
n input line 63.
LaTeX Encoding Info:    Redeclaring text command \capitalmacron (encoding TS1) 
on input line 64.
LaTeX Encoding Info:    Redeclaring text command \capitaldotaccent (encoding TS
1) on input line 65.
LaTeX Encoding Info:    Redeclaring text command \t (encoding TS1) on input lin
e 66.
LaTeX Encoding Info:    Redeclaring text command \capitaltie (encoding TS1) on 
input line 67.
LaTeX Encoding Info:    Redeclaring text command \newtie (encoding TS1) on inpu
t line 68.
LaTeX Encoding Info:    Redeclaring text command \capitalnewtie (encoding TS1) 
on input line 69.
LaTeX Encoding Info:    Redeclaring text symbol \textcapitalcompwordmark (encod
ing TS1) on input line 70.
LaTeX Encoding Info:    Redeclaring text symbol \textascendercompwordmark (enco
ding TS1) on input line 71.
LaTeX Encoding Info:    Redeclaring text symbol \textquotestraightbase (encodin
g TS1) on input line 72.
LaTeX Encoding Info:    Redeclaring text symbol \textquotestraightdblbase (enco
ding TS1) on input line 73.
LaTeX Encoding Info:    Redeclaring text symbol \texttwelveudash (encoding TS1)
 on input line 74.
LaTeX Encoding Info:    Redeclaring text symbol \textthreequartersemdash (encod
ing TS1) on input line 75.
LaTeX Encoding Info:    Redeclaring text symbol \textleftarrow (encoding TS1) o
n input line 76.
LaTeX Encoding Info:    Redeclaring text symbol \textrightarrow (encoding TS1) 
on input line 77.
LaTeX Encoding Info:    Redeclaring text symbol \textblank (encoding TS1) on in
put line 78.
LaTeX Encoding Info:    Redeclaring text symbol \textdollar (encoding TS1) on i
nput line 79.
LaTeX Encoding Info:    Redeclaring text symbol \textquotesingle (encoding TS1)
 on input line 80.
LaTeX Encoding Info:    Redeclaring text command \textasteriskcentered (encodin
g TS1) on input line 81.
LaTeX Encoding Info:    Redeclaring text symbol \textdblhyphen (encoding TS1) o
n input line 92.
LaTeX Encoding Info:    Redeclaring text symbol \textfractionsolidus (encoding 
TS1) on input line 93.
LaTeX Encoding Info:    Redeclaring text symbol \textzerooldstyle (encoding TS1
) on input line 94.
LaTeX Encoding Info:    Redeclaring text symbol \textoneoldstyle (encoding TS1)
 on input line 95.
LaTeX Encoding Info:    Redeclaring text symbol \texttwooldstyle (encoding TS1)
 on input line 96.
LaTeX Encoding Info:    Redeclaring text symbol \textthreeoldstyle (encoding TS
1) on input line 97.
LaTeX Encoding Info:    Redeclaring text symbol \textfouroldstyle (encoding TS1
) on input line 98.
LaTeX Encoding Info:    Redeclaring text symbol \textfiveoldstyle (encoding TS1
) on input line 99.
LaTeX Encoding Info:    Redeclaring text symbol \textsixoldstyle (encoding TS1)
 on input line 100.
LaTeX Encoding Info:    Redeclaring text symbol \textsevenoldstyle (encoding TS
1) on input line 101.
LaTeX Encoding Info:    Redeclaring text symbol \texteightoldstyle (encoding TS
1) on input line 102.
LaTeX Encoding Info:    Redeclaring text symbol \textnineoldstyle (encoding TS1
) on input line 103.
LaTeX Encoding Info:    Redeclaring text symbol \textlangle (encoding TS1) on i
nput line 104.
LaTeX Encoding Info:    Redeclaring text symbol \textminus (encoding TS1) on in
put line 105.
LaTeX Encoding Info:    Redeclaring text symbol \textrangle (encoding TS1) on i
nput line 106.
LaTeX Encoding Info:    Redeclaring text symbol \textmho (encoding TS1) on inpu
t line 107.
LaTeX Encoding Info:    Redeclaring text symbol \textbigcircle (encoding TS1) o
n input line 108.
LaTeX Encoding Info:    Redeclaring text command \textcircled (encoding TS1) on
 input line 109.
LaTeX Encoding Info:    Redeclaring text symbol \textohm (encoding TS1) on inpu
t line 115.
LaTeX Encoding Info:    Redeclaring text symbol \textlbrackdbl (encoding TS1) o
n input line 116.
LaTeX Encoding Info:    Redeclaring text symbol \textrbrackdbl (encoding TS1) o
n input line 117.
LaTeX Encoding Info:    Redeclaring text symbol \textuparrow (encoding TS1) on 
input line 118.
LaTeX Encoding Info:    Redeclaring text symbol \textdownarrow (encoding TS1) o
n input line 119.
LaTeX Encoding Info:    Redeclaring text symbol \textasciigrave (encoding TS1) 
on input line 120.
LaTeX Encoding Info:    Redeclaring text symbol \textborn (encoding TS1) on inp
ut line 121.
LaTeX Encoding Info:    Redeclaring text symbol \textdivorced (encoding TS1) on
 input line 122.
LaTeX Encoding Info:    Redeclaring text symbol \textdied (encoding TS1) on inp
ut line 123.
LaTeX Encoding Info:    Redeclaring text symbol \textleaf (encoding TS1) on inp
ut line 124.
LaTeX Encoding Info:    Redeclaring text symbol \textmarried (encoding TS1) on 
input line 125.
LaTeX Encoding Info:    Redeclaring text symbol \textmusicalnote (encoding TS1)
 on input line 126.
LaTeX Encoding Info:    Redeclaring text symbol \texttildelow (encoding TS1) on
 input line 127.
LaTeX Encoding Info:    Redeclaring text symbol \textdblhyphenchar (encoding TS
1) on input line 128.
LaTeX Encoding Info:    Redeclaring text symbol \textasciibreve (encoding TS1) 
on input line 129.
LaTeX Encoding Info:    Redeclaring text symbol \textasciicaron (encoding TS1) 
on input line 130.
LaTeX Encoding Info:    Redeclaring text symbol \textacutedbl (encoding TS1) on
 input line 131.
LaTeX Encoding Info:    Redeclaring text symbol \textgravedbl (encoding TS1) on
 input line 132.
LaTeX Encoding Info:    Redeclaring text symbol \textdagger (encoding TS1) on i
nput line 133.
LaTeX Encoding Info:    Redeclaring text symbol \textdaggerdbl (encoding TS1) o
n input line 134.
LaTeX Encoding Info:    Redeclaring text symbol \textbardbl (encoding TS1) on i
nput line 135.
LaTeX Encoding Info:    Redeclaring text symbol \textperthousand (encoding TS1)
 on input line 136.
LaTeX Encoding Info:    Redeclaring text symbol \textbullet (encoding TS1) on i
nput line 137.
LaTeX Encoding Info:    Redeclaring text symbol \textcelsius (encoding TS1) on 
input line 138.
LaTeX Encoding Info:    Redeclaring text symbol \textdollaroldstyle (encoding T
S1) on input line 139.
LaTeX Encoding Info:    Redeclaring text symbol \textcentoldstyle (encoding TS1
) on input line 140.
LaTeX Encoding Info:    Redeclaring text symbol \textflorin (encoding TS1) on i
nput line 141.
LaTeX Encoding Info:    Redeclaring text symbol \textcolonmonetary (encoding TS
1) on input line 142.
LaTeX Encoding Info:    Redeclaring text symbol \textwon (encoding TS1) on inpu
t line 143.
LaTeX Encoding Info:    Redeclaring text symbol \textnaira (encoding TS1) on in
put line 144.
LaTeX Encoding Info:    Redeclaring text symbol \textguarani (encoding TS1) on 
input line 145.
LaTeX Encoding Info:    Redeclaring text symbol \textpeso (encoding TS1) on inp
ut line 146.
LaTeX Encoding Info:    Redeclaring text symbol \textlira (encoding TS1) on inp
ut line 147.
LaTeX Encoding Info:    Redeclaring text symbol \textrecipe (encoding TS1) on i
nput line 148.
LaTeX Encoding Info:    Redeclaring text symbol \textinterrobang (encoding TS1)
 on input line 149.
LaTeX Encoding Info:    Redeclaring text symbol \textinterrobangdown (encoding 
TS1) on input line 150.
LaTeX Encoding Info:    Redeclaring text symbol \textdong (encoding TS1) on inp
ut line 151.
LaTeX Encoding Info:    Redeclaring text symbol \texttrademark (encoding TS1) o
n input line 152.
LaTeX Encoding Info:    Redeclaring text symbol \textpertenthousand (encoding T
S1) on input line 153.
LaTeX Encoding Info:    Redeclaring text symbol \textpilcrow (encoding TS1) on 
input line 154.
LaTeX Encoding Info:    Redeclaring text symbol \textbaht (encoding TS1) on inp
ut line 155.
LaTeX Encoding Info:    Redeclaring text symbol \textnumero (encoding TS1) on i
nput line 156.
LaTeX Encoding Info:    Redeclaring text symbol \textdiscount (encoding TS1) on
 input line 157.
LaTeX Encoding Info:    Redeclaring text symbol \textestimated (encoding TS1) o
n input line 158.
LaTeX Encoding Info:    Redeclaring text symbol \textopenbullet (encoding TS1) 
on input line 159.
LaTeX Encoding Info:    Redeclaring text symbol \textservicemark (encoding TS1)
 on input line 160.
LaTeX Encoding Info:    Redeclaring text symbol \textlquill (encoding TS1) on i
nput line 161.
LaTeX Encoding Info:    Redeclaring text symbol \textrquill (encoding TS1) on i
nput line 162.
LaTeX Encoding Info:    Redeclaring text symbol \textcent (encoding TS1) on inp
ut line 163.
LaTeX Encoding Info:    Redeclaring text symbol \textsterling (encoding TS1) on
 input line 164.
LaTeX Encoding Info:    Redeclaring text symbol \textcurrency (encoding TS1) on
 input line 165.
LaTeX Encoding Info:    Redeclaring text symbol \textyen (encoding TS1) on inpu
t line 166.
LaTeX Encoding Info:    Redeclaring text symbol \textbrokenbar (encoding TS1) o
n input line 167.
LaTeX Encoding Info:    Redeclaring text symbol \textsection (encoding TS1) on 
input line 168.
LaTeX Encoding Info:    Redeclaring text symbol \textasciidieresis (encoding TS
1) on input line 169.
LaTeX Encoding Info:    Redeclaring text symbol \textcopyright (encoding TS1) o
n input line 170.
LaTeX Encoding Info:    Redeclaring text symbol \textordfeminine (encoding TS1)
 on input line 171.
LaTeX Encoding Info:    Redeclaring text symbol \textcopyleft (encoding TS1) on
 input line 172.
LaTeX Encoding Info:    Redeclaring text symbol \textlnot (encoding TS1) on inp
ut line 173.
LaTeX Encoding Info:    Redeclaring text symbol \textcircledP (encoding TS1) on
 input line 174.
LaTeX Encoding Info:    Redeclaring text symbol \textregistered (encoding TS1) 
on input line 175.
LaTeX Encoding Info:    Redeclaring text symbol \textasciimacron (encoding TS1)
 on input line 176.
LaTeX Encoding Info:    Redeclaring text symbol \textdegree (encoding TS1) on i
nput line 177.
LaTeX Encoding Info:    Redeclaring text symbol \textpm (encoding TS1) on input
 line 178.
LaTeX Encoding Info:    Redeclaring text symbol \texttwosuperior (encoding TS1)
 on input line 179.
LaTeX Encoding Info:    Redeclaring text symbol \textthreesuperior (encoding TS
1) on input line 180.
LaTeX Encoding Info:    Redeclaring text symbol \textasciiacute (encoding TS1) 
on input line 181.
LaTeX Encoding Info:    Redeclaring text symbol \textmu (encoding TS1) on input
 line 182.
LaTeX Encoding Info:    Redeclaring text symbol \textparagraph (encoding TS1) o
n input line 183.
LaTeX Encoding Info:    Redeclaring text symbol \textperiodcentered (encoding T
S1) on input line 184.
LaTeX Encoding Info:    Redeclaring text symbol \textreferencemark (encoding TS
1) on input line 185.
LaTeX Encoding Info:    Redeclaring text symbol \textonesuperior (encoding TS1)
 on input line 186.
LaTeX Encoding Info:    Redeclaring text symbol \textordmasculine (encoding TS1
) on input line 187.
LaTeX Encoding Info:    Redeclaring text symbol \textsurd (encoding TS1) on inp
ut line 188.
LaTeX Encoding Info:    Redeclaring text symbol \textonequarter (encoding TS1) 
on input line 189.
LaTeX Encoding Info:    Redeclaring text symbol \textonehalf (encoding TS1) on 
input line 190.
LaTeX Encoding Info:    Redeclaring text symbol \textthreequarters (encoding TS
1) on input line 191.
LaTeX Encoding Info:    Redeclaring text symbol \texteuro (encoding TS1) on inp
ut line 192.
LaTeX Encoding Info:    Redeclaring text symbol \texttimes (encoding TS1) on in
put line 193.
LaTeX Encoding Info:    Redeclaring text symbol \textdiv (encoding TS1) on inpu
t line 194.
))
\l__ctex_tmp_int=\count284
\l__ctex_tmp_box=\box53
\l__ctex_tmp_dim=\dimen149
\g__ctex_section_depth_int=\count285
\g__ctex_font_size_int=\count286

(C:\Users\adm\AppData\Local\Programs\MiKTeX\tex/latex/ctex/config\ctexopts.cfg
File: ctexopts.cfg 2022/07/14 v2.5.10 Option configuration file (CTEX)
)
(C:\Users\adm\AppData\Local\Programs\MiKTeX\tex/latex/ctex/engine\ctex-engine-p
dftex.def
File: ctex-engine-pdftex.def 2022/07/14 v2.5.10 (pdf)LaTeX adapter (CTEX)
 (C:\Users\adm\AppData\Local\Programs\MiKTeX\tex/latex/cjk\CJKutf8.sty
Package: CJKutf8 2021/10/16 4.8.5
(C:\Users\adm\AppData\Local\Programs\MiKTeX\tex/generic/iftex\ifpdf.sty
Package: ifpdf 2019/10/25 v3.4 ifpdf legacy package. Use iftex instead.

(C:\Users\adm\AppData\Local\Programs\MiKTeX\tex/generic/iftex\iftex.sty
Package: iftex 2024/12/12 v1.0g TeX engine tests
))
(C:\Users\adm\AppData\Local\Programs\MiKTeX\tex/latex/base\inputenc.sty
Package: inputenc 2024/02/08 v1.3d Input encoding file
\inpenc@prehook=\toks17
\inpenc@posthook=\toks18
)
(C:\Users\adm\AppData\Local\Programs\MiKTeX\tex/latex/cjk\CJK.sty
Package: CJK 2021/10/16 4.8.5

(C:\Users\adm\AppData\Local\Programs\MiKTeX\tex/latex/cjk/mule\MULEenc.sty
Package: MULEenc 2021/10/16 4.8.5
)
(C:\Users\adm\AppData\Local\Programs\MiKTeX\tex/latex/cjk\CJK.enc
File: CJK.enc 2021/10/16 4.8.5
Now handling font encoding C00 ...
... no UTF-8 mapping file for font encoding C00
Now handling font encoding C05 ...
... no UTF-8 mapping file for font encoding C05
Now handling font encoding C09 ...
... no UTF-8 mapping file for font encoding C09
Now handling font encoding C10 ...
... no UTF-8 mapping file for font encoding C10
Now handling font encoding C20 ...
... no UTF-8 mapping file for font encoding C20
Now handling font encoding C19 ...
... no UTF-8 mapping file for font encoding C19
Now handling font encoding C40 ...
... no UTF-8 mapping file for font encoding C40
Now handling font encoding C42 ...
... no UTF-8 mapping file for font encoding C42
Now handling font encoding C43 ...
... no UTF-8 mapping file for font encoding C43
Now handling font encoding C50 ...
... no UTF-8 mapping file for font encoding C50
Now handling font encoding C52 ...
... no UTF-8 mapping file for font encoding C52
Now handling font encoding C49 ...
... no UTF-8 mapping file for font encoding C49
Now handling font encoding C60 ...
... no UTF-8 mapping file for font encoding C60
Now handling font encoding C61 ...
... no UTF-8 mapping file for font encoding C61
Now handling font encoding C63 ...
... no UTF-8 mapping file for font encoding C63
Now handling font encoding C64 ...
... no UTF-8 mapping file for font encoding C64
Now handling font encoding C65 ...
... no UTF-8 mapping file for font encoding C65
Now handling font encoding C70 ...
... no UTF-8 mapping file for font encoding C70
Now handling font encoding C31 ...
... no UTF-8 mapping file for font encoding C31
Now handling font encoding C32 ...
... no UTF-8 mapping file for font encoding C32
Now handling font encoding C33 ...
... no UTF-8 mapping file for font encoding C33
Now handling font encoding C34 ...
... no UTF-8 mapping file for font encoding C34
Now handling font encoding C35 ...
... no UTF-8 mapping file for font encoding C35
Now handling font encoding C36 ...
... no UTF-8 mapping file for font encoding C36
Now handling font encoding C37 ...
... no UTF-8 mapping file for font encoding C37
Now handling font encoding C80 ...
... no UTF-8 mapping file for font encoding C80
Now handling font encoding C81 ...
... no UTF-8 mapping file for font encoding C81
Now handling font encoding C01 ...
... no UTF-8 mapping file for font encoding C01
Now handling font encoding C11 ...
... no UTF-8 mapping file for font encoding C11
Now handling font encoding C21 ...
... no UTF-8 mapping file for font encoding C21
Now handling font encoding C41 ...
... no UTF-8 mapping file for font encoding C41
Now handling font encoding C62 ...
... no UTF-8 mapping file for font encoding C62
)
\CJK@indent=\box54
)
(C:\Users\adm\AppData\Local\Programs\MiKTeX\tex/latex/base\fontenc.sty
Package: fontenc 2025/07/18 v2.1d Standard LaTeX package
))
(C:\Users\adm\AppData\Local\Programs\MiKTeX\tex/latex/cjkpunct\CJKpunct.sty
Package: CJKpunct 2016/05/14 4.8.4
\CJKpunct@cnta=\count287
\CJKpunct@cntb=\count288
\CJKpunct@cntc=\count289
\CJKpunct@cntd=\count290
\CJKpunct@cnte=\count291
   defining Unicode char U+2018 (decimal 8216)
   defining Unicode char U+2019 (decimal 8217)
   defining Unicode char U+201C (decimal 8220)
   defining Unicode char U+201D (decimal 8221)
   defining Unicode char U+2014 (decimal 8212)
   defining Unicode char U+2026 (decimal 8230)

(C:\Users\adm\AppData\Local\Programs\MiKTeX\tex/latex/cjkpunct\CJKpunct.spa))
(C:\Users\adm\AppData\Local\Programs\MiKTeX\tex/latex/cjk\CJKspace.sty
Package: CJKspace 2021/10/16 3.8.0
)
(C:\Users\adm\AppData\Local\Programs\MiKTeX\tex/latex/cjk/UTF8\UTF8.bdg
File: UTF8.bdg 2021/10/16 4.8.5
)
(C:\Users\adm\AppData\Local\Programs\MiKTeX\tex/latex/ctex\ctexspa.def
File: ctexspa.def 2022/07/14 v2.5.10 Space info for CJKpunct (CTEX)
)
\ccwd=\dimen150
\l__ctex_ccglue_skip=\skip51
)
\l__ctex_ziju_dim=\dimen151

(C:\Users\adm\AppData\Local\Programs\MiKTeX\tex/latex/zhnumber\zhnumber.sty
Package: zhnumber 2022/07/14 v3.0 Typesetting numbers with Chinese glyphs
\l__zhnum_scale_int=\count292
\l__zhnum_tmp_int=\count293

(C:\Users\adm\AppData\Local\Programs\MiKTeX\tex/latex/zhnumber\zhnumber-utf8.cf
g
File: zhnumber-utf8.cfg 2022/07/14 v3.0 Chinese numerals with UTF8 encoding
))
(C:\Users\adm\AppData\Local\Programs\MiKTeX\tex/latex/ctex/scheme\ctex-scheme-c
hinese.def
File: ctex-scheme-chinese.def 2022/07/14 v2.5.10 Chinese scheme for generic (CT
EX)

(C:\Users\adm\AppData\Local\Programs\MiKTeX\tex/latex/ctex/config\ctex-name-utf
8.cfg
File: ctex-name-utf8.cfg 2022/07/14 v2.5.10 Caption with encoding UTF-8 (CTEX)
))
(C:\Users\adm\AppData\Local\Programs\MiKTeX\tex/latex/tools\indentfirst.sty
Package: indentfirst 2023/07/02 v1.03 Indent first paragraph (DPC)
)
(C:\Users\adm\AppData\Local\Programs\MiKTeX\tex/latex/ctex/fontset\ctex-fontset
-windows.def
File: ctex-fontset-windows.def 2022/07/14 v2.5.10 Windows fonts definition (CTE
X)
))
(C:\Users\adm\AppData\Local\Programs\MiKTeX\tex/latex/ctex/config\ctex.cfg
File: ctex.cfg 2022/07/14 v2.5.10 Configuration file (CTEX)
)
(C:\Users\adm\AppData\Local\Programs\MiKTeX\tex/latex/geometry\geometry.sty
Package: geometry 2026/03/07 v6.0 Page Geometry

(C:\Users\adm\AppData\Local\Programs\MiKTeX\tex/latex/graphics\keyval.sty
Package: keyval 2022/05/29 v1.15 key=value parser (DPC)
\KV@toks@=\toks19
)
(C:\Users\adm\AppData\Local\Programs\MiKTeX\tex/generic/iftex\ifvtex.sty
Package: ifvtex 2019/10/25 v1.7 ifvtex legacy package. Use iftex instead.
)
\Gm@cnth=\count294
\Gm@cntv=\count295
\c@Gm@tempcnt=\count296
\Gm@bindingoffset=\dimen152
\Gm@wd@mp=\dimen153
\Gm@odd@mp=\dimen154
\Gm@even@mp=\dimen155
\Gm@layoutwidth=\dimen156
\Gm@layoutheight=\dimen157
\Gm@layouthoffset=\dimen158
\Gm@layoutvoffset=\dimen159
\Gm@dimlist=\toks20

(C:\Users\adm\AppData\Local\Programs\MiKTeX\tex/latex/geometry\geometry.cfg))
(C:\Users\adm\AppData\Local\Programs\MiKTeX\tex/latex/amsmath\amsmath.sty
Package: amsmath 2025/07/09 v2.17z AMS math features
\@mathmargin=\skip52

For additional information on amsmath, use the `?' option.
(C:\Users\adm\AppData\Local\Programs\MiKTeX\tex/latex/amsmath\amstext.sty
Package: amstext 2024/11/17 v2.01 AMS text

(C:\Users\adm\AppData\Local\Programs\MiKTeX\tex/latex/amsmath\amsgen.sty
File: amsgen.sty 1999/11/30 v2.0 generic functions
\@emptytoks=\toks21
\ex@=\dimen160
))
(C:\Users\adm\AppData\Local\Programs\MiKTeX\tex/latex/amsmath\amsbsy.sty
Package: amsbsy 1999/11/29 v1.2d Bold Symbols
\pmbraise@=\dimen161
)
(C:\Users\adm\AppData\Local\Programs\MiKTeX\tex/latex/amsmath\amsopn.sty
Package: amsopn 2022/04/08 v2.04 operator names
)
\inf@bad=\count297
LaTeX Info: Redefining \frac on input line 233.
\uproot@=\count298
\leftroot@=\count299
LaTeX Info: Redefining \overline on input line 398.
LaTeX Info: Redefining \colon on input line 409.
\classnum@=\count300
\DOTSCASE@=\count301
LaTeX Info: Redefining \ldots on input line 495.
LaTeX Info: Redefining \dots on input line 498.
LaTeX Info: Redefining \cdots on input line 619.
\Mathstrutbox@=\box55
\strutbox@=\box56
LaTeX Info: Redefining \big on input line 721.
LaTeX Info: Redefining \Big on input line 722.
LaTeX Info: Redefining \bigg on input line 723.
LaTeX Info: Redefining \Bigg on input line 724.
\big@size=\dimen162
LaTeX Font Info:    Redeclaring font encoding OML on input line 742.
LaTeX Font Info:    Redeclaring font encoding OMS on input line 743.
\macc@depth=\count302
LaTeX Info: Redefining \bmod on input line 904.
LaTeX Info: Redefining \pmod on input line 909.
LaTeX Info: Redefining \smash on input line 939.
LaTeX Info: Redefining \relbar on input line 969.
LaTeX Info: Redefining \Relbar on input line 970.
\c@MaxMatrixCols=\count303
\dotsspace@=\muskip17
\c@parentequation=\count304
\dspbrk@lvl=\count305
\tag@help=\toks22
\row@=\count306
\column@=\count307
\maxfields@=\count308
\andhelp@=\toks23
\eqnshift@=\dimen163
\alignsep@=\dimen164
\tagshift@=\dimen165
\tagwidth@=\dimen166
\totwidth@=\dimen167
\lineht@=\dimen168
\@envbody=\toks24
\multlinegap=\skip53
\multlinetaggap=\skip54
\mathdisplay@stack=\toks25
LaTeX Info: Redefining \[ on input line 2950.
LaTeX Info: Redefining \] on input line 2951.
)
(C:\Users\adm\AppData\Local\Programs\MiKTeX\tex/latex/amsfonts\amssymb.sty
Package: amssymb 2013/01/14 v3.01 AMS font symbols

(C:\Users\adm\AppData\Local\Programs\MiKTeX\tex/latex/amsfonts\amsfonts.sty
Package: amsfonts 2013/01/14 v3.01 Basic AMSFonts support
\symAMSa=\mathgroup4
\symAMSb=\mathgroup5
LaTeX Font Info:    Redeclaring math symbol \hbar on input line 98.
LaTeX Font Info:    Overwriting math alphabet `\mathfrak' in version `bold'
(Font)                  U/euf/m/n --> U/euf/b/n on input line 106.
))
(C:\Users\adm\AppData\Local\Programs\MiKTeX\tex/latex/tools\longtable.sty
Package: longtable 2025-10-13 v4.24 Multi-page Table package (DPC)
\LTleft=\skip55
\LTright=\skip56
\LTpre=\skip57
\LTpost=\skip58
\LTchunksize=\count309
\LTcapwidth=\dimen169
\LT@head=\box57
\LT@firsthead=\box58
\LT@foot=\box59
\LT@lastfoot=\box60
\LT@gbox=\box61
\LT@cols=\count310
\LT@rows=\count311
\c@LT@tables=\count312
\c@LT@chunks=\count313
\LT@p@ftn=\toks26
)
(C:\Users\adm\AppData\Local\Programs\MiKTeX\tex/latex/tools\array.sty
Package: array 2025/09/25 v2.6n Tabular extension package (FMi)
\col@sep=\dimen170
\ar@mcellbox=\box62
\extrarowheight=\dimen171
\NC@list=\toks27
\extratabsurround=\skip59
\backup@length=\skip60
\ar@cellbox=\box63
)
(C:\Users\adm\AppData\Local\Programs\MiKTeX\tex/latex/booktabs\booktabs.sty
Package: booktabs 2020/01/12 v1.61803398 Publication quality tables
\heavyrulewidth=\dimen172
\lightrulewidth=\dimen173
\cmidrulewidth=\dimen174
\belowrulesep=\dimen175
\belowbottomsep=\dimen176
\aboverulesep=\dimen177
\abovetopsep=\dimen178
\cmidrulesep=\dimen179
\cmidrulekern=\dimen180
\defaultaddspace=\dimen181
\@cmidla=\count314
\@cmidlb=\count315
\@aboverulesep=\dimen182
\@belowrulesep=\dimen183
\@thisruleclass=\count316
\@lastruleclass=\count317
\@thisrulewidth=\dimen184
)
(C:\Users\adm\AppData\Local\Programs\MiKTeX\tex/latex/multirow\multirow.sty
Package: multirow 2024/11/12 v2.9 Span multiple rows of a table
\multirow@colwidth=\skip61
\multirow@cntb=\count318
\multirow@dima=\skip62
\bigstrutjot=\dimen185
)
(C:\Users\adm\AppData\Local\Programs\MiKTeX\tex/latex/caption\caption.sty
Package: caption 2023/08/05 v3.6o Customizing captions (AR)

(C:\Users\adm\AppData\Local\Programs\MiKTeX\tex/latex/caption\caption3.sty
Package: caption3 2023/07/31 v2.4d caption3 kernel (AR)
\caption@tempdima=\dimen186
\captionmargin=\dimen187
\caption@leftmargin=\dimen188
\caption@rightmargin=\dimen189
\caption@width=\dimen190
\caption@indent=\dimen191
\caption@parindent=\dimen192
\caption@hangindent=\dimen193
Package caption Info: Standard document class detected.
)
\c@caption@flags=\count319
\c@continuedfloat=\count320
Package caption Info: longtable package is loaded.

(C:\Users\adm\AppData\Local\Programs\MiKTeX\tex/latex/caption\ltcaption.sty
Package: ltcaption 2021/01/08 v1.4c longtable captions (AR)
))
(C:\Users\adm\AppData\Local\Programs\MiKTeX\tex/latex/pdflscape\pdflscape.sty
Package: pdflscape 2022-10-27 v0.13 Display of landscape pages in PDF

(C:\Users\adm\AppData\Local\Programs\MiKTeX\tex/latex/pdflscape\pdflscape-nomet
adata.sty
Package: pdflscape-nometadata 2022-10-28 v0.13 Display of landscape pages in PD
F (HO)

(C:\Users\adm\AppData\Local\Programs\MiKTeX\tex/latex/graphics\lscape.sty
Package: lscape 2020/05/28 v3.02 Landscape Pages (DPC)

(C:\Users\adm\AppData\Local\Programs\MiKTeX\tex/latex/graphics\graphics.sty
Package: graphics 2024/08/06 v1.4g Standard LaTeX Graphics (DPC,SPQR)

(C:\Users\adm\AppData\Local\Programs\MiKTeX\tex/latex/graphics\trig.sty
Package: trig 2023/12/02 v1.11 sin cos tan (DPC)
)
(C:\Users\adm\AppData\Local\Programs\MiKTeX\tex/latex/graphics-cfg\graphics.cfg
File: graphics.cfg 2016/06/04 v1.11 sample graphics configuration
)
Package graphics Info: Driver file: pdftex.def on input line 106.
 (C:\Users\adm\AppData\Local\Programs\MiKTeX\tex/latex/graphics-def\pdftex.def
File: pdftex.def 2025/09/29 v1.2d Graphics/color driver for pdftex
)))
Package pdflscape Info: Auto-detected driver: pdftex on input line 81.
)) (C:\Users\adm\AppData\Local\Programs\MiKTeX\tex/latex/url\url.sty
\Urlmuskip=\muskip18
Package: url 2013/09/16  ver 3.4  Verb mode for urls, etc.
)
(C:\Users\adm\AppData\Local\Programs\MiKTeX\tex/latex/hyperref\hyperref.sty
Package: hyperref 2025-07-12 v7.01o Hypertext links for LaTeX

(C:\Users\adm\AppData\Local\Programs\MiKTeX\tex/latex/kvsetkeys\kvsetkeys.sty
Package: kvsetkeys 2022-10-05 v1.19 Key value parser (HO)
)
(C:\Users\adm\AppData\Local\Programs\MiKTeX\tex/generic/kvdefinekeys\kvdefineke
ys.sty
Package: kvdefinekeys 2019-12-19 v1.6 Define keys (HO)
)
(C:\Users\adm\AppData\Local\Programs\MiKTeX\tex/generic/pdfescape\pdfescape.sty
Package: pdfescape 2019/12/09 v1.15 Implements pdfTeX's escape features (HO)
(C:\Users\adm\AppData\Local\Programs\MiKTeX\tex/generic/ltxcmds\ltxcmds.sty
Package: ltxcmds 2023-12-04 v1.26 LaTeX kernel commands for general use (HO)
)
(C:\Users\adm\AppData\Local\Programs\MiKTeX\tex/generic/pdftexcmds\pdftexcmds.s
ty
Package: pdftexcmds 2020-06-27 v0.33 Utility functions of pdfTeX for LuaTeX (HO
)

(C:\Users\adm\AppData\Local\Programs\MiKTeX\tex/generic/infwarerr\infwarerr.sty
Package: infwarerr 2019/12/03 v1.5 Providing info/warning/error messages (HO)
)
Package pdftexcmds Info: \pdf@primitive is available.
Package pdftexcmds Info: \pdf@ifprimitive is available.
Package pdftexcmds Info: \pdfdraftmode found.
)) (C:\Users\adm\AppData\Local\Programs\MiKTeX\tex/latex/hycolor\hycolor.sty
Package: hycolor 2020-01-27 v1.10 Color options for hyperref/bookmark (HO)
)
(C:\Users\adm\AppData\Local\Programs\MiKTeX\tex/latex/hyperref\nameref.sty
Package: nameref 2025-06-21 v2.57 Cross-referencing by name of section

(C:\Users\adm\AppData\Local\Programs\MiKTeX\tex/latex/refcount\refcount.sty
Package: refcount 2019/12/15 v3.6 Data extraction from label references (HO)
)
(C:\Users\adm\AppData\Local\Programs\MiKTeX\tex/generic/gettitlestring\gettitle
string.sty
Package: gettitlestring 2019/12/15 v1.6 Cleanup title references (HO)

(C:\Users\adm\AppData\Local\Programs\MiKTeX\tex/latex/kvoptions\kvoptions.sty
Package: kvoptions 2022-06-15 v3.15 Key value format for package options (HO)
))
\c@section@level=\count321
) (C:\Users\adm\AppData\Local\Programs\MiKTeX\tex/latex/etoolbox\etoolbox.sty
Package: etoolbox 2025/10/02 v2.5m e-TeX tools for LaTeX (JAW)
\etb@tempcnta=\count322
)
(C:\Users\adm\AppData\Local\Programs\MiKTeX\tex/generic/stringenc\stringenc.sty
Package: stringenc 2019/11/29 v1.12 Convert strings between diff. encodings (HO
)
)
\@linkdim=\dimen194
\Hy@linkcounter=\count323
\Hy@pagecounter=\count324
 (C:\Users\adm\AppData\Local\Programs\MiKTeX\tex/latex/hyperref\pd1enc.def
File: pd1enc.def 2025-07-12 v7.01o Hyperref: PDFDocEncoding definition (HO)
Now handling font encoding PD1 ...
... no UTF-8 mapping file for font encoding PD1
)
(C:\Users\adm\AppData\Local\Programs\MiKTeX\tex/generic/intcalc\intcalc.sty
Package: intcalc 2019/12/15 v1.3 Expandable calculations with integers (HO)
)
\Hy@SavedSpaceFactor=\count325

(C:\Users\adm\AppData\Local\Programs\MiKTeX\tex/latex/hyperref\puenc.def
File: puenc.def 2025-07-12 v7.01o Hyperref: PDF Unicode definition (HO)
Now handling font encoding PU ...
... no UTF-8 mapping file for font encoding PU
)
Package hyperref Info: Option `unicode' set `true' on input line 4066.
Package hyperref Info: Hyper figures OFF on input line 4195.
Package hyperref Info: Link nesting OFF on input line 4200.
Package hyperref Info: Hyper index ON on input line 4203.
Package hyperref Info: Plain pages OFF on input line 4210.
Package hyperref Info: Backreferencing OFF on input line 4215.
Package hyperref Info: Implicit mode ON; LaTeX internals redefined.
Package hyperref Info: Bookmarks ON on input line 4462.
\c@Hy@tempcnt=\count326
LaTeX Info: Redefining \url on input line 4801.
\XeTeXLinkMargin=\dimen195

(C:\Users\adm\AppData\Local\Programs\MiKTeX\tex/generic/bitset\bitset.sty
Package: bitset 2019/12/09 v1.3 Handle bit-vector datatype (HO)

(C:\Users\adm\AppData\Local\Programs\MiKTeX\tex/generic/bigintcalc\bigintcalc.s
ty
Package: bigintcalc 2019/12/15 v1.5 Expandable calculations on big integers (HO
)
))
\Fld@menulength=\count327
\Field@Width=\dimen196
\Fld@charsize=\dimen197
Package hyperref Info: Hyper figures OFF on input line 6078.
Package hyperref Info: Link nesting OFF on input line 6083.
Package hyperref Info: Hyper index ON on input line 6086.
Package hyperref Info: backreferencing OFF on input line 6093.
Package hyperref Info: Link coloring OFF on input line 6098.
Package hyperref Info: Link coloring with OCG OFF on input line 6103.
Package hyperref Info: PDF/A mode OFF on input line 6108.
\Hy@abspage=\count328
\c@Item=\count329
\c@Hfootnote=\count330
)
Package hyperref Info: Driver (autodetected): hpdftex.

(C:\Users\adm\AppData\Local\Programs\MiKTeX\tex/latex/hyperref\hpdftex.def
File: hpdftex.def 2025-07-12 v7.01o Hyperref driver for pdfTeX
\Fld@listcount=\count331
\c@bookmark@seq@number=\count332

(C:\Users\adm\AppData\Local\Programs\MiKTeX\tex/latex/rerunfilecheck\rerunfilec
heck.sty
Package: rerunfilecheck 2025-06-21 v1.11 Rerun checks for auxiliary files (HO)

(C:\Users\adm\AppData\Local\Programs\MiKTeX\tex/generic/uniquecounter\uniquecou
nter.sty
Package: uniquecounter 2019/12/15 v1.4 Provide unlimited unique counter (HO)
)
Package uniquecounter Info: New unique counter `rerunfilecheck' on input line 2
84.
)
\Hy@SectionHShift=\skip63
)
Package hyperref Info: Option `colorlinks' set `true' on input line 20.

(C:\Users\adm\AppData\Local\Programs\MiKTeX\tex/latex/cjk/UTF8\UTF8.enc
File: UTF8.enc 2021/10/16 4.8.5
)
(C:\Users\adm\AppData\Local\Programs\MiKTeX\tex/latex/cjk/UTF8\UTF8.chr
File: UTF8.chr 2021/10/16 4.8.5
)
No file mindlin_buckling.aux.
\openout1 = `mindlin_buckling.aux'.

LaTeX Font Info:    Checking defaults for OML/cmm/m/it on input line 27.
LaTeX Font Info:    ... okay on input line 27.
LaTeX Font Info:    Checking defaults for OMS/cmsy/m/n on input line 27.
LaTeX Font Info:    ... okay on input line 27.
LaTeX Font Info:    Checking defaults for OT1/cmr/m/n on input line 27.
LaTeX Font Info:    ... okay on input line 27.
LaTeX Font Info:    Checking defaults for T1/cmr/m/n on input line 27.
LaTeX Font Info:    ... okay on input line 27.
LaTeX Font Info:    Checking defaults for TS1/cmr/m/n on input line 27.
LaTeX Font Info:    ... okay on input line 27.
LaTeX Font Info:    Checking defaults for OMX/cmex/m/n on input line 27.
LaTeX Font Info:    ... okay on input line 27.
LaTeX Font Info:    Checking defaults for U/cmr/m/n on input line 27.
LaTeX Font Info:    ... okay on input line 27.
LaTeX Font Info:    Checking defaults for C00/song/m/n on input line 27.
LaTeX Font Info:    ... okay on input line 27.
LaTeX Font Info:    Checking defaults for C05/song/m/n on input line 27.
LaTeX Font Info:    ... okay on input line 27.
LaTeX Font Info:    Checking defaults for C09/song/m/n on input line 27.
LaTeX Font Info:    ... okay on input line 27.
LaTeX Font Info:    Checking defaults for C10/song/m/n on input line 27.
LaTeX Font Info:    ... okay on input line 27.
LaTeX Font Info:    Checking defaults for C20/song/m/n on input line 27.
LaTeX Font Info:    ... okay on input line 27.
LaTeX Font Info:    Checking defaults for C19/song/m/n on input line 27.
LaTeX Font Info:    ... okay on input line 27.
LaTeX Font Info:    Checking defaults for C40/song/m/n on input line 27.
LaTeX Font Info:    ... okay on input line 27.
LaTeX Font Info:    Checking defaults for C42/song/m/n on input line 27.
LaTeX Font Info:    ... okay on input line 27.
LaTeX Font Info:    Checking defaults for C43/song/m/n on input line 27.
LaTeX Font Info:    ... okay on input line 27.
LaTeX Font Info:    Checking defaults for C50/song/m/n on input line 27.
LaTeX Font Info:    ... okay on input line 27.
LaTeX Font Info:    Checking defaults for C52/song/m/n on input line 27.
LaTeX Font Info:    ... okay on input line 27.
LaTeX Font Info:    Checking defaults for C49/song/m/n on input line 27.
LaTeX Font Info:    ... okay on input line 27.
LaTeX Font Info:    Checking defaults for C60/mj/m/n on input line 27.
LaTeX Font Info:    ... okay on input line 27.
LaTeX Font Info:    Checking defaults for C61/mj/m/n on input line 27.
LaTeX Font Info:    ... okay on input line 27.
LaTeX Font Info:    Checking defaults for C63/mj/m/n on input line 27.
LaTeX Font Info:    ... okay on input line 27.
LaTeX Font Info:    Checking defaults for C64/mj/m/n on input line 27.
LaTeX Font Info:    ... okay on input line 27.
LaTeX Font Info:    Checking defaults for C65/mj/m/n on input line 27.
LaTeX Font Info:    ... okay on input line 27.
LaTeX Font Info:    Checking defaults for C70/song/m/n on input line 27.
LaTeX Font Info:    ... okay on input line 27.
LaTeX Font Info:    Checking defaults for C31/song/m/n on input line 27.
LaTeX Font Info:    ... okay on input line 27.
LaTeX Font Info:    Checking defaults for C32/song/m/n on input line 27.
LaTeX Font Info:    ... okay on input line 27.
LaTeX Font Info:    Checking defaults for C33/song/m/n on input line 27.
LaTeX Font Info:    ... okay on input line 27.
LaTeX Font Info:    Checking defaults for C34/song/m/n on input line 27.
LaTeX Font Info:    ... okay on input line 27.
LaTeX Font Info:    Checking defaults for C35/song/m/n on input line 27.
LaTeX Font Info:    ... okay on input line 27.
LaTeX Font Info:    Checking defaults for C36/song/m/n on input line 27.
LaTeX Font Info:    ... okay on input line 27.
LaTeX Font Info:    Checking defaults for C37/song/m/n on input line 27.
LaTeX Font Info:    ... okay on input line 27.
LaTeX Font Info:    Checking defaults for C80/song/m/n on input line 27.
LaTeX Font Info:    ... okay on input line 27.
LaTeX Font Info:    Checking defaults for C81/song/m/n on input line 27.
LaTeX Font Info:    ... okay on input line 27.
LaTeX Font Info:    Checking defaults for C01/song/m/n on input line 27.
LaTeX Font Info:    ... okay on input line 27.
LaTeX Font Info:    Checking defaults for C11/song/m/n on input line 27.
LaTeX Font Info:    ... okay on input line 27.
LaTeX Font Info:    Checking defaults for C21/song/m/n on input line 27.
LaTeX Font Info:    ... okay on input line 27.
LaTeX Font Info:    Checking defaults for C41/song/m/n on input line 27.
LaTeX Font Info:    ... okay on input line 27.
LaTeX Font Info:    Checking defaults for C62/song/m/n on input line 27.
LaTeX Font Info:    ... okay on input line 27.
LaTeX Font Info:    Checking defaults for PD1/pdf/m/n on input line 27.
LaTeX Font Info:    ... okay on input line 27.
LaTeX Font Info:    Checking defaults for PU/pdf/m/n on input line 27.
LaTeX Font Info:    ... okay on input line 27.
*geometry* driver: auto-detecting
*geometry* detected driver: pdftex
*geometry* verbose mode - [ preamble ] result:
* driver: pdftex
* paper: a4paper
* layout: <same size as paper>
* layoutoffset:(h,v)=(0.0pt,0.0pt)
* modes: 
* h-part:(L,W,R)=(71.13188pt, 455.24411pt, 71.13188pt)
* v-part:(T,H,B)=(71.13188pt, 702.78308pt, 71.13188pt)
* \paperwidth=597.50787pt
* \paperheight=845.04684pt
* \textwidth=455.24411pt
* \textheight=702.78308pt
* \oddsidemargin=-1.1381pt
* \evensidemargin=-1.1381pt
* \topmargin=-38.1381pt
* \headheight=12.0pt
* \headsep=25.0pt
* \topskip=12.0pt
* \footskip=30.0pt
* \marginparwidth=35.0pt
* \marginparsep=10.0pt
* \columnsep=10.0pt
* \skip\footins=10.8pt plus 4.0pt minus 2.0pt
* \hoffset=0.0pt
* \voffset=0.0pt
* \mag=1000
* \@twocolumnfalse
* \@twosidefalse
* \@mparswitchfalse
* \@reversemarginfalse
* (1in=72.27pt=25.4mm, 1cm=28.453pt)

Package caption Info: Begin \AtBeginDocument code.
Package caption Info: hyperref package is loaded.
Package caption Info: End \AtBeginDocument code.

(C:\Users\adm\AppData\Local\Programs\MiKTeX\tex/context/base/mkii\supp-pdf.mkii
[Loading MPS to PDF converter (version 2006.09.02).]
\scratchcounter=\count333
\scratchdimen=\dimen198
\scratchbox=\box64
\nofMPsegments=\count334
\nofMParguments=\count335
\everyMPshowfont=\toks28
\MPscratchCnt=\count336
\MPscratchDim=\dimen199
\MPnumerator=\count337
\makeMPintoPDFobject=\count338
\everyMPtoPDFconversion=\toks29
)
(C:\Users\adm\AppData\Local\Programs\MiKTeX\tex/latex/epstopdf-pkg\epstopdf-bas
e.sty
Package: epstopdf-base 2020-01-24 v2.11 Base part for package epstopdf
Package epstopdf-base Info: Redefining graphics rule for `.eps' on input line 4
85.

(C:\Users\adm\AppData\Local\Programs\MiKTeX\tex/latex/00miktex\epstopdf-sys.cfg
File: epstopdf-sys.cfg 2021/03/18 v2.0 Configuration of epstopdf for MiKTeX
)) (C:\Users\adm\AppData\Local\Programs\MiKTeX\tex/latex/graphics\color.sty
Package: color 2025/01/14 v1.3e Standard LaTeX Color (DPC)

(C:\Users\adm\AppData\Local\Programs\MiKTeX\tex/latex/graphics-cfg\color.cfg
File: color.cfg 2016/01/02 v1.6 sample color configuration
)
Package color Info: Driver file: pdftex.def on input line 149.

(C:\Users\adm\AppData\Local\Programs\MiKTeX\tex/latex/graphics\mathcolor.ltx))
Package hyperref Info: Link coloring ON on input line 27.
\@outlinefile=\write3
\openout3 = `mindlin_buckling.out'.

LaTeX Font Info:    Trying to load font information for C70+rm on input line 29
.

(C:\Users\adm\AppData\Local\Programs\MiKTeX\tex/latex/ctex/fd\c70rm.fd
File: c70rm.fd 2022/07/14 v2.5.10 Chinese font definition (CTEX)
)
LaTeX Font Info:    Trying to load font information for U+msa on input line 29.


(C:\Users\adm\AppData\Local\Programs\MiKTeX\tex/latex/amsfonts\umsa.fd
File: umsa.fd 2013/01/14 v3.01 AMS symbols A
)
LaTeX Font Info:    Trying to load font information for U+msb on input line 29.


(C:\Users\adm\AppData\Local\Programs\MiKTeX\tex/latex/amsfonts\umsb.fd
File: umsb.fd 2013/01/14 v3.01 AMS symbols B
)
Package CJKpunct Info: use punctuation spaces for family 'rm' with punctstyle (
quanjiao) on input line 32.

(C:\Users\adm\AppData\Local\Programs\MiKTeX\tex/generic/ctex/zhmap\ctex-zhmap-w
indows.tex
File: ctex-zhmap-windows.tex 2022/07/14 v2.5.10 Windows font map loader for pdf
TeX and DVIPDFMx (CTEX)
{C:/Users/adm/AppData/Local/MiKTeX/fonts/map/pdftex/pdftex.map}

pdfTeX warning: pdflatex (file UGBK.sfd): cannot open SFD file for reading


pdfTeX warning: pdflatex (file UGBK.sfd): cannot open SFD file for reading


pdfTeX warning: pdflatex (file UGBK.sfd): cannot open SFD file for reading


pdfTeX warning: pdflatex (file UGBK.sfd): cannot open SFD file for reading


pdfTeX warning: pdflatex (file UGBK.sfd): cannot open SFD file for reading


pdfTeX warning: pdflatex (file UGBK.sfd): cannot open SFD file for reading


pdfTeX warning: pdflatex (file UGBK.sfd): cannot open SFD file for reading


pdfTeX warning: pdflatex (file Unicode.sfd): cannot open SFD file for reading


pdfTeX warning: pdflatex (file Unicode.sfd): cannot open SFD file for reading


pdfTeX warning: pdflatex (file Unicode.sfd): cannot open SFD file for reading


pdfTeX warning: pdflatex (file Unicode.sfd): cannot open SFD file for reading


pdfTeX warning: pdflatex (file Unicode.sfd): cannot open SFD file for reading


pdfTeX warning: pdflatex (file Unicode.sfd): cannot open SFD file for reading


pdfTeX warning: pdflatex (file Unicode.sfd): cannot open SFD file for reading


pdfTeX warning: pdflatex (file UGBK.sfd): cannot open SFD file for reading


pdfTeX warning: pdflatex (file UGBK.sfd): cannot open SFD file for reading


pdfTeX warning: pdflatex (file UGBK.sfd): cannot open SFD file for reading


pdfTeX warning: pdflatex (file UGBK.sfd): cannot open SFD file for reading


pdfTeX warning: pdflatex (file UGBK.sfd): cannot open SFD file for reading


pdfTeX warning: pdflatex (file UGBK.sfd): cannot open SFD file for reading


pdfTeX warning: pdflatex (file Unicode.sfd): cannot open SFD file for reading


pdfTeX warning: pdflatex (file Unicode.sfd): cannot open SFD file for reading


pdfTeX warning: pdflatex (file Unicode.sfd): cannot open SFD file for reading


pdfTeX warning: pdflatex (file Unicode.sfd): cannot open SFD file for reading


pdfTeX warning: pdflatex (file Unicode.sfd): cannot open SFD file for reading


pdfTeX warning: pdflatex (file Unicode.sfd): cannot open SFD file for reading
) [1

]
Underfull \hbox (badness 10000) in paragraph at lines 79--79
[]|\OT1/cmr/m/n/10.95 SSSS,
 []


Underfull \hbox (badness 10000) in paragraph at lines 79--79
\OT1/cmr/m/n/10.95 CCCC,
 []


Underfull \hbox (badness 10000) in paragraph at lines 81--81
[]|\OT1/cmr/m/n/10.95 SSSS,
 []


Underfull \hbox (badness 10000) in paragraph at lines 81--82
[]|\C70/rm/m/n/10.95/4e 4 \C70/rm/m/n/10.95/75 L \C70/rm/m/n/10.95/5c H \C70/rm
/m/n/10.95/66 Ú \C70/rm/m/n/10.95/8f } \C70/rm/m/n/10.95/83 w $\OML/cmm/m/it/10
.95 P[]$|\C70/rm/m/n/10.95/30 ^^A|
 []


Underfull \hbox (badness 10000) in paragraph at lines 81--82
\C70/rm/m/n/10.95/4e ^^N\OT1/cmr/m/n/10.95 ABAQUS S3R\C70/rm/m/n/10.95/53 U \C7
0/rm/m/n/10.95/51 C \C70/rm/m/n/10.95/5b ˘ \C70/rm/m/n/10.95/6b ‘
 []


Underfull \hbox (badness 1383) in paragraph at lines 83--83
[]|[][]\OT1/cmr/m/n/10.95 Liew, Xi-ang & Ki-ti-porn-chai
 []


Underfull \hbox (badness 10000) in paragraph at lines 83--83
[]|\OT1/cmr/m/n/10.95 SSSS,
 []


Underfull \hbox (badness 10000) in paragraph at lines 83--83
\OT1/cmr/m/n/10.95 CCCC,
 []


Underfull \hbox (badness 10000) in paragraph at lines 83--83
\OT1/cmr/m/n/10.95 SCSC,
 []


Underfull \hbox (badness 10000) in paragraph at lines 83--83
[]|\C70/rm/m/n/10.95/53 U \C70/rm/m/n/10.95/8f t \C70/rm/m/n/10.95/53 ã \C70/rm
/m/n/10.95/7f )\OT1/cmr/m/n/10.95 ,
 []


Underfull \hbox (badness 10000) in paragraph at lines 83--84
[]|\C70/rm/m/n/10.95/5c H \C70/rm/m/n/10.95/66 Ú \C70/rm/m/n/10.95/8f } \C70/rm
/m/n/10.95/83 w \C70/rm/m/n/10.95/56 ‡ \C70/rm/m/n/10.95/5b P $\OML/cmm/m/it/10
.95 ^^U[]$|\C70/rm/m/n/10.95/30 ^^A|
 []


Underfull \hbox (badness 10000) in paragraph at lines 83--84
\OT1/cmr/m/n/10.95 Mindlin/Kirchhoff\C70/rm/m/n/10.95/8f } \C70/rm/m/n/10.95/83
 w \C70/rm/m/n/10.95/6b ‘
 []


Underfull \hbox (badness 10000) in paragraph at lines 85--85
[]|\OT1/cmr/m/n/10.95 SSSS,
 []


Underfull \hbox (badness 10000) in paragraph at lines 85--85
\OT1/cmr/m/n/10.95 CCCC,
 []


Underfull \hbox (badness 10000) in paragraph at lines 85--85
\OT1/cmr/m/n/10.95 SSSC,
 []


Underfull \hbox (badness 10000) in paragraph at lines 85--85
[]|\C70/rm/m/n/10.95/53 U \C70/rm/m/n/10.95/8f t \C70/rm/m/n/10.95/53 ã \C70/rm
/m/n/10.95/7f )\OT1/cmr/m/n/10.95 ,
 []


Underfull \hbox (badness 10000) in paragraph at lines 85--85
\C70/rm/m/n/10.95/53 Ã \C70/rm/m/n/10.95/8f t \C70/rm/m/n/10.95/53 ã \C70/rm/m/
n/10.95/7f )\OT1/cmr/m/n/10.95 ,
 []


Underfull \hbox (badness 10000) in paragraph at lines 87--87
[]|\OT1/cmr/m/n/10.95 SSSS,
 []


Underfull \hbox (badness 10000) in paragraph at lines 89--89
[]|[][]\OT1/cmr/m/n/10.95 Bedair (1997) \OT1/cmr/m/it/10.95 Thin-Walled
 []


Underfull \hbox (badness 10000) in paragraph at lines 89--89
[]|\OT1/cmr/m/n/10.95 SSSS,
 []


Underfull \hbox (badness 10000) in paragraph at lines 89--89
[]|\C70/rm/m/n/10.95/53 U \C70/rm/m/n/10.95/8f t \C70/rm/m/n/10.95/53 ã \C70/rm
/m/n/10.95/7f )\OT1/cmr/m/n/10.95 ,
 []


Underfull \hbox (badness 10000) in paragraph at lines 89--89
\C70/rm/m/n/10.95/53 Ã \C70/rm/m/n/10.95/8f t \C70/rm/m/n/10.95/53 ã \C70/rm/m/
n/10.95/7f )\OT1/cmr/m/n/10.95 ,
 []


Underfull \hbox (badness 10000) in paragraph at lines 91--91
[]|\OT1/cmr/m/n/10.95 SSSS,
 []


Underfull \hbox (badness 10000) in paragraph at lines 91--91
\OT1/cmr/m/n/10.95 CCCC,
 []


Underfull \hbox (badness 10000) in paragraph at lines 91--91
[]|\C70/rm/m/n/10.95/53 U \C70/rm/m/n/10.95/8f t \C70/rm/m/n/10.95/53 ã \C70/rm
/m/n/10.95/7f )\OT1/cmr/m/n/10.95 ,
 []


Underfull \hbox (badness 10000) in paragraph at lines 91--91
\C70/rm/m/n/10.95/53 Ã \C70/rm/m/n/10.95/8f t \C70/rm/m/n/10.95/53 ã \C70/rm/m/
n/10.95/7f )\OT1/cmr/m/n/10.95 ,
 []


Underfull \hbox (badness 10000) in paragraph at lines 91--92
[]|\C70/rm/m/n/10.95/4e 4 \C70/rm/m/n/10.95/75 L \C70/rm/m/n/10.95/5c H \C70/rm
/m/n/10.95/66 Ú \C70/rm/m/n/10.95/8f } \C70/rm/m/n/10.95/83 w $\OML/cmm/m/it/10
.95 N[]$|\C70/rm/m/n/10.95/30 ^^A| \OT1/cmr/m/n/10.95 CS-
 []


Underfull \hbox (badness 10000) in paragraph at lines 93--93
[]|\OT1/cmr/m/n/10.95 SSSS,
 []


Underfull \hbox (badness 3930) in paragraph at lines 95--95
[]|[][]\C70/rm/m/n/10.95/54 + \C70/rm/m/n/10.95/52 ^^F \C70/rm/m/n/10.95/5c B \
C70/rm/m/n/10.95/63 _ \C70/rm/m/n/10.95/4f $ \C70/rm/m/n/10.95/59 ^^M \C70/rm/m
/n/10.95/54 ^^H \C70/rm/m/n/10.95/67 P \C70/rm/m/n/10.95/65 ô \C70/rm/m/n/10.95
/5c B \C70/rm/m/n/10.95/54 ^^H \C70/rm/m/n/10.95/67 ^^?
 []


Underfull \hbox (badness 10000) in paragraph at lines 95--95
[]|\OT1/cmr/m/n/10.95 SSSS,
 []


Underfull \hbox (badness 10000) in paragraph at lines 95--95
[]|\C70/rm/m/n/10.95/53 ã \C70/rm/m/n/10.95/7f ) \C70/rm/m/n/10.95/8f } \C70/rm
/m/n/10.95/83 w
 []


Underfull \hbox (badness 10000) in paragraph at lines 99--99
[]|[][]\C70/rm/m/n/10.95/7a 3 \C70/rm/m/n/10.95/5b ö \C70/rm/m/n/10.95/53 ^^V \
C70/rm/m/n/10.95/4f N \C70/rm/m/n/10.95/96 6 \C70/rm/m/n/10.95/67 B \C70/rm/m/n
/10.95/4e § \C70/rm/m/n/10.95/56 € \C70/rm/m/n/10.95/8f π
 []


Underfull \hbox (badness 10000) in paragraph at lines 99--100
[]|\OT1/cmr/m/n/10.95 RMSQ1/MRMSQ1\C70/rm/m/n/10.95/53 U \C70/rm/m/n/10.95/51 C
 \C70/rm/m/n/10.95/52 ^^W \C70/rm/m/n/10.95/5f ^^O|\C70/rm/m/n/10.95/30 ^^A|
 []


Underfull \hbox (badness 10000) in paragraph at lines 101--101
[]|\C70/rm/m/n/10.95/59 ^^Z \C70/rm/m/n/10.95/79 Õ \C70/rm/m/n/10.95/8f π \C70/
rm/m/n/10.95/75 L
 []


Underfull \hbox (badness 10000) in paragraph at lines 101--101
[]|\C70/rm/m/n/10.95/81 Í \C70/rm/m/n/10.95/75 1 \C70/rm/m/n/10.95/63 / \C70/rm
/m/n/10.95/52 ®|\C70/rm/m/n/10.95/30 ^^A|
 []


Underfull \hbox (badness 3930) in paragraph at lines 103--103
[]|[][]\C70/rm/m/n/10.95/54 + \C70/rm/m/n/10.95/59 ^^Z \C70/rm/m/n/10.95/4e * \
C70/rm/m/n/10.95/7a ^^? \C70/rm/m/n/10.95/90 ^^O \C70/rm/m/n/10.95/52 ^^F \C70/
rm/m/n/10.95/5c B \C70/rm/m/n/10.95/63 _ \C70/rm/m/n/10.95/4f $ \C70/rm/m/n/10.
95/5c B \C70/rm/m/n/10.95/54 ^^H \C70/rm/m/n/10.95/67 ^^?
 []


Underfull \hbox (badness 10000) in paragraph at lines 105--105
[]|\OT1/cmr/m/n/10.95 SSSS,
 []


Underfull \hbox (badness 10000) in paragraph at lines 105--105
[]|\C70/rm/m/n/10.95/81 Í \C70/rm/m/n/10.95/75 1 \C70/rm/m/n/10.95/63 / \C70/rm
/m/n/10.95/52 ®|\C70/rm/m/n/10.95/30 ^^A|
 []


Underfull \hbox (badness 1708) in paragraph at lines 105--106
[]|\C70/rm/m/n/10.95/72 y \C70/rm/m/n/10.95/5f Å \C70/rm/m/n/10.95/98 ë \C70/rm
/m/n/10.95/73 á $\OML/cmm/m/it/10.95 !$|\C70/rm/m/n/10.95/30 ^^A| \C70/rm/m/n/1
0.95/4e 4 \C70/rm/m/n/10.95/75 L \C70/rm/m/n/10.95/5c H \C70/rm/m/n/10.95/66 Ú 
\C70/rm/m/n/10.95/8f } \C70/rm/m/n/10.95/83 w
 []

ignored error: Infinite glue shrinkage found in box being split [2]
Underfull \hbox (badness 10000) in paragraph at lines 126--126
[]|\C70/rm/m/n/10.95/97 b \C70/rm/m/n/10.95/51 Ö \C70/rm/m/n/10.95/53 ã \C70/rm
/m/n/10.95/52 õ
 []


Underfull \hbox (badness 10000) in paragraph at lines 126--126
|\C70/rm/m/n/10.95/ff ^^H|\C70/rm/m/n/10.95/53 U \C70/rm/m/n/10.95/8f t\OT1/cmr
/m/n/10.95 /\C70/rm/m/n/10.95/53 Ã
 []


Underfull \hbox (badness 10000) in paragraph at lines 128--128
[]|\C70/rm/m/n/10.95/4e ˚ \C70/rm/m/n/10.95/61 ^^O \C70/rm/m/n/10.95/6d ˜ \C70/
rm/m/n/10.95/54 ^^H
 []


Underfull \hbox (badness 10000) in paragraph at lines 128--128
[]|\C70/rm/m/n/10.95/53 U \C70/rm/m/n/10.95/8f t \C70/rm/m/n/10.95/53 ã \C70/rm
/m/n/10.95/7f )\OT1/cmr/m/n/10.95 ,
 []


Underfull \hbox (badness 3930) in paragraph at lines 145--145
[]|[][]\C70/rm/m/n/10.95/54 + \C70/rm/m/n/10.95/52 ^^F \C70/rm/m/n/10.95/5c B \
C70/rm/m/n/10.95/63 _ \C70/rm/m/n/10.95/4f $ \C70/rm/m/n/10.95/59 ^^M \C70/rm/m
/n/10.95/54 ^^H \C70/rm/m/n/10.95/67 P \C70/rm/m/n/10.95/65 ô \C70/rm/m/n/10.95
/5c B \C70/rm/m/n/10.95/54 ^^H \C70/rm/m/n/10.95/67 ^^?
 []


Underfull \hbox (badness 10000) in paragraph at lines 145--145
[]|\OT1/cmr/m/n/10.95 SSSS,
 []


Underfull \hbox (badness 10000) in paragraph at lines 151--151
[]|\C70/rm/m/n/10.95/5e ^^? \C70/rm/m/n/10.95/4e I \C70/rm/m/n/10.95/7e œ
 []


Underfull \hbox (badness 1052) in paragraph at lines 151--151
\C70/rm/m/n/10.95/51 x\OT1/cmr/m/n/10.95 /\C70/rm/m/n/10.95/97 ^ \C70/rm/m/n/10
.95/7e œ \C70/rm/m/n/10.95/51 x
 []


Underfull \hbox (badness 10000) in paragraph at lines 151--151
[]|\C70/rm/m/n/10.95/74 ^^F \C70/rm/m/n/10.95/8b ∫ \C70/rm/m/n/10.95/52 ^^F \C7
0/rm/m/n/10.95/67 ê
 []


Underfull \hbox (badness 10000) in paragraph at lines 151--151
|\C70/rm/m/n/10.95/ff ^^H|\C70/rm/m/n/10.95/8f π \C70/rm/m/n/10.95/75 L \C70/rm
/m/n/10.95/67 a \C70/rm/m/n/10.95/4e ˆ
 []

ignored error: Infinite glue shrinkage found in box being split [3]
Underfull \hbox (badness 3930) in paragraph at lines 168--168
[]|[][]\C70/rm/m/n/10.95/54 + \C70/rm/m/n/10.95/52 ^^F \C70/rm/m/n/10.95/5c B \
C70/rm/m/n/10.95/63 _ \C70/rm/m/n/10.95/4f $ \C70/rm/m/n/10.95/59 ^^M \C70/rm/m
/n/10.95/54 ^^H \C70/rm/m/n/10.95/67 P \C70/rm/m/n/10.95/65 ô \C70/rm/m/n/10.95
/5c B \C70/rm/m/n/10.95/54 ^^H \C70/rm/m/n/10.95/67 ^^?
 []


Underfull \hbox (badness 10000) in paragraph at lines 185--185
[]|[][] |\C70/rm/m/n/10.95/30 
|\C70/rm/m/n/10.95/53 N \C70/rm/m/n/10.95/4e ^^\ § \C70/rm/m/n/10.95/90 ^^Z \C7
0/rm/m/n/10.95/59 ' \C70/rm/m/n/10.95/5b f f \C70/rm/m/n/10.95/62 •|\C70/rm/m/n
/10.95/30 |
 []


Underfull \hbox (badness 10000) in paragraph at lines 185--185
[]|\C70/rm/m/n/10.95/59 ^^M \C70/rm/m/n/10.95/67 B \C70/rm/m/n/10.95/8f π \C70/
rm/m/n/10.95/75 L
 []


Underfull \hbox (badness 10000) in paragraph at lines 185--185
[]|\C70/rm/m/n/10.95/5f / \C70/rm/m/n/10.95/66 Ú \C70/rm/m/n/10.95/81 Í \C70/rm
/m/n/10.95/63 /
 []


Underfull \hbox (badness 10000) in paragraph at lines 185--185
|\C70/rm/m/n/10.95/ff ^^H|\C70/rm/m/n/10.95/74 ^^F \C70/rm/m/n/10.95/8b ∫ \C70/
rm/m/n/10.95/68 F \C70/rm/m/n/10.95/67 ∂
 []


Underfull \hbox (badness 10000) in paragraph at lines 185--185
\C70/rm/m/n/10.95/90 ^^B \C70/rm/m/n/10.95/75 ( \C70/rm/m/n/10.95/4e é \C70/rm/
m/n/10.95/5c H
 []


Underfull \hbox (badness 1448) in paragraph at lines 185--186
[]|\C70/rm/m/n/10.95/65 9 \C70/rm/m/n/10.95/8f €\OT1/cmr/m/n/10.95 Rayleigh-Rit
z\C70/rm/m/n/10.95/6c ’ \C70/rm/m/n/10.95/52 ^^W \C70/rm/m/n/10.95/5f ^^O|\C70/
rm/m/n/10.95/30 ^^A| \C70/rm/m/n/10.95/4e ˚
 []


Underfull \hbox (badness 5802) in paragraph at lines 187--188
[]|\C70/rm/m/n/10.95/4e ˚ \C70/rm/m/n/10.95/61 ^^O \C70/rm/m/n/10.95/56 € \C70/
rm/m/n/10.95/8f π \C70/rm/m/n/10.95/5f b \C70/rm/m/n/10.95/67 B \C70/rm/m/n/10.
95/4e §\OT1/cmr/m/n/10.95 Mindlin\C70/rm/m/n/10.95/67 ^^? \C70/rm/m/n/10.95/53 
U
 []


Underfull \hbox (badness 10000) in paragraph at lines 189--189
[]|\OT1/cmr/m/n/10.95 SSSS,
 []


Underfull \hbox (badness 1142) in paragraph at lines 189--190
[]|\C70/rm/m/n/10.95/4e ˚ \C70/rm/m/n/10.95/61 ^^O \C70/rm/m/n/10.95/56 € \C70/
rm/m/n/10.95/8f π \C70/rm/m/n/10.95/5f b \C70/rm/m/n/10.95/7f Q \C70/rm/m/n/10.
95/68 < \C70/rm/m/n/10.95/5c H \C70/rm/m/n/10.95/66 Ú \C70/rm/m/n/10.95/72 y \C
70/rm/m/n/10.95/5f Å \C70/rm/m/n/10.95/50 <|\C70/rm/m/n/10.95/30 ^^A|
 []


Underfull \hbox (badness 2600) in paragraph at lines 189--190
\OT1/cmr/m/n/10.95 SGN-FEM\C70/rm/m/n/10.95/7c æ \C70/rm/m/n/10.95/5e ¶ \C70/rm
/m/n/10.95/4e ^^M \C70/rm/m/n/10.95/53 ◊ U \C70/rm/m/n/10.95/51 C \C70/rm/m/n/1
0.95/5f b \C70/rm/m/n/10.95/72 ∂
 []

[4]
Overfull \hbox (1.04912pt too wide) in paragraph at lines 205--206
[]\OT1/cmr/bx/n/12 DQFEM|\C70/rm/m/n/12/ff ^^Z| \C70/rm/m/n/12/5f Æ \C70/rm/m/n
/12/52 ^^F \C70/rm/m/n/12/6c B \C70/rm/m/n/12/79 Ô \C70/rm/m/n/12/67 	 \C70/rm/
m/n/12/96 P \C70/rm/m/n/12/53 U \C70/rm/m/n/12/51 C \C70/rm/m/n/12/6c ’ |\C70/r
m/m/n/12/ff ^^H|\OT1/cmr/m/n/12 Differential Quadra-ture Fi-nite El-e-ment Meth
od|\C70/rm/m/n/12/ff 	|
 []


Underfull \hbox (badness 10000) in paragraph at lines 205--206

 []


LaTeX Warning: Reference `sec:table' on page 5 undefined on input line 214.

[5]
Underfull \hbox (badness 5862) in paragraph at lines 241--241
[]|\C70/rm/m/n/10/7e ” \C70/rm/m/n/10/67 Ñ \C70/rm/m/n/10/59 1 \C70/rm/m/n/10/7
a 3 \C70/rm/m/n/10/65 ˆ \C70/rm/m/n/10/76 Ñ \C70/rm/m/n/10/97 b \C70/rm/m/n/10/
51 Ö \C70/rm/m/n/10/8f } \C70/rm/m/n/10/83 w \C70/rm/m/n/10/4e 4 \C70/rm/m/n/10
/75 L
 []


Underfull \hbox (badness 10000) in paragraph at lines 243--243
[]|\C70/rm/m/n/10/5b ˘ \C70/rm/m/n/10/5e î \C70/rm/m/n/10/4e 4 \C70/rm/m/n/10/7
5 L \C70/rm/m/n/10/8f } \C70/rm/m/n/10/83 w \C70/rm/m/n/10/76 Ñ \C70/rm/m/n/10/
59 1 \C70/rm/m/n/10/7a 3 \C70/rm/m/n/10/5f b \C70/rm/m/n/10/60 ^^A
 []


Underfull \hbox (badness 2653) in paragraph at lines 243--244
[]|\C70/rm/m/n/10/74 ^^F \C70/rm/m/n/10/89 „ \C70/rm/m/n/10/59 1 \C70/rm/m/n/10
/7a 3 \C70/rm/m/n/10/6a ! \C70/rm/m/n/10/5f ^^O|\C70/rm/m/n/10/30 ^^A| \C70/rm/
m/n/10/4f ^^X \C70/rm/m/n/10/53 ^^V \C70/rm/m/n/10/52 † ≤ \C70/rm/m/n/10/80 ã
 []


Underfull \hbox (badness 2103) in paragraph at lines 245--245
[]|\C70/rm/m/n/10/65 ‡ \C70/rm/m/n/10/91 œ \C70/rm/m/n/10/7e ≤ \C70/rm/m/n/10/5
c H \C70/rm/m/n/10/66 Ú \C70/rm/m/n/10/53 ¬
 []


Underfull \hbox (badness 5862) in paragraph at lines 245--245
[]|\C70/rm/m/n/10/6d à \C70/rm/m/n/10/96 d \C70/rm/m/n/10/5c : \C70/rm/m/n/10/5
b ¯ \C70/rm/m/n/10/4e ^^N \C70/rm/m/n/10/67 P \C70/rm/m/n/10/65 ô \C70/rm/m/n/1
0/5f q \C70/rm/m/n/10/54 Õ \C70/rm/m/n/10/76 Ñ \C70/rm/m/n/10/68 ^^G \C70/rm/m/
n/10/51 ∆
 []


Underfull \hbox (badness 2653) in paragraph at lines 247--247
[]|\C70/rm/m/n/10/96 è \C70/rm/m/n/10/67 ^^? \C70/rm/m/n/10/53 ö \C70/rm/m/n/10
/58 û \C70/rm/m/n/10/52 †|\C70/rm/m/n/10/ff ^^L| \C70/rm/m/n/10/52 j ^^G \C70/r
m/m/n/10/53 ÿ \C70/rm/m/n/10/5f b \C70/rm/m/n/10/4f ^^? \C70/rm/m/n/10/4e 4
 []


Underfull \hbox (badness 5862) in paragraph at lines 247--248
[]|\C70/rm/m/n/10/4e - \C70/rm/m/n/10/53 ö \C70/rm/m/n/10/67 ^^? \C70/rm/m/n/10
/8b æ ° \C70/rm/m/n/10/65 ˆ \C70/rm/m/n/10/4e ^^M \C70/rm/m/n/10/53 Ô \C70/rm/m
/n/10/5f ˝ \C70/rm/m/n/10/75 e \C70/rm/m/n/10/52 j ^^G
 []


Underfull \hbox (badness 2653) in paragraph at lines 249--250
[]|\C70/rm/m/n/10/7e ” \C70/rm/m/n/10/67 Ñ \C70/rm/m/n/10/5b â \C70/rm/m/n/10/5
1 h \C70/rm/m/n/10/88 ’ \C70/rm/m/n/10/5e ¶ \C70/rm/m/n/10/8b ƒ \C70/rm/m/n/10/
4f 0|\C70/rm/m/n/10/30 ^^A| \C70/rm/m/n/10/8f } \C70/rm/m/n/10/83 w \C70/rm/m/n
/10/7c ˚
 []


Underfull \hbox (badness 2653) in paragraph at lines 251--251
[]|\C70/rm/m/n/10/4e ^^M \C70/rm/m/n/10/54 ^^L \C70/rm/m/n/10/95 ^^? \C70/rm/m/
n/10/5b Ω \C70/rm/m/n/10/6b ‘ \C70/rm/m/n/10/4e  \C70/rm/m/n/10/5c H \C70/rm/m
/n/10/66 Ú \C70/rm/m/n/10/6a ! \C70/rm/m/n/10/60 ^^A |\C70/rm/m/n/10/ff ^^H|\C7
0/rm/m/n/10/53 J
 []


Underfull \hbox (badness 2653) in paragraph at lines 251--252
[]|\C70/rm/m/n/10/67 ^^@ \C70/rm/m/n/10/4f s \C70/rm/m/n/10/67 ^^? \C70/rm/m/n/
10/68 < \C70/rm/m/n/10/8b æ °|\C70/rm/m/n/10/30 ^^A| \C70/rm/m/n/10/7b K \C70/r
m/m/n/10/67 a \C70/rm/m/n/10/95 Ù \C70/rm/m/n/10/8d › \C70/rm/m/n/10/4f ^^X
 []


Underfull \hbox (badness 10000) in paragraph at lines 269--269
[]|$\OT1/cmr/m/n/10 [\OML/cmm/m/it/10 K[]\OT1/cmr/m/n/10 ]$, $[\OML/cmm/m/it/10
 K[]\OT1/cmr/m/n/10 ]$,
 []


Underfull \hbox (badness 2653) in paragraph at lines 269--270
[]|\C70/rm/m/n/10/7e ø \C70/rm/m/n/10/60 ' \C70/rm/m/n/10/5c H \C70/rm/m/n/10/6
6 Ú \C70/rm/m/n/10/52 ^^F \C70/rm/m/n/10/67 ê \C70/rm/m/n/10/76 Ñ \C70/rm/m/n/1
0/57 ˙ \C70/rm/m/n/10/78 @|\C70/rm/m/n/10/ff ^^L| \C70/rm/m/n/10/51 ≥ \C70/rm/m
/n/10/5b ö
 []


Underfull \hbox (badness 2310) in paragraph at lines 271--271
[]|$\OML/cmm/m/it/10 ^^U[] < ^^U[] <
 []


Underfull \hbox (badness 10000) in paragraph at lines 271--271
[]|\C70/rm/m/n/10/67 ^^@ \C70/rm/m/n/10/4f N \C70/rm/m/n/10/72 y \C70/rm/m/n/10
/5f Å \C70/rm/m/n/10/50 <$\OML/cmm/m/it/10 ^^U[]$\C70/rm/m/n/10/5b ˘ \C70/rm/m/
n/10/5e î \C70/rm/m/n/10/4e 4 \C70/rm/m/n/10/75 L \C70/rm/m/n/10/5c H \C70/rm/m
/n/10/66 Ú
 []


Underfull \hbox (badness 2653) in paragraph at lines 271--272
[]|\C70/rm/m/n/10/59 ^^Z \C70/rm/m/n/10/6a ! \C70/rm/m/n/10/60 ^^A \C70/rm/m/n/
10/4e § í \C70/rm/m/n/10/4f \ \C70/rm/m/n/10/75 (|\C70/rm/m/n/10/30 ^^A| \C70/r
m/m/n/10/6a ! \C70/rm/m/n/10/60 ^^A \C70/rm/m/n/10/53 ‡ \C70/rm/m/n/10/52 †
 []


Underfull \hbox (badness 3701) in paragraph at lines 273--273
[]|$\OML/cmm/m/it/10 k[] \OT1/cmr/m/n/10 = []$, \C70/rm/m/n/10/85 Ñ \C70/rm/m/n
/10/67 ^^? Å \C70/rm/m/n/10/96 P
 []


Underfull \hbox (badness 5862) in paragraph at lines 273--273
[]|\C70/rm/m/n/10/85 Ñ \C70/rm/m/n/10/67 ^^? Å \C70/rm/m/n/10/96 P \C70/rm/m/n/
10/4e  \C70/rm/m/n/10/4f N \C70/rm/m/n/10/96 6 \C70/rm/m/n/10/53 U \C70/rm/m/n
/10/51 C \C70/rm/m/n/10/52 ^^Z \C70/rm/m/n/10/5e ¶ \C70/rm/m/n/10/8f «
 []

[6


]
Underfull \hbox (badness 5862) in paragraph at lines 291--291
[]|\C70/rm/m/n/10/4e 4 \C70/rm/m/n/10/75 L \C70/rm/m/n/10/8f } \C70/rm/m/n/10/8
3 w \C70/rm/m/n/10/96 è \C70/rm/m/n/10/7f Q \C70/rm/m/n/10/68 < \C70/rm/m/n/10/
7e ∆ \C70/rm/m/n/10/53 ^^V \C70/rm/m/n/10/76 Ñ \C70/rm/m/n/10/65 6 [
 []


Underfull \hbox (badness 2653) in paragraph at lines 291--292
[]|\C70/rm/m/n/10/78 n \C70/rm/m/n/10/5b ö \C70/rm/m/n/10/62 @ \C70/rm/m/n/10/9
7 ^^@ \C70/rm/m/n/10/7f Q \C70/rm/m/n/10/68 < \C70/rm/m/n/10/5b ∆ \C70/rm/m/n/1
0/5e ¶|\C70/rm/m/n/10/30 ^^A| \C70/rm/m/n/10/9a å \C70/rm/m/n/10/8b ¡ \C70/rm/m
/n/10/53 U
 []


Underfull \hbox (badness 1365) in paragraph at lines 293--293
[]|\OT1/cmr/m/n/10 FEM\C70/rm/m/n/10/89 „ \C70/rm/m/n/10/4e ^^N \C70/rm/m/n/10/
53 ¬ \C70/rm/m/n/10/80 ^^C \C70/rm/m/n/10/89 „ \C70/rm/m/n/10/76 Ñ \C70/rm/m/n/
10/6b ‘ \C70/rm/m/n/10/50 <|\C70/rm/m/n/10/ff ^^L| \C70/rm/m/n/10/85 Ñ
 []


Underfull \hbox (badness 5862) in paragraph at lines 295--295
[]|\C70/rm/m/n/10/4e ^^M \C70/rm/m/n/10/54 ^^L \C70/rm/m/n/10/65 π \C70/rm/m/n/
10/54 ^^Q \C70/rm/m/n/10/97 b \C70/rm/m/n/10/51 Ö \C70/rm/m/n/10/8f } \C70/rm/m
/n/10/83 w \C70/rm/m/n/10/7e ƒ \C70/rm/m/n/10/54 ^^H \C70/rm/m/n/10/5b ˘ \C70/r
m/m/n/10/5c H
 []


Underfull \hbox (badness 2653) in paragraph at lines 295--296
[]|\C70/rm/m/n/10/77 ^^_ \C70/rm/m/n/10/5b û \C70/rm/m/n/10/53 ◊ \C70/rm/m/n/10
/52 õ \C70/rm/m/n/10/5d Â \C70/rm/m/n/10/51 µ \C70/rm/m/n/10/6a ! \C70/rm/m/n/1
0/62 ﬂ|\C70/rm/m/n/10/30 ^^A| \C70/rm/m/n/10/59 ^^Z \C70/rm/m/n/10/8f t }
 []

[7]

LaTeX Warning: Reference `sec:table' on page 8 undefined on input line 305.

No file mindlin_buckling.bbl.

LaTeX Warning: Citation `bathe1985fournode' on page 8 undefined on input line 3
20.


LaTeX Warning: Citation `shao2021buckling' on page 8 undefined on input line 32
5.


LaTeX Warning: Citation `jia2013mindlin' on page 8 undefined on input line 329.



LaTeX Warning: Reference `sec:table' on page 8 undefined on input line 351.

[8

] [9] (d:\Joker\Timoshenko\reports\exp\temp\mindlin_buckling.aux)
 ***********
LaTeX2e <2025-11-01>
L3 programming layer <2022/07/14>
 ***********


LaTeX Warning: There were undefined references.


LaTeX Warning: Label(s) may have changed. Rerun to get cross-references right.


Package rerunfilecheck Warning: File `mindlin_buckling.out' has changed.
(rerunfilecheck)                Rerun to get outlines right
(rerunfilecheck)                or use package `bookmark'.

Package rerunfilecheck Info: Checksums for `mindlin_buckling.out':
(rerunfilecheck)             Before: <no file>
(rerunfilecheck)             After:  80CCC95EE1A478FCDF251EFF5002225D;581.
 ) 
Here is how much of TeX's memory you used:
 16915 strings out of 467871
 284733 string characters out of 5419344
 690537 words of memory out of 5000000
 45013 multiletter control sequences out of 15000+600000
 731202 words of font info for 422 fonts, out of 8000000 for 9000
 1141 hyphenation exceptions out of 8191
 89i,12n,95p,754b,699s stack positions out of 10000i,1000n,20000p,200000b,200000s

!pdfTeX error: pdflatex (file unisong69): Font unisong69 at 720 not found
 ==> Fatal error occurred, no output PDF file produced!
