This is XeTeX, Version 3.141592653-2.6-0.999997 (MiKTeX 25.12) (preloaded format=xelatex 2026.5.20)  3 JUN 2026 08:52
entering extended mode
 restricted \write18 enabled.
 %&-line parsing enabled.
**./main.tex
(main.tex
LaTeX2e <2025-11-01>
L3 programming layer <2025-12-24>
(C:\Users\adm\AppData\Local\Programs\MiKTeX\tex/latex/ieeetran\IEEEtran.cls
Document Class: IEEEtran 2015/08/26 V1.8b by Michael Shell
-- See the "IEEEtran_HOWTO" manual for usage information.
-- http://www.michaelshell.org/tex/ieeetran/
\@IEEEtrantmpdimenA=\dimen148
\@IEEEtrantmpdimenB=\dimen149
\@IEEEtrantmpdimenC=\dimen150
\@IEEEtrantmpcountA=\count271
\@IEEEtrantmpcountB=\count272
\@IEEEtrantmpcountC=\count273
\@IEEEtrantmptoksA=\toks17
LaTeX Font Info:    Trying to load font information for TU+ptm on input line 50
3.
LaTeX Font Info:    No file TUptm.fd. on input line 503.

LaTeX Font Warning: Font shape `TU/ptm/m/n' undefined
(Font)              using `TU/lmr/m/n' instead on input line 503.

** ATTENTION: Single column mode is not typically used with IEEE publications.
-- Using 8.5in x 11in (letter) paper.
-- Using DVI output.
\@IEEEnormalsizeunitybaselineskip=\dimen151
-- This is an 11 point document.
LaTeX Encoding Info:    Redeclaring text command \textunderscore (encoding ?) o
n input line 937.
\CLASSINFOnormalsizebaselineskip=\dimen152
\CLASSINFOnormalsizeunitybaselineskip=\dimen153
\IEEEnormaljot=\dimen154

LaTeX Font Warning: Font shape `TU/ptm/bx/n' undefined
(Font)              using `TU/ptm/m/n' instead on input line 1090.


LaTeX Font Warning: Font shape `TU/ptm/m/it' undefined
(Font)              using `TU/ptm/m/n' instead on input line 1090.


LaTeX Font Warning: Font shape `TU/ptm/bx/it' undefined
(Font)              using `TU/ptm/bx/n' instead on input line 1090.

\IEEEquantizedlength=\dimen155
\IEEEquantizedlengthdiff=\dimen156
\IEEEquantizedtextheightdiff=\dimen157
\IEEEilabelindentA=\dimen158
\IEEEilabelindentB=\dimen159
\IEEEilabelindent=\dimen160
\IEEEelabelindent=\dimen161
\IEEEdlabelindent=\dimen162
\IEEElabelindent=\dimen163
\IEEEiednormlabelsep=\dimen164
\IEEEiedmathlabelsep=\dimen165
\IEEEiedtopsep=\skip49
\c@section=\count274
\c@subsection=\count275
\c@subsubsection=\count276
\c@paragraph=\count277
\c@IEEEsubequation=\count278
\abovecaptionskip=\skip50
\belowcaptionskip=\skip51
\c@figure=\count279
\c@table=\count280
\@IEEEeqnnumcols=\count281
\@IEEEeqncolcnt=\count282
\@IEEEsubeqnnumrollback=\count283
\@IEEEquantizeheightA=\dimen166
\@IEEEquantizeheightB=\dimen167
\@IEEEquantizeheightC=\dimen168
\@IEEEquantizeprevdepth=\dimen169
\@IEEEquantizemultiple=\count284
\@IEEEquantizeboxA=\box53
\@IEEEtmpitemindent=\dimen170
\IEEEPARstartletwidth=\dimen171
\c@IEEEbiography=\count285
\@IEEEtranrubishbin=\box54
) (C:\Users\adm\AppData\Local\Programs\MiKTeX\tex/xelatex/xecjk\xeCJK.sty
(C:\Users\adm\AppData\Local\Programs\MiKTeX\tex/latex/l3kernel\expl3.sty
Package: expl3 2025-12-24 L3 programming layer (loader) 

(C:\Users\adm\AppData\Local\Programs\MiKTeX\tex/latex/l3backend\l3backend-xetex
.def
File: l3backend-xetex.def 2025-10-09 L3 backend support: XeTeX
\g__graphics_track_int=\count286
\g__pdfannot_backend_int=\count287
\g__pdfannot_backend_link_int=\count288
))
Package: xeCJK 2022/08/05 v3.9.1 Typesetting CJK scripts with XeLaTeX
 (C:\Users\adm\AppData\Local\Programs\MiKTeX\tex/latex/ctex\ctexhook.sty
Package: ctexhook 2022/07/14 v2.5.10 Document and package hooks (CTEX)
)
(C:\Users\adm\AppData\Local\Programs\MiKTeX\tex/latex/l3packages/xtemplate\xtem
plate.sty
Package: xtemplate 2025-10-09 L3 Experimental prototype document functions
)
\l__xeCJK_tmp_int=\count289
\l__xeCJK_tmp_box=\box55
\l__xeCJK_tmp_dim=\dimen172
\l__xeCJK_tmp_skip=\skip52
\g__xeCJK_space_factor_int=\count290
\l__xeCJK_begin_int=\count291
\l__xeCJK_end_int=\count292
\c__xeCJK_CJK_class_int=\XeTeXcharclass1
\c__xeCJK_FullLeft_class_int=\XeTeXcharclass2
\c__xeCJK_FullRight_class_int=\XeTeXcharclass3
\c__xeCJK_HalfLeft_class_int=\XeTeXcharclass4
\c__xeCJK_HalfRight_class_int=\XeTeXcharclass5
\c__xeCJK_NormalSpace_class_int=\XeTeXcharclass6
\c__xeCJK_CM_class_int=\XeTeXcharclass7
\c__xeCJK_HangulJamo_class_int=\XeTeXcharclass8
\l__xeCJK_last_skip=\skip53
\c__xeCJK_none_node=\count293
\g__xeCJK_node_int=\count294
\c__xeCJK_CJK_node_dim=\dimen173
\c__xeCJK_CJK-space_node_dim=\dimen174
\c__xeCJK_default_node_dim=\dimen175
\c__xeCJK_CJK-widow_node_dim=\dimen176
\c__xeCJK_normalspace_node_dim=\dimen177
\c__xeCJK_default-space_node_skip=\skip54
\l__xeCJK_ccglue_skip=\skip55
\l__xeCJK_ecglue_skip=\skip56
\l__xeCJK_punct_kern_skip=\skip57
\l__xeCJK_indent_box=\box56
\l__xeCJK_last_penalty_int=\count295
\l__xeCJK_last_bound_dim=\dimen178
\l__xeCJK_last_kern_dim=\dimen179
\l__xeCJK_widow_penalty_int=\count296

LaTeX template Info: Declaring template type 'xeCJK/punctuation' taking 0
(template)           argument(s) on line 2396.

\l__xeCJK_fixed_punct_width_dim=\dimen180
\l__xeCJK_mixed_punct_width_dim=\dimen181
\l__xeCJK_middle_punct_width_dim=\dimen182
\l__xeCJK_fixed_margin_width_dim=\dimen183
\l__xeCJK_mixed_margin_width_dim=\dimen184
\l__xeCJK_middle_margin_width_dim=\dimen185
\l__xeCJK_bound_punct_width_dim=\dimen186
\l__xeCJK_bound_margin_width_dim=\dimen187
\l__xeCJK_margin_minimum_dim=\dimen188
\l__xeCJK_kerning_total_width_dim=\dimen189
\l__xeCJK_same_align_margin_dim=\dimen190
\l__xeCJK_different_align_margin_dim=\dimen191
\l__xeCJK_kerning_margin_width_dim=\dimen192
\l__xeCJK_kerning_margin_minimum_dim=\dimen193
\l__xeCJK_bound_dim=\dimen194
\l__xeCJK_reverse_bound_dim=\dimen195
\l__xeCJK_margin_dim=\dimen196
\l__xeCJK_minimum_bound_dim=\dimen197
\l__xeCJK_kerning_margin_dim=\dimen198
\g__xeCJK_family_int=\count297
\l__xeCJK_fam_int=\count298
\g__xeCJK_fam_allocation_int=\count299
\l__xeCJK_verb_case_int=\count300
\l__xeCJK_verb_exspace_skip=\skip58

(C:\Users\adm\AppData\Local\Programs\MiKTeX\tex/latex/fontspec\fontspec.sty
(C:\Users\adm\AppData\Local\Programs\MiKTeX\tex/latex/l3packages/xparse\xparse.
sty
Package: xparse 2025-10-09 L3 Experimental document command parser
)
Package: fontspec 2025/09/29 v2.9g Font selection for XeLaTeX and LuaLaTeX

(C:\Users\adm\AppData\Local\Programs\MiKTeX\tex/latex/fontspec\fontspec-xetex.s
ty
Package: fontspec-xetex 2025/09/29 v2.9g Font selection for XeLaTeX and LuaLaTe
X
\l__fontspec_script_int=\count301
\l__fontspec_language_int=\count302
\l__fontspec_strnum_int=\count303
\l__fontspec_tmp_int=\count304
\l__fontspec_tmpa_int=\count305
\l__fontspec_tmpb_int=\count306
\l__fontspec_tmpc_int=\count307
\l__fontspec_em_int=\count308
\l__fontspec_emdef_int=\count309
\l__fontspec_strong_int=\count310
\l__fontspec_strongdef_int=\count311
\l__fontspec_tmpa_dim=\dimen199
\l__fontspec_tmpb_dim=\dimen256
\l__fontspec_tmpc_dim=\dimen257
 (C:\Users\adm\AppData\Local\Programs\MiKTeX\tex/latex/base\fontenc.sty
Package: fontenc 2025/07/18 v2.1d Standard LaTeX package
)
(C:\Users\adm\AppData\Local\Programs\MiKTeX\tex/latex/fontspec\fontspec.cfg)))
(C:\Users\adm\AppData\Local\Programs\MiKTeX\tex/xelatex/xecjk\xeCJK.cfg
File: xeCJK.cfg 2022/08/05 v3.9.1 Configuration file for xeCJK package
))

Package fontspec Info: 
(fontspec)             Could not resolve font "Microsoft JhengHei/I" (it
(fontspec)             probably doesn't exist).


Package fontspec Info: 
(fontspec)             Font family 'MicrosoftJhengHei(0)' created for font
(fontspec)             'Microsoft JhengHei' with options [Script={CJK}].
(fontspec)              
(fontspec)              This font family consists of the following NFSS
(fontspec)             series/shapes:
(fontspec)              
(fontspec)             - 'normal' (m/n) with NFSS spec.: <->"Microsoft
(fontspec)             JhengHei/OT:script=hani;language=dflt;"
(fontspec)             - 'bold' (b/n) with NFSS spec.: <->"Microsoft
(fontspec)             JhengHei/B/OT:script=hani;language=dflt;"
(fontspec)             - 'bold italic' (b/it) with NFSS spec.: <->"Microsoft
(fontspec)             JhengHei/BI/OT:script=hani;language=dflt;"


(C:\Users\adm\AppData\Local\Programs\MiKTeX\tex/latex/amsmath\amsmath.sty
Package: amsmath 2025/07/09 v2.17z AMS math features
\@mathmargin=\skip59

For additional information on amsmath, use the `?' option.
(C:\Users\adm\AppData\Local\Programs\MiKTeX\tex/latex/amsmath\amstext.sty
Package: amstext 2024/11/17 v2.01 AMS text

(C:\Users\adm\AppData\Local\Programs\MiKTeX\tex/latex/amsmath\amsgen.sty
File: amsgen.sty 1999/11/30 v2.0 generic functions
\@emptytoks=\toks18
\ex@=\dimen258
))
(C:\Users\adm\AppData\Local\Programs\MiKTeX\tex/latex/amsmath\amsbsy.sty
Package: amsbsy 1999/11/29 v1.2d Bold Symbols
\pmbraise@=\dimen259
)
(C:\Users\adm\AppData\Local\Programs\MiKTeX\tex/latex/amsmath\amsopn.sty
Package: amsopn 2022/04/08 v2.04 operator names
)
\inf@bad=\count312
LaTeX Info: Redefining \frac on input line 233.
\uproot@=\count313
\leftroot@=\count314
LaTeX Info: Redefining \overline on input line 398.
LaTeX Info: Redefining \colon on input line 409.
\classnum@=\count315
\DOTSCASE@=\count316
LaTeX Info: Redefining \ldots on input line 495.
LaTeX Info: Redefining \dots on input line 498.
LaTeX Info: Redefining \cdots on input line 619.
\Mathstrutbox@=\box57
\strutbox@=\box58
LaTeX Info: Redefining \big on input line 721.
LaTeX Info: Redefining \Big on input line 722.
LaTeX Info: Redefining \bigg on input line 723.
LaTeX Info: Redefining \Bigg on input line 724.
\big@size=\dimen260
LaTeX Font Info:    Redeclaring font encoding OML on input line 742.
LaTeX Font Info:    Redeclaring font encoding OMS on input line 743.
\macc@depth=\count317
LaTeX Info: Redefining \bmod on input line 904.
LaTeX Info: Redefining \pmod on input line 909.
LaTeX Info: Redefining \smash on input line 939.
LaTeX Info: Redefining \relbar on input line 969.
LaTeX Info: Redefining \Relbar on input line 970.
\c@MaxMatrixCols=\count318
\dotsspace@=\muskip17
\c@parentequation=\count319
\dspbrk@lvl=\count320
\tag@help=\toks19
\row@=\count321
\column@=\count322
\maxfields@=\count323
\andhelp@=\toks20
\eqnshift@=\dimen261
\alignsep@=\dimen262
\tagshift@=\dimen263
\tagwidth@=\dimen264
\totwidth@=\dimen265
\lineht@=\dimen266
\@envbody=\toks21
\multlinegap=\skip60
\multlinetaggap=\skip61
\mathdisplay@stack=\toks22
LaTeX Info: Redefining \[ on input line 2950.
LaTeX Info: Redefining \] on input line 2951.
)
(C:\Users\adm\AppData\Local\Programs\MiKTeX\tex/latex/amsfonts\amsfonts.sty
Package: amsfonts 2013/01/14 v3.01 Basic AMSFonts support
\symAMSa=\mathgroup4
\symAMSb=\mathgroup5
LaTeX Font Info:    Redeclaring math symbol \hbar on input line 98.
LaTeX Font Info:    Overwriting math alphabet `\mathfrak' in version `bold'
(Font)                  U/euf/m/n --> U/euf/b/n on input line 106.
)
(C:\Users\adm\AppData\Local\Programs\MiKTeX\tex/latex/amsfonts\amssymb.sty
Package: amssymb 2013/01/14 v3.01 AMS font symbols
)
(C:\Users\adm\AppData\Local\Programs\MiKTeX\tex/latex/booktabs\booktabs.sty
Package: booktabs 2020/01/12 v1.61803398 Publication quality tables
\heavyrulewidth=\dimen267
\lightrulewidth=\dimen268
\cmidrulewidth=\dimen269
\belowrulesep=\dimen270
\belowbottomsep=\dimen271
\aboverulesep=\dimen272
\abovetopsep=\dimen273
\cmidrulesep=\dimen274
\cmidrulekern=\dimen275
\defaultaddspace=\dimen276
\@cmidla=\count324
\@cmidlb=\count325
\@aboverulesep=\dimen277
\@belowrulesep=\dimen278
\@thisruleclass=\count326
\@lastruleclass=\count327
\@thisrulewidth=\dimen279
)
(C:\Users\adm\AppData\Local\Programs\MiKTeX\tex/latex/graphics\graphicx.sty
Package: graphicx 2024/12/31 v1.2e Enhanced LaTeX Graphics (DPC,SPQR)

(C:\Users\adm\AppData\Local\Programs\MiKTeX\tex/latex/graphics\keyval.sty
Package: keyval 2022/05/29 v1.15 key=value parser (DPC)
\KV@toks@=\toks23
)
(C:\Users\adm\AppData\Local\Programs\MiKTeX\tex/latex/graphics\graphics.sty
Package: graphics 2024/08/06 v1.4g Standard LaTeX Graphics (DPC,SPQR)

(C:\Users\adm\AppData\Local\Programs\MiKTeX\tex/latex/graphics\trig.sty
Package: trig 2023/12/02 v1.11 sin cos tan (DPC)
)
(C:\Users\adm\AppData\Local\Programs\MiKTeX\tex/latex/graphics-cfg\graphics.cfg
File: graphics.cfg 2016/06/04 v1.11 sample graphics configuration
)
Package graphics Info: Driver file: xetex.def on input line 106.
 (C:\Users\adm\AppData\Local\Programs\MiKTeX\tex/latex/graphics-def\xetex.def
File: xetex.def 2025/11/01 v5.0p Graphics/color driver for xetex
))
\Gin@req@height=\dimen280
\Gin@req@width=\dimen281
) (C:\Users\adm\AppData\Local\Programs\MiKTeX\tex/latex/listings\listings.sty
\lst@mode=\count328
\lst@gtempboxa=\box59
\lst@token=\toks24
\lst@length=\count329
\lst@currlwidth=\dimen282
\lst@column=\count330
\lst@pos=\count331
\lst@lostspace=\dimen283
\lst@width=\dimen284
\lst@newlines=\count332
\lst@lineno=\count333
\lst@maxwidth=\dimen285

(C:\Users\adm\AppData\Local\Programs\MiKTeX\tex/latex/listings\lstpatch.sty
File: lstpatch.sty 2025/11/14 1.11b (Carsten Heinz)
)
(C:\Users\adm\AppData\Local\Programs\MiKTeX\tex/latex/listings\lstmisc.sty
File: lstmisc.sty 2025/11/14 1.11b (Carsten Heinz)
\c@lstnumber=\count334
\lst@skipnumbers=\count335
\lst@framebox=\box60
)
(C:\Users\adm\AppData\Local\Programs\MiKTeX\tex/latex/listings\listings.cfg
File: listings.cfg 2025/11/14 1.11b listings configuration
))
Package: listings 2025/11/14 1.11b (Carsten Heinz)

(C:\Users\adm\AppData\Local\Programs\MiKTeX\tex/xelatex/xecjk\xeCJK-listings.st
y
Package: xeCJK-listings 2022/08/05 v3.9.1 xeCJK patch file for listings
\l__xeCJK_listings_max_char_int=\count336
\l__xeCJK_listings_flag_int=\count337
)
==> First Aid for listings.sty no longer applied!
    Expected:
        2024/09/23 1.10c (Carsten Heinz)
    but found:
        2025/11/14 1.11b (Carsten Heinz)
    so I'm assuming it got fixed.
(C:\Users\adm\AppData\Local\Programs\MiKTeX\tex/latex/xcolor\xcolor.sty
Package: xcolor 2024/09/29 v3.02 LaTeX color extensions (UK)

(C:\Users\adm\AppData\Local\Programs\MiKTeX\tex/latex/graphics-cfg\color.cfg
File: color.cfg 2016/01/02 v1.6 sample color configuration
)
Package xcolor Info: Driver file: xetex.def on input line 274.

(C:\Users\adm\AppData\Local\Programs\MiKTeX\tex/latex/graphics\mathcolor.ltx)
Package xcolor Info: Model `cmy' substituted by `cmy0' on input line 1349.
Package xcolor Info: Model `RGB' extended on input line 1365.
Package xcolor Info: Model `HTML' substituted by `rgb' on input line 1367.
Package xcolor Info: Model `Hsb' substituted by `hsb' on input line 1368.
Package xcolor Info: Model `tHsb' substituted by `hsb' on input line 1369.
Package xcolor Info: Model `HSB' substituted by `hsb' on input line 1370.
Package xcolor Info: Model `Gray' substituted by `gray' on input line 1371.
Package xcolor Info: Model `wave' substituted by `hsb' on input line 1372.
)
(C:\Users\adm\AppData\Local\Programs\MiKTeX\tex/latex/tools\bm.sty
Package: bm 2025/10/21 v1.2g Bold Symbol Support (DPC/FMi)
\symboldoperators=\mathgroup6
\symboldletters=\mathgroup7
\symboldsymbols=\mathgroup8
Package bm Info: No bold for \OMX/cmex/m/n, using \pmb.
Package bm Info: No bold for \U/msa/m/n, using \pmb.
Package bm Info: No bold for \U/msb/m/n, using \pmb.
LaTeX Font Info:    Redeclaring math alphabet \mathbf on input line 149.
)
(C:\Users\adm\AppData\Local\Programs\MiKTeX\tex/latex/caption\subcaption.sty
Package: subcaption 2023/07/28 v1.6b Sub-captions (AR)

(C:\Users\adm\AppData\Local\Programs\MiKTeX\tex/latex/caption\caption.sty
Package: caption 2023/08/05 v3.6o Customizing captions (AR)

(C:\Users\adm\AppData\Local\Programs\MiKTeX\tex/latex/caption\caption3.sty
Package: caption3 2023/07/31 v2.4d caption3 kernel (AR)
\caption@tempdima=\dimen286
\captionmargin=\dimen287
\caption@leftmargin=\dimen288
\caption@rightmargin=\dimen289
\caption@width=\dimen290
\caption@indent=\dimen291
\caption@parindent=\dimen292
\caption@hangindent=\dimen293
Package caption Info: Unknown document class (or package),
(caption)             standard defaults will be used.
Package caption Info: \@makecaption = \long macro:#1#2->\ifx \@captype \@IEEEta
blestring \footnotesize \bgroup \par \centering \@IEEEtabletopskipstrut {\norma
lfont \footnotesize #1}\\{\normalfont \footnotesize \scshape #2}\par \addvspace
 {0.5\baselineskip }\egroup \@IEEEtablecaptionsepspace \else \@IEEEfigurecaptio
nsepspace \setbox \@tempboxa \hbox {\normalfont \footnotesize {#1.}\nobreakspac
e \nobreakspace #2}\ifdim \wd \@tempboxa >\hsize \setbox \@tempboxa \hbox {\nor
malfont \footnotesize {#1.}\nobreakspace \nobreakspace }\parbox [t]{\hsize }{\n
ormalfont \footnotesize \noindent \unhbox \@tempboxa #2}\else \ifCLASSOPTIONcon
ference \hbox to\hsize {\normalfont \footnotesize \hfil \box \@tempboxa \hfil }
\else \hbox to\hsize {\normalfont \footnotesize \box \@tempboxa \hfil }\fi \fi 
\fi  on input line 1175.
)

Package caption Warning: Unknown document class (or package),
(caption)                standard defaults will be used.
See the caption package documentation for explanation.

\c@caption@flags=\count338
\c@continuedfloat=\count339
Package caption Info: listings package is loaded.
)
Package caption Info: New subtype `subfigure' on input line 238.
\c@subfigure=\count340
Package caption Info: New subtype `subtable' on input line 238.
\c@subtable=\count341
) (main.aux)
\openout1 = `main.aux'.

LaTeX Font Info:    Checking defaults for OML/cmm/m/it on input line 44.
LaTeX Font Info:    ... okay on input line 44.
LaTeX Font Info:    Checking defaults for OMS/cmsy/m/n on input line 44.
LaTeX Font Info:    ... okay on input line 44.
LaTeX Font Info:    Checking defaults for OT1/cmr/m/n on input line 44.
LaTeX Font Info:    ... okay on input line 44.
LaTeX Font Info:    Checking defaults for T1/cmr/m/n on input line 44.
LaTeX Font Info:    ... okay on input line 44.
LaTeX Font Info:    Checking defaults for TS1/cmr/m/n on input line 44.
LaTeX Font Info:    ... okay on input line 44.
LaTeX Font Info:    Checking defaults for TU/lmr/m/n on input line 44.
LaTeX Font Info:    ... okay on input line 44.
LaTeX Font Info:    Checking defaults for OMX/cmex/m/n on input line 44.
LaTeX Font Info:    ... okay on input line 44.
LaTeX Font Info:    Checking defaults for U/cmr/m/n on input line 44.
LaTeX Font Info:    ... okay on input line 44.

-- Lines per column: 52 (exact).

Package fontspec Info: 
(fontspec)             Adjusting the maths setup (use [no-math] to avoid
(fontspec)             this).

\symlegacymaths=\mathgroup9
LaTeX Font Info:    Overwriting symbol font `legacymaths' in version `bold'
(Font)                  OT1/cmr/m/n --> OT1/cmr/bx/n on input line 44.
LaTeX Font Info:    Redeclaring math accent \acute on input line 44.
LaTeX Font Info:    Redeclaring math accent \grave on input line 44.
LaTeX Font Info:    Redeclaring math accent \ddot on input line 44.
LaTeX Font Info:    Redeclaring math accent \tilde on input line 44.
LaTeX Font Info:    Redeclaring math accent \bar on input line 44.
LaTeX Font Info:    Redeclaring math accent \breve on input line 44.
LaTeX Font Info:    Redeclaring math accent \check on input line 44.
LaTeX Font Info:    Redeclaring math accent \hat on input line 44.
LaTeX Font Info:    Redeclaring math accent \dot on input line 44.
LaTeX Font Info:    Redeclaring math accent \mathring on input line 44.
LaTeX Font Info:    Redeclaring math symbol \Gamma on input line 44.
LaTeX Font Info:    Redeclaring math symbol \Delta on input line 44.
LaTeX Font Info:    Redeclaring math symbol \Theta on input line 44.
LaTeX Font Info:    Redeclaring math symbol \Lambda on input line 44.
LaTeX Font Info:    Redeclaring math symbol \Xi on input line 44.
LaTeX Font Info:    Redeclaring math symbol \Pi on input line 44.
LaTeX Font Info:    Redeclaring math symbol \Sigma on input line 44.
LaTeX Font Info:    Redeclaring math symbol \Upsilon on input line 44.
LaTeX Font Info:    Redeclaring math symbol \Phi on input line 44.
LaTeX Font Info:    Redeclaring math symbol \Psi on input line 44.
LaTeX Font Info:    Redeclaring math symbol \Omega on input line 44.
LaTeX Font Info:    Redeclaring math symbol \mathdollar on input line 44.
LaTeX Font Info:    Redeclaring symbol font `operators' on input line 44.
LaTeX Font Info:    Encoding `OT1' has changed to `TU' for symbol font
(Font)              `operators' in the math version `normal' on input line 44.
LaTeX Font Info:    Overwriting symbol font `operators' in version `normal'
(Font)                  OT1/cmr/m/n --> TU/lmr/m/n on input line 44.
LaTeX Font Info:    Encoding `OT1' has changed to `TU' for symbol font
(Font)              `operators' in the math version `bold' on input line 44.
LaTeX Font Info:    Overwriting symbol font `operators' in version `bold'
(Font)                  OT1/cmr/bx/n --> TU/lmr/m/n on input line 44.
LaTeX Font Info:    Overwriting symbol font `operators' in version `normal'
(Font)                  TU/lmr/m/n --> TU/lmr/m/n on input line 44.
LaTeX Font Info:    Overwriting math alphabet `\mathit' in version `normal'
(Font)                  OT1/cmr/m/it --> TU/lmr/m/it on input line 44.
LaTeX Font Info:    Overwriting math alphabet `\mathbf' in version `normal'
(Font)                  OT1/cmr/bx/n --> TU/lmr/b/n on input line 44.
LaTeX Font Info:    Overwriting math alphabet `\mathsf' in version `normal'
(Font)                  OT1/cmss/m/n --> TU/lmss/m/n on input line 44.
LaTeX Font Info:    Overwriting math alphabet `\mathtt' in version `normal'
(Font)                  OT1/cmtt/m/n --> TU/lmtt/m/n on input line 44.
LaTeX Font Info:    Overwriting symbol font `operators' in version `bold'
(Font)                  TU/lmr/m/n --> TU/lmr/b/n on input line 44.
LaTeX Font Info:    Overwriting math alphabet `\mathit' in version `bold'
(Font)                  OT1/cmr/bx/it --> TU/lmr/b/it on input line 44.
LaTeX Font Info:    Overwriting math alphabet `\mathsf' in version `bold'
(Font)                  OT1/cmss/bx/n --> TU/lmss/b/n on input line 44.
LaTeX Font Info:    Overwriting math alphabet `\mathtt' in version `bold'
(Font)                  OT1/cmtt/m/n --> TU/lmtt/b/n on input line 44.
\c@lstlisting=\count342
Package caption Info: Begin \AtBeginDocument code.
Package caption Info: End \AtBeginDocument code.
(sec_mass_matrix.tex

LaTeX Font Warning: Font shape `TU/MicrosoftJhengHei(0)/m/sc' undefined
(Font)              using `TU/MicrosoftJhengHei(0)/m/n' instead on input line 1
.

LaTeX Font Info:    Calculating math sizes for size <11> on input line 3.
LaTeX Font Info:    Trying to load font information for U+msa on input line 3.
(C:\Users\adm\AppData\Local\Programs\MiKTeX\tex/latex/amsfonts\umsa.fd
File: umsa.fd 2013/01/14 v3.01 AMS symbols A
)
LaTeX Font Info:    Trying to load font information for U+msb on input line 3.

(C:\Users\adm\AppData\Local\Programs\MiKTeX\tex/latex/amsfonts\umsb.fd
File: umsb.fd 2013/01/14 v3.01 AMS symbols B
)

LaTeX Font Warning: Font shape `TU/MicrosoftJhengHei(0)/m/it' undefined
(Font)              using `TU/MicrosoftJhengHei(0)/m/n' instead on input line 9
.


Package xeCJK Warning: Unknown CJK family `\CJKttdefault' is being ignored.
(xeCJK)                
(xeCJK)                Try to use `\setCJKmonofont[<...>]{<...>}' to define
(xeCJK)                it.

Missing character: There is no ∫ in font [lmmono12-regular]:!
Missing character: There is no ρ in font [lmmono12-regular]:!

Overfull \hbox (2.88438pt too wide) in paragraph at lines 13--15
\TU/MicrosoftJhengHei(0)/m/n/11 其 中 $\OML/cmm/m/it/10.95 ^^Z$ \TU/MicrosoftJhen
gHei(0)/m/n/11 為 材 料 密 度，| $\OML/cmm/m/it/10.95 h$ \TU/MicrosoftJhengHei(0)/m/n
/11 為 板 厚 度，| $\OML/cmm/m/it/10.95 N[]; N[]$ \TU/MicrosoftJhengHei(0)/m/n/11 為 
\TU/lmr/m/n/11 Q4 \TU/MicrosoftJhengHei(0)/m/n/11 四 節 點 等 參 單 元 的 形 函 數。|  在 自 
編 核 心 模 組 \TU/lmtt/m/n/11 thick_plate.jl
 []

Missing character: There is no ∫ in font [lmmono10-regular]:!
Missing character: There is no ρ in font [lmmono10-regular]:!
Missing character: There is no 𝓒 in font [lmmono10-regular]:!
Missing character: There is no 𝓒 in font [lmmono10-regular]:!
Missing character: There is no 𝓖 in font [lmmono10-regular]:!
Missing character: There is no 𝓖 in font [lmmono10-regular]:!
Missing character: There is no ρ in font [lmmono10-regular]:!
Missing character: There is no ρ in font [lmmono10-regular]:!
Missing character: There is no ξ in font [lmmono10-regular]:!
Missing character: There is no 𝓖 in font [lmmono10-regular]:!
Missing character: There is no ξ in font [lmmono10-regular]:!
Missing character: There is no 𝝭 in font [lmmono10-regular]:!
Missing character: There is no 𝑤 in font [lmmono10-regular]:!
Missing character: There is no ξ in font [lmmono10-regular]:!
Missing character: There is no 𝑤 in font [lmmono10-regular]:!
Missing character: There is no ᵢ in font [lmmono10-regular]:!
Missing character: There is no 𝓒 in font [lmmono10-regular]:!
Missing character: There is no ᵢ in font [lmmono10-regular]:!
Missing character: There is no 𝐼 in font [lmmono10-regular]:!
Missing character: There is no ⱼ in font [lmmono10-regular]:!
Missing character: There is no 𝓒 in font [lmmono10-regular]:!
Missing character: There is no ⱼ in font [lmmono10-regular]:!
Missing character: There is no 𝐼 in font [lmmono10-regular]:!
Missing character: There is no ρ in font [lmmono10-regular]:!
Missing character: There is no 𝑤 in font [lmmono10-regular]:!
Missing character: There is no ∫ in font [lmmono12-regular]:!
Missing character: There is no ρ in font [lmmono12-regular]:!
Missing character: There is no ∫ in font [lmmono12-regular]:!
Missing character: There is no ρ in font [lmmono12-regular]:!
Missing character: There is no ∫ in font [lmmono12-regular]:!
Missing character: There is no ρ in font [lmmono12-regular]:!
Missing character: There is no φ in font [lmmono12-regular]:!
Missing character: There is no φ in font [lmmono12-regular]:!
Missing character: There is no ∫ in font [lmmono10-regular]:!
Missing character: There is no ρ in font [lmmono10-regular]:!
Missing character: There is no φ in font [lmmono10-regular]:!
Missing character: There is no φ in font [lmmono10-regular]:!
Missing character: There is no 𝓒 in font [lmmono10-regular]:!
Missing character: There is no 𝓒 in font [lmmono10-regular]:!
Missing character: There is no 𝓖 in font [lmmono10-regular]:!
Missing character: There is no 𝓖 in font [lmmono10-regular]:!
[1]
Missing character: There is no ρ in font [lmmono10-regular]:!
Missing character: There is no ρ in font [lmmono10-regular]:!
Missing character: There is no ξ in font [lmmono10-regular]:!
Missing character: There is no 𝓖 in font [lmmono10-regular]:!
Missing character: There is no ξ in font [lmmono10-regular]:!
Missing character: There is no 𝝭 in font [lmmono10-regular]:!
Missing character: There is no 𝑤 in font [lmmono10-regular]:!
Missing character: There is no ξ in font [lmmono10-regular]:!
Missing character: There is no 𝑤 in font [lmmono10-regular]:!
Missing character: There is no ᵢ in font [lmmono10-regular]:!
Missing character: There is no 𝓒 in font [lmmono10-regular]:!
Missing character: There is no ᵢ in font [lmmono10-regular]:!
Missing character: There is no 𝐼 in font [lmmono10-regular]:!
Missing character: There is no ⱼ in font [lmmono10-regular]:!
Missing character: There is no 𝓒 in font [lmmono10-regular]:!
Missing character: There is no ⱼ in font [lmmono10-regular]:!
Missing character: There is no 𝐼 in font [lmmono10-regular]:!
Missing character: There is no ρ in font [lmmono10-regular]:!
Missing character: There is no 𝑤 in font [lmmono10-regular]:!
Missing character: There is no ∫ in font [lmmono12-regular]:!
Missing character: There is no ρ in font [lmmono12-regular]:!
Missing character: There is no φ in font [lmmono12-regular]:!
Missing character: There is no φ in font [lmmono12-regular]:!
Missing character: There is no ∫ in font [lmmono12-regular]:!
Missing character: There is no ρ in font [lmmono12-regular]:!
Missing character: There is no φ in font [lmmono12-regular]:!
Missing character: There is no φ in font [lmmono12-regular]:!
Missing character: There is no ʷ in font [lmmono12-regular]:!
Missing character: There is no ʷ in font [lmmono12-regular]:!
Missing character: There is no ᵠ in font [lmmono12-regular]:!
Missing character: There is no ᵠ in font [lmmono12-regular]:!
Missing character: There is no ∫ in font [lmmono10-regular]:!
Missing character: There is no ρ in font [lmmono10-regular]:!
Missing character: There is no ʷ in font [lmmono10-regular]:!
Missing character: There is no ʷ in font [lmmono10-regular]:!
Missing character: There is no ∫ in font [lmmono10-regular]:!
Missing character: There is no ρ in font [lmmono10-regular]:!
Missing character: There is no φ in font [lmmono10-regular]:!
Missing character: There is no φ in font [lmmono10-regular]:!
Missing character: There is no ᵠ in font [lmmono10-regular]:!
Missing character: There is no ᵠ in font [lmmono10-regular]:!
Missing character: There is no ᵠ in font [lmmono10-regular]:!
Missing character: There is no ᵠ in font [lmmono10-regular]:!
Missing character: There is no ᵠ in font [lmmono10-regular]:!
Missing character: There is no ʷ in font [lmmono10-regular]:!
Missing character: There is no ʷ in font [lmmono10-regular]:!
Missing character: There is no ᵠ in font [lmmono10-regular]:!
Missing character: There is no ʷ in font [lmmono10-regular]:!
Missing character: There is no ʷ in font [lmmono10-regular]:!
) (sec_mac_analysis.tex [2]) (sec_patch_test.tex [3])
(sec_vibration_results.tex

LaTeX Warning: `h' float specifier changed to `ht'.

) (sec_mode_shapes_visualization.tex
File: D:/Joker/Timoshenko/fig/2D_ssss/2d4s_vi_q4_ex/output_grid/17x17_ex_w1_9_g
rid.png Graphic file (type bmp)
<D:/Joker/Timoshenko/fig/2D_ssss/2d4s_vi_q4_ex/output_grid/17x17_ex_w1_9_grid.p
ng>
File: D:/Joker/Timoshenko/fig/2D_ssss/2d4s_vi_q4_ex/output_grid/17x17_FEM_w1_9_
grid.png Graphic file (type bmp)
<D:/Joker/Timoshenko/fig/2D_ssss/2d4s_vi_q4_ex/output_grid/17x17_FEM_w1_9_grid.
png>
File: D:/Joker/Timoshenko/fig/2D_ssss/2d4s_vi_q4_ex/output_grid/17x17_ex_w10_15
_grid.png Graphic file (type bmp)
<D:/Joker/Timoshenko/fig/2D_ssss/2d4s_vi_q4_ex/output_grid/17x17_ex_w10_15_grid
.png>
File: D:/Joker/Timoshenko/fig/2D_ssss/2d4s_vi_q4_ex/output_grid/17x17_FEM_w10_1
5_grid.png Graphic file (type bmp)
<D:/Joker/Timoshenko/fig/2D_ssss/2d4s_vi_q4_ex/output_grid/17x17_FEM_w10_15_gri
d.png>
File: D:/Joker/Timoshenko/fig/2D_ssss/2d4s_vi_q4_ex/17x17_FEM_colorbar.png Grap
hic file (type bmp)
<D:/Joker/Timoshenko/fig/2D_ssss/2d4s_vi_q4_ex/17x17_FEM_colorbar.png>
) [4] [5] [6] (main.aux)
 ***********
LaTeX2e <2025-11-01>
L3 programming layer <2022/08/05>
 ***********


LaTeX Font Warning: Some font shapes were not available, defaults substituted.

 ) 
Here is how much of TeX's memory you used:
 10676 strings out of 402987
 252377 string characters out of 5448938
 943158 words of memory out of 5000000
 39207 multiletter control sequences out of 15000+600000
 641012 words of font info for 146 fonts, out of 8000000 for 9000
 1348 hyphenation exceptions out of 8191
 74i,10n,92p,408b,1618s stack positions out of 10000i,1000n,20000p,200000b,200000s

Output written on main.pdf (6 pages).
